04-28 02:36:50.898  1265  1265 D SensorFeature: write 37 bytes:78427501073528,78427517740195,40197,0
04-28 02:36:50.948  1578  2016 D ULogGuard: Monitoring: 15 threads, 0 requests, 0 time-bombs; 1 guards. ResetFlags = 0x7
04-28 02:36:51.127  1221  1477 I OriginChannel: now system_time:78427748	pwm_rgb: system_time:78427483, lux:13, time_delta:16, pwm_turbo:1, bri:1364, r:862, g:457, b:376, c:1765, algo:2, end:40196, ts:78427224541822	pwm_rgb: system_time:78427483, lux:13, time_delta:16, pwm_turbo:1, bri:1364, r:871, g:457, b:370, c:1768, algo:2, end:40196, ts:78427241207822	pwm_rgb: system_time:78427483, lux:13, time_delta:16, pwm_turbo:1, bri:1364, r:871, g:457, b:370, c:1771, algo:2, end:40196, ts:78427257873822	pwm_rgb: system_time:78427483, lux:13, time_delta:16, pwm_turbo:1, bri:1364, r:868, g:457, b:373, c:1777, algo:2, end:40196, ts:78427274539822	pwm_rgb: system_time:78427483, lux:13, time_delta:16, pwm_turbo:1, bri:1364, r:880, g:471, b:385, c:1771, algo:2, end:105732, ts:78427291205822	
04-28 02:36:51.140  1212 23609 D CwbService: normal mode or switch to doze from power off/doze suspend mode, mPowerMode = 2
04-28 02:36:51.141  1265  1265 D SensorFeature: name=ssc_screenshot_info ,index = 22
04-28 02:36:51.142  1265  1265 D SensorFeature: write 37 bytes:78427744313913,78427760980580,40198,0
04-28 02:36:51.200  2021  2383 V AlarmManager: sending alarm Alarm{573be5 type 1 origWhen 1777324011199 whenElapsed 78427820 android} uid 1000 whenElapsed 78427820 windowLength 0 maxWhenElapsed 78427820 repeatInterval 0 action null component null tag StorgaeBandInfoAlarmTag flags 0x9 procName system_server
04-28 02:36:51.201  2021  7188 E OplusStorageUFSBandwidth: storage_io_metrics_path is /proc/oplus_storage/io_metrics/forever/
04-28 02:36:51.205  2021  7188 E OplusStorageUFSBandwidth: Bandwidth - Read: 0.00 MB/s, Write: 0.00 MB/s
04-28 02:36:51.205  2021  7188 E OplusStorageUFSBandwidth: Task time: 4ms
04-28 02:36:51.210  2021  7188 E OplusStorageUFSBandwidth: Alarm set to trigger in 10 seconds
04-28 02:36:51.249  2021  3328 W OPLUS_LOG_LOAD: ==LOGS PROG INFO, prog(system_server) ==
04-28 02:36:51.249  2021  3328 W ActivityManager: Unable to start service Intent { xflg=0x4 cmp=com.puzzle.prankster.brain/Il1LlLiIlI1L.i1l1I1ili1li mCallingUid=10591 } U=0: not found
04-28 02:36:51.293  1241  1272 I libPerfCtl: xgfGetFPS pid:2690 fps:-1
04-28 02:36:51.306  2021  3182 I OplusHansManager : uid=10643, pkg=com.ajinkya.mobileaction cannot transition from R to M, importance=audioFocus
04-28 02:36:51.383  1212 23609 D CwbService: normal mode or switch to doze from power off/doze suspend mode, mPowerMode = 2
04-28 02:36:51.385  1265  1265 D SensorFeature: name=ssc_screenshot_info ,index = 22
04-28 02:36:51.386  1265  1265 D SensorFeature: write 37 bytes:78427987739451,78428004406118,40199,0
04-28 02:36:51.391  1221  1477 I OriginChannel: now system_time:78428012	pwm_rgb: system_time:78427748, lux:13, time_delta:16, pwm_turbo:1, bri:1364, r:865, g:460, b:376, c:1768, algo:2, end:40197, ts:78427488640996	pwm_rgb: system_time:78427748, lux:13, time_delta:16, pwm_turbo:1, bri:1364, r:871, g:454, b:367, c:1768, algo:2, end:40197, ts:78427505306996	pwm_rgb: system_time:78427748, lux:13, time_delta:16, pwm_turbo:1, bri:1364, r:868, g:462, b:373, c:1774, algo:2, end:40197, ts:78427521972996	pwm_rgb: system_time:78427748, lux:13, time_delta:16, pwm_turbo:1, bri:1364, r:871, g:454, b:376, c:1771, algo:2, end:40197, ts:78427538638996	pwm_rgb: system_time:78427748, lux:13, time_delta:16, pwm_turbo:1, bri:1364, r:889, g:473, b:385, c:1786, algo:2, end:105733, ts:78427555304996	
04-28 02:36:51.392  2021  2373 D FusionLightNextGen: process end reported = 1, mode: 1, cnt: 154620, lux 0.0, cct -1.0, r/g/b/c: 868.0/457.0/379.0/1768.0, R/G/B: 101.0/101.0/98.0, bri 1364.0, match 0.61, ir 0.000000, conf 0.0, ts 78427819403765
04-28 02:36:51.516  2881  8871 D JsBridgeTimer: com.alarmclock.quick setIntervalCallback id:8
04-28 02:36:51.628  1212 23609 D CwbService: normal mode or switch to doze from power off/doze suspend mode, mPowerMode = 2
04-28 02:36:51.629  1265  1265 D SensorFeature: name=ssc_screenshot_info ,index = 22
04-28 02:36:51.629  1265  1265 D SensorFeature: write 37 bytes:78428232108913,78428248775580,40200,0
04-28 02:36:51.655  1221  1477 I OriginChannel: now system_time:78428276	pwm_rgb: system_time:78428012, lux:13, time_delta:16, pwm_turbo:1, bri:1364, r:868, g:457, b:379, c:1768, algo:2, end:40198, ts:78427752739765	pwm_rgb: system_time:78428012, lux:13, time_delta:16, pwm_turbo:1, bri:1364, r:868, g:457, b:367, c:1768, algo:2, end:40198, ts:78427769405765	pwm_rgb: system_time:78428012, lux:13, time_delta:16, pwm_turbo:1, bri:1364, r:871, g:457, b:376, c:1774, algo:2, end:40198, ts:78427786071765	pwm_rgb: system_time:78428012, lux:13, time_delta:16, pwm_turbo:1, bri:1364, r:874, g:454, b:373, c:1774, algo:2, end:40198, ts:78427802737765	pwm_rgb: system_time:78428012, lux:13, time_delta:16, pwm_turbo:1, bri:1364, r:877, g:471, b:385, c:1777, algo:2, end:105734, ts:78427819403765	
04-28 02:36:51.830  2021  2345 I OplusCpuLimitManager: OplusCpuHighLoad: request instant cpu load
04-28 02:36:51.831  2021  2345 E OsenseCommonUtils: write /dev/memcg/memory.force_shrink_file failed
04-28 02:36:51.831  2021  2345 E OsenseCommonUtils: java.io.IOException: write failed: EBUSY (Device or resource busy)
04-28 02:36:51.831  2021  2345 E OsenseCommonUtils: 	at libcore.io.IoBridge.write(IoBridge.java:651)
04-28 02:36:51.831  2021  2345 E OsenseCommonUtils: 	at java.io.FileOutputStream.write(FileOutputStream.java:436)
04-28 02:36:51.831  2021  2345 E OsenseCommonUtils: 	at sun.nio.cs.StreamEncoder.writeBytes(StreamEncoder.java:233)
04-28 02:36:51.831  2021  2345 E OsenseCommonUtils: 	at sun.nio.cs.StreamEncoder.implFlushBuffer(StreamEncoder.java:309)
04-28 02:36:51.831  2021  2345 E OsenseCommonUtils: 	at sun.nio.cs.StreamEncoder.implFlush(StreamEncoder.java:313)
04-28 02:36:51.831  2021  2345 E OsenseCommonUtils: 	at sun.nio.cs.StreamEncoder.flush(StreamEncoder.java:153)
04-28 02:36:51.831  2021  2345 E OsenseCommonUtils: 	at java.io.OutputStreamWriter.flush(OutputStreamWriter.java:248)
04-28 02:36:51.831  2021  2345 E OsenseCommonUtils: 	at com.android.server.oplus.osense.utils.OsenseCommonUtils.writeFile(OsenseCommonUtils.java:154)
04-28 02:36:51.831  2021  2345 E OsenseCommonUtils: 	at com.android.server.am.OplusOsenseCompressAction.doGlobalShrink(OplusOsenseCompressAction.java:1887)
04-28 02:36:51.831  2021  2345 E OsenseCommonUtils: 	at com.android.server.am.OplusOsenseCompressAction.-$$Nest$mdoGlobalShrink(Unknown Source:0)
04-28 02:36:51.831  2021  2345 E OsenseCommonUtils: 	at com.android.server.am.OplusOsenseCompressAction$CompressHandler.handleMessage(OplusOsenseCompressAction.java:1335)
04-28 02:36:51.831  2021  2345 E OsenseCommonUtils: 	at android.os.Handler.dispatchMessage(Handler.java:115)
04-28 02:36:51.831  2021  2345 E OsenseCommonUtils: 	at android.os.Looper.loopOnce(Looper.java:302)
04-28 02:36:51.831  2021  2345 E OsenseCommonUtils: 	at android.os.Looper.loop(Looper.java:412)
04-28 02:36:51.831  2021  2345 E OsenseCommonUtils: 	at android.os.HandlerThread.run(HandlerThread.java:85)
04-28 02:36:51.831  2021  2345 E OsenseCommonUtils: Caused by: android.system.ErrnoException: write failed: EBUSY (Device or resource busy)
04-28 02:36:51.831  2021  2345 E OsenseCommonUtils: 	at libcore.io.Linux.writeBytes(Native Method)
04-28 02:36:51.831  2021  2345 E OsenseCommonUtils: 	at libcore.io.Linux.write(Linux.java:338)
04-28 02:36:51.831  2021  2345 E OsenseCommonUtils: 	at libcore.io.ForwardingOs.write(ForwardingOs.java:954)
04-28 02:36:51.831  2021  2345 E OsenseCommonUtils: 	at libcore.io.BlockGuardOs.write(BlockGuardOs.java:448)
04-28 02:36:51.831  2021  2345 E OsenseCommonUtils: 	at libcore.io.IoBridge.write(IoBridge.java:646)
04-28 02:36:51.831  2021  2345 E OsenseCommonUtils: 	... 14 more
04-28 02:36:51.831  2021  2345 I OplusCpuLimitManager: OplusCpuHighLoad: release instant cpu load
04-28 02:36:51.872  1212 23609 D CwbService: normal mode or switch to doze from power off/doze suspend mode, mPowerMode = 2
04-28 02:36:51.873  1265  1265 D SensorFeature: name=ssc_screenshot_info ,index = 22
04-28 02:36:51.873  1265  1265 D SensorFeature: write 37 bytes:78428476065528,78428492732195,40201,0
04-28 02:36:51.919  1221  1477 I OriginChannel: now system_time:78428539	pwm_rgb: system_time:78428276, lux:13, time_delta:16, pwm_turbo:1, bri:1364, r:871, g:457, b:373, c:1768, algo:2, end:40200, ts:78428166833144	pwm_rgb: system_time:78428276, lux:13, time_delta:16, pwm_turbo:1, bri:1364, r:871, g:460, b:367, c:1771, algo:2, end:40200, ts:78428183499144	pwm_rgb: system_time:78428276, lux:13, time_delta:16, pwm_turbo:1, bri:1364, r:871, g:454, b:382, c:1771, algo:2, end:40200, ts:78428200165144	pwm_rgb: system_time:78428276, lux:13, time_delta:16, pwm_turbo:1, bri:1364, r:889, g:468, b:385, c:1789, algo:2, end:40200, ts:78428216831144	pwm_rgb: system_time:78428276, lux:13, time_delta:16, pwm_turbo:1, bri:1364, r:865, g:462, b:370, c:1777, algo:2, end:105736, ts:78428233497144	
04-28 02:36:52.023  2021  3185 I OplusHansManager : unfreeze uid: 10629 com.instagram.android pids: [25137] reason: W_AsyncBinder scene: LcdOn
04-28 02:36:52.025  2021  4034 I OStatsManager_OplusBatteryStatsManager: updateStateTime: PkgName = com.instagram.android, uid = 10629, state to bg, mForegroundCnt = 0, isFg = false
04-28 02:36:52.025  2021  3182 I OplusHansManager : uid=10629, pkg=com.instagram.android F exit(), F stay=9, reason=W_AsyncBinder, FrozenActionKeepProxy=false
04-28 02:36:52.027  2021  3189 I OplusHansManager : up_BC uid=10629 pkg=com.instagram.android
04-28 02:36:52.028  2021  3189 I OplusBinderProxy: un_pb uid: 10629 pid: 25137 rst: true , Desc: com.android.internal.telephony.IPhoneStateListener/10
04-28 02:36:52.028  2021  2451 D InetDiagMessage: Destroyed 2 sockets, proto=IPPROTO_TCP, family=AF_INET, states=14
04-28 02:36:52.028  2021  3189 I OplusBinderProxy: un_pb uid: 10629 pid: 25137 rst: true , Desc: com.android.internal.telephony.IPhoneStateListener/10
04-28 02:36:52.029  2021  3189 I OplusBinderProxy: un_pb uid: 10629 pid: 25137 rst: true , Desc: android.app.IApplicationThread/42
04-28 02:36:52.029  2021  3189 I OplusBinderProxy: proxyBinder uid: 10629 pkg: com.instagram.android proxy: false calling: OFreezer
04-28 02:36:52.031  2021  2451 D InetDiagMessage: Destroyed 1 sockets, proto=IPPROTO_TCP, family=AF_INET6, states=14
04-28 02:36:52.031  2021  2451 D InetDiagMessage: Destroyed live tcp sockets for uids={10629} in 9ms
04-28 02:36:52.032 25137 26308 E msys    : E[N MQTT]readErr(151)=>TCPStreamTransport readErr
04-28 02:36:52.032 25137 26308 E msys    : E[N MQTT]onReadError(657)=>Read Error: AsyncSocketException: recv() failed (peer=57.144.42.144:443), type = Internal error, errno = 103 (Software caused connection abort)
04-28 02:36:52.034  2021  2451 D InetDiagMessage: Destroyed 0 sockets, proto=IPPROTO_TCP, family=AF_INET, states=14
04-28 02:36:52.035 25137 24074 E msys    : E[N mccw.liger]onReadError(732)=>read/error - ex: AsyncSocketException: recv() failed (peer=57.144.242.36:5222), type = Internal error, errno = 103 (Software caused connection abort), errno: 103
04-28 02:36:52.037  2021  2451 D InetDiagMessage: Destroyed 0 sockets, proto=IPPROTO_TCP, family=AF_INET6, states=14
04-28 02:36:52.038  2021  2451 D InetDiagMessage: Destroyed live tcp sockets for uids={20629} in 6ms
04-28 02:36:52.040 25137 25334 D AudioManagerExtImpl: getStreamVolume normal, volume index=30
04-28 02:36:52.040  2021  3328 D ConnectivityService: Returning BLOCKED NetworkInfo to uid=10629
04-28 02:36:52.044 25137 25533 W RealtimeClientManager: Channel state: MqttChannelState{mConnectionState=DISCONNECTED, mDisconnectionReason=null, mLastConnectionMs=78410287, mLastDisconnectMs=78428664}
04-28 02:36:52.065 25137 25533 W RealtimeClientManager: Channel state: MqttChannelState{mConnectionState=CONNECTING, mDisconnectionReason=null, mLastConnectionMs=78410287, mLastDisconnectMs=78428664}
04-28 02:36:52.069 25137 25635 E msys    : E[N WA]_WCCXMPPStreamDisconnectHandler(340)=>xmpp/disconnect - WCIStreamStateErrorCode: 2, domain: WCIStreamState, subdomain: MCCWLigerStream: Error Domain=WCIStreamState Code=2 UserInfo=0xb400007477471fc0 {MCFErrorDirectUnderlyingErrorKey=0xb4000074794dbe50 "Error Domain=MCCWLigerStream Code=2 UserInfo=0xb4000074f44f4300 {MCFErrorDirectLocalizedFailureReasonKey=AsyncSocketException: recv() failed (peer=57.144.242.36:5222), type = Internal error, errno = 103 (Software caused connection abort)}"}
04-28 02:36:52.069 25137 25635 E msys    : E[N WCCConnectionMEM]_WCCConnectionMEMLifecycleEventHandler(2237)=>[INFO] connection/xmpp/lifecycle_event/not-connected, [18.1844s]
04-28 02:36:52.070 25137 25635 E msys    : E[N WA]_WCCXMPPStreamDoDisconnect(1307)=>xmpp/disconnect - flags: 256
04-28 02:36:52.070 25137 25635 E msys    : E[N WCCConnectionMEM]_WCCConnectionMEMDisconnectHandler(2348)=>connection/disconnected, peer reset
04-28 02:36:52.070 25137 25635 E msys    : E[N WCCConnectionMEM]_WCCConnectionMEMEmitStateChange(3250)=>[INFO] connection/new_state/not-connected [connection_id=303251238, wcc_source=1, wcc_reason=18]
04-28 02:36:52.072 25137 25635 E msys    : E[C MEMConnectionManager]_MEMConnectionManagerStateChangeHandler(595)=>[Critical] MEMConnectionState updated to ID: 0 with connectionId: 303251238
04-28 02:36:52.073 25137 25635 E msys    : E[C 1]_MCCLogErrorInternal(330)=>8/374/3970/65536
04-28 02:36:52.074 25137 25635 E msys    : E[C 1]_MCCLogErrorInternal(330)=>8/374/3972/18
04-28 02:36:52.075 25137 25635 E msys    : E[C mem.context]_LogConnectFailure(4788)=>Establishing connection failure reason and flags: disconnect/Doze/-1/reason/18/flags/65536/[-, -, -, -, -, -, -, -, -, peer_reset, -, -, -, -]
04-28 02:36:52.075 25137 25635 E msys    : E[C mem.context]_LogConnectFailure(4820)=>[Happy Eyeball] Connect failed with source=1, winner stream ip=57.144.242.36, port=5222, dnsResolutionMethod=1, combined_ip_addresses=2a03:2880:f379:24:face:b00c:0:6e2e, 57.144.242.36
04-28 02:36:52.076  3163  3594 D DnsDomainBlock: onDnsEvent: latencyMs=0, returnCode=4, uid=10629
04-28 02:36:52.077 25137 26308 E msys    : E[N MQTT]onOSNetworkDisconnected(740)=>LigerBasedStreamTransport onOSNetworkDisconnected
04-28 02:36:52.079 25137 25635 E msys    : E[N WCCConnectionMEM]_WCCConnectionMEMEmitStateChange(3250)=>[INFO] connection/new_state/connecting [connection_id=303251239, wcc_source=1, wcc_reason=18]
04-28 02:36:52.079 25137 25635 E msys    : E[C MEMConnectionManager]_MEMConnectionManagerStateChangeHandler(595)=>[Critical] MEMConnectionState updated to ID: 1 with connectionId: 303251239
04-28 02:36:52.088 25137 25533 W RealtimeClientManager: Channel state: MqttChannelState{mConnectionState=DISCONNECTED, mDisconnectionReason=null, mLastConnectionMs=78410287, mLastDisconnectMs=78428708}
04-28 02:36:52.091 25137 25635 E msys    : E[N WCCConnectionMEM]_WCCConnectionMEMDoConnectWithAuthKeys(1557)=>[INFO] connection/connect/start/[host=z-p42-chat-e2ee-ig.facebook.com port=5222]/[57.144.124.36:5222]/socketAddressCount=1
04-28 02:36:52.091 25137 25635 E msys    : E[N WCCConnectionMEM]_WCCConnectionMEMLifecycleEventHandler(2229)=>[INFO] connection/xmpp/lifecycle_event/will-connect
04-28 02:36:52.092 25137 25635 E msys    : E[A WA]WCCHandshakeCreate(191)=>handshake/create, pq mode:0
04-28 02:36:52.095  3163  3594 D DnsDomainBlock: onDnsEvent: latencyMs=0, returnCode=4, uid=10629
04-28 02:36:52.104 25137 24052 W secondary_dns: I/O Exception while trying to resolve z-p42-chat-e2ee-ig.facebook.com
04-28 02:36:52.104 25137 24052 W secondary_dns: java.io.IOException: sendto failed: EPERM (Operation not permitted)
04-28 02:36:52.104 25137 24052 W secondary_dns: 	at libcore.io.IoBridge.maybeThrowAfterSendto(IoBridge.java:721)
04-28 02:36:52.104 25137 24052 W secondary_dns: 	at libcore.io.IoBridge.sendto(IoBridge.java:688)
04-28 02:36:52.104 25137 24052 W secondary_dns: 	at java.net.PlainDatagramSocketImpl.send(PlainDatagramSocketImpl.java:126)
04-28 02:36:52.104 25137 24052 W secondary_dns: 	at java.net.DatagramSocket.send(DatagramSocket.java:723)
04-28 02:36:52.104 25137 24052 W secondary_dns: 	at X.0Fnu.A00(Unknown Source:534)
04-28 02:36:52.104 25137 24052 W secondary_dns: 	at X.06PT.call(Unknown Source:6)
04-28 02:36:52.104 25137 24052 W secondary_dns: 	at java.util.concurrent.FutureTask.run(FutureTask.java:317)
04-28 02:36:52.104 25137 24052 W secondary_dns: 	at X.00GY.run(Unknown Source:2)
04-28 02:36:52.104 25137 24052 W secondary_dns: 	at X.01ms.run(:25)
04-28 02:36:52.104 25137 24052 W secondary_dns: 	at java.util.concurrent.ThreadPoolExecutor.runWorker(ThreadPoolExecutor.java:1154)
04-28 02:36:52.104 25137 24052 W secondary_dns: 	at java.util.concurrent.ThreadPoolExecutor$Worker.run(ThreadPoolExecutor.java:652)
04-28 02:36:52.104 25137 24052 W secondary_dns: 	at X.01mx.run(:113)
04-28 02:36:52.104 25137 24052 W secondary_dns: 	at java.lang.Thread.run(Thread.java:1564)
04-28 02:36:52.104 25137 24052 W secondary_dns: 	at X.01my.run(:8)
04-28 02:36:52.104 25137 24052 W secondary_dns: Caused by: android.system.ErrnoException: sendto failed: EPERM (Operation not permitted)
04-28 02:36:52.104 25137 24052 W secondary_dns: 	at libcore.io.Linux.sendtoBytes(Native Method)
04-28 02:36:52.104 25137 24052 W secondary_dns: 	at libcore.io.Linux.sendto(Linux.java:276)
04-28 02:36:52.104 25137 24052 W secondary_dns: 	at libcore.io.ForwardingOs.sendto(ForwardingOs.java:729)
04-28 02:36:52.104 25137 24052 W secondary_dns: 	at libcore.io.BlockGuardOs.sendto(BlockGuardOs.java:398)
04-28 02:36:52.104 25137 24052 W secondary_dns: 	at libcore.io.ForwardingOs.sendto(ForwardingOs.java:729)
04-28 02:36:52.104 25137 24052 W secondary_dns: 	at libcore.io.IoBridge.sendto(IoBridge.java:686)
04-28 02:36:52.104 25137 24052 W secondary_dns: 	... 12 more
04-28 02:36:52.106  3163  3594 D OplusLinkBoostSceneManager: handleAppSceneChange: live broadcast off
04-28 02:36:52.109 25137 24052 W secondary_dns: I/O Exception while trying to resolve z-p42-chat-e2ee-ig.facebook.com
04-28 02:36:52.109 25137 24052 W secondary_dns: java.io.IOException: sendto failed: EPERM (Operation not permitted)
04-28 02:36:52.109 25137 24052 W secondary_dns: 	at libcore.io.IoBridge.maybeThrowAfterSendto(IoBridge.java:721)
04-28 02:36:52.109 25137 24052 W secondary_dns: 	at libcore.io.IoBridge.sendto(IoBridge.java:688)
04-28 02:36:52.109 25137 24052 W secondary_dns: 	at java.net.PlainDatagramSocketImpl.send(PlainDatagramSocketImpl.java:126)
04-28 02:36:52.109 25137 24052 W secondary_dns: 	at java.net.DatagramSocket.send(DatagramSocket.java:723)
04-28 02:36:52.109 25137 24052 W secondary_dns: 	at X.0Fnu.A00(Unknown Source:534)
04-28 02:36:52.109 25137 24052 W secondary_dns: 	at X.06PT.call(Unknown Source:6)
04-28 02:36:52.109 25137 24052 W secondary_dns: 	at java.util.concurrent.FutureTask.run(FutureTask.java:317)
04-28 02:36:52.109 25137 24052 W secondary_dns: 	at X.00GY.run(Unknown Source:2)
04-28 02:36:52.109 25137 24052 W secondary_dns: 	at X.01ms.run(:25)
04-28 02:36:52.109 25137 24052 W secondary_dns: 	at java.util.concurrent.ThreadPoolExecutor.runWorker(ThreadPoolExecutor.java:1154)
04-28 02:36:52.109 25137 24052 W secondary_dns: 	at java.util.concurrent.ThreadPoolExecutor$Worker.run(ThreadPoolExecutor.java:652)
04-28 02:36:52.109 25137 24052 W secondary_dns: 	at X.01mx.run(:113)
04-28 02:36:52.109 25137 24052 W secondary_dns: 	at java.lang.Thread.run(Thread.java:1564)
04-28 02:36:52.109 25137 24052 W secondary_dns: 	at X.01my.run(:8)
04-28 02:36:52.109 25137 24052 W secondary_dns: Caused by: android.system.ErrnoException: sendto failed: EPERM (Operation not permitted)
04-28 02:36:52.109 25137 24052 W secondary_dns: 	at libcore.io.Linux.sendtoBytes(Native Method)
04-28 02:36:52.109 25137 24052 W secondary_dns: 	at libcore.io.Linux.sendto(Linux.java:276)
04-28 02:36:52.109 25137 24052 W secondary_dns: 	at libcore.io.ForwardingOs.sendto(ForwardingOs.java:729)
04-28 02:36:52.109 25137 24052 W secondary_dns: 	at libcore.io.BlockGuardOs.sendto(BlockGuardOs.java:398)
04-28 02:36:52.109 25137 24052 W secondary_dns: 	at libcore.io.ForwardingOs.sendto(ForwardingOs.java:729)
04-28 02:36:52.109 25137 24052 W secondary_dns: 	at libcore.io.IoBridge.sendto(IoBridge.java:686)
04-28 02:36:52.109 25137 24052 W secondary_dns: 	... 12 more
04-28 02:36:52.111 25137 24052 W X.0FpQ  : Exception thrown during refresh
04-28 02:36:52.111 25137 24052 W X.0FpQ  : java.util.concurrent.ExecutionException: java.net.UnknownHostException: I/O Exception while trying to resolve z-p42-chat-e2ee-ig.facebook.com
04-28 02:36:52.111 25137 24052 W X.0FpQ  : 	at com.google.common.util.concurrent.AbstractFuture.A03(Unknown Source:21)
04-28 02:36:52.111 25137 24052 W X.0FpQ  : 	at com.google.common.util.concurrent.AbstractFuture.get(:268435506)
04-28 02:36:52.111 25137 24052 W X.0FpQ  : 	at X.02yi.A00(:1)
04-28 02:36:52.111 25137 24052 W X.0FpQ  : 	at X.0FwQ.A06(Unknown Source:0)
04-28 02:36:52.111 25137 24052 W X.0FpQ  : 	at X.06PW.run(Unknown Source:10)
04-28 02:36:52.111 25137 24052 W X.0FpQ  : 	at X.02yv.execute(:0)
04-28 02:36:52.111 25137 24052 W X.0FpQ  : 	at com.google.common.util.concurrent.AbstractFuture.A06(Unknown Source:0)
04-28 02:36:52.111 25137 24052 W X.0FpQ  : 	at com.google.common.util.concurrent.AbstractFuture.A05(Unknown Source:88)
04-28 02:36:52.111 25137 24052 W X.0FpQ  : 	at com.google.common.util.concurrent.AbstractFuture.setException(Unknown Source:20)
04-28 02:36:52.111 25137 24052 W X.0FpQ  : 	at X.04MO.run(Unknown Source:90)
04-28 02:36:52.111 25137 24052 W X.0FpQ  : 	at X.02yv.execute(:0)
04-28 02:36:52.111 25137 24052 W X.0FpQ  : 	at X.09Qp.A00(Unknown Source:0)
04-28 02:36:52.111 25137 24052 W X.0FpQ  : 	at X.09Qp.A01(Unknown Source:31)
04-28 02:36:52.111 25137 24052 W X.0FpQ  : 	at X.06PU.done(Unknown Source:2)
04-28 02:36:52.111 25137 24052 W X.0FpQ  : 	at java.util.concurrent.FutureTask.finishCompletion(FutureTask.java:434)
04-28 02:36:52.111 25137 24052 W X.0FpQ  : 	at java.util.concurrent.FutureTask.setException(FutureTask.java:303)
04-28 02:36:52.111 25137 24052 W X.0FpQ  : 	at java.util.concurrent.FutureTask.run(FutureTask.java:322)
04-28 02:36:52.111 25137 24052 W X.0FpQ  : 	at X.00GY.run(Unknown Source:2)
04-28 02:36:52.111 25137 24052 W X.0FpQ  : 	at X.01ms.run(:25)
04-28 02:36:52.111 25137 24052 W X.0FpQ  : 	at java.util.concurrent.ThreadPoolExecutor.runWorker(ThreadPoolExecutor.java:1154)
04-28 02:36:52.111 25137 24052 W X.0FpQ  : 	at java.util.concurrent.ThreadPoolExecutor$Worker.run(ThreadPoolExecutor.java:652)
04-28 02:36:52.111 25137 24052 W X.0FpQ  : 	at X.01mx.run(:113)
04-28 02:36:52.111 25137 24052 W X.0FpQ  : 	at java.lang.Thread.run(Thread.java:1564)
04-28 02:36:52.111 25137 24052 W X.0FpQ  : 	at X.01my.run(:8)
04-28 02:36:52.111 25137 24052 W X.0FpQ  : Caused by: java.net.UnknownHostException: I/O Exception while trying to resolve z-p42-chat-e2ee-ig.facebook.com
04-28 02:36:52.111 25137 24052 W X.0FpQ  : 	at X.0Fnu.A00(Unknown Source:1315)
04-28 02:36:52.111 25137 24052 W X.0FpQ  : 	at X.06PT.call(Unknown Source:6)
04-28 02:36:52.111 25137 24052 W X.0FpQ  : 	at java.util.concurrent.FutureTask.run(FutureTask.java:317)
04-28 02:36:52.111 25137 24052 W X.0FpQ  : 	... 7 more
04-28 02:36:52.114  1212 23609 D CwbService: normal mode or switch to doze from power off/doze suspend mode, mPowerMode = 2
04-28 02:36:52.115  1265  1265 D SensorFeature: name=ssc_screenshot_info ,index = 22
04-28 02:36:52.116  1265  1265 D SensorFeature: write 37 bytes:78428718686144,78428735352811,40202,0
04-28 02:36:52.183  1221  1477 I OriginChannel: now system_time:78428803	pwm_rgb: system_time:78428539, lux:13, time_delta:16, pwm_turbo:1, bri:1364, r:871, g:454, b:373, c:1774, algo:2, end:40201, ts:78428430932447	pwm_rgb: system_time:78428539, lux:13, time_delta:16, pwm_turbo:1, bri:1364, r:874, g:457, b:370, c:1765, algo:2, end:40201, ts:78428447598447	pwm_rgb: system_time:78428539, lux:13, time_delta:16, pwm_turbo:1, bri:1364, r:871, g:460, b:376, c:1765, algo:2, end:40201, ts:78428464264447	pwm_rgb: system_time:78428539, lux:13, time_delta:16, pwm_turbo:1, bri:1364, r:883, g:473, b:385, c:1783, algo:2, end:40201, ts:78428480930447	pwm_rgb: system_time:78428539, lux:13, time_delta:16, pwm_turbo:1, bri:1364, r:871, g:457, b:370, c:1765, algo:2, end:105737, ts:78428497596447	
04-28 02:36:52.185  1594  1594 D AALLightSensor: oldLux=0 [SA:-1 LA:-1] newLux=0 (oriLux: 0)
04-28 02:36:52.234  3248  3741 D MtkRadioService: getRRCStatus
04-28 02:36:52.235  3248  3741 D RadioProxyJ[0]: [9488]> getRRCStatus
04-28 02:36:52.244  1492  1548 D MipcProxy: handleMessage msg is 4001, instance 0
04-28 02:36:52.244  1492  1548 D RadioProxy: getRRCStatus : response cb for instance 0
04-28 02:36:52.245  3248 25599 D RadioProxyJ[0]: [9488]< getRRCStatusResponse 0
04-28 02:36:52.245  3248  3741 D CoexRfService: report RRC state:false
04-28 02:36:52.358  1212 23609 D CwbService: normal mode or switch to doze from power off/doze suspend mode, mPowerMode = 2
04-28 02:36:52.359  1265  1265 D SensorFeature: name=ssc_screenshot_info ,index = 22
04-28 02:36:52.359  1265  1265 D SensorFeature: write 37 bytes:78428962675374,78428979342041,40203,0
04-28 02:36:52.446  1221  1477 I OriginChannel: now system_time:78429067	pwm_rgb: system_time:78428803, lux:13, time_delta:16, pwm_turbo:1, bri:1364, r:868, g:457, b:373, c:1774, algo:2, end:40202, ts:78428695000515	pwm_rgb: system_time:78428804, lux:13, time_delta:16, pwm_turbo:1, bri:1364, r:874, g:457, b:370, c:1768, algo:2, end:40202, ts:78428711666515	pwm_rgb: system_time:78428804, lux:13, time_delta:16, pwm_turbo:1, bri:1364, r:871, g:454, b:373, c:1771, algo:2, end:40202, ts:78428728332515	pwm_rgb: system_time:78428804, lux:13, time_delta:16, pwm_turbo:1, bri:1364, r:880, g:471, b:389, c:1777, algo:2, end:40202, ts:78428744998515	pwm_rgb: system_time:78428804, lux:13, time_delta:16, pwm_turbo:1, bri:1364, r:871, g:457, b:364, c:1774, algo:2, end:105738, ts:78428761664515	
04-28 02:36:52.516  2881  8871 D JsBridgeTimer: com.alarmclock.quick setIntervalCallback id:8
04-28 02:36:52.601  1212 23609 D CwbService: normal mode or switch to doze from power off/doze suspend mode, mPowerMode = 2
04-28 02:36:52.602  1265  1265 D SensorFeature: name=ssc_screenshot_info ,index = 22
04-28 02:36:52.603  1265  1265 D SensorFeature: write 37 bytes:78429205651759,78429222318426,40204,0
04-28 02:36:52.664  2570  2570 D WifiHAL : WifiRequest::create vendor command to iface 40, vendor_id=0x1a11, subcmd=0x1200, res=0
04-28 02:36:52.668  2570  2570 I WifiHAL : LLS RSP: data=0xb400007d6b69f020, len=4716
04-28 02:36:52.669  2570  2570 I WifiHAL : LLS check_data_sanity: 1829: current_radio_stat->num_channels=27
04-28 02:36:52.669  2570  2570 I WifiHAL : LLS check_data_sanity: 1829: current_radio_stat->num_channels=24
04-28 02:36:52.669  2570  2570 I WifiHAL : LLS check_data_sanity: confirmed_size=4716, len=4716
04-28 02:36:52.693  3248  3248 D VendorWifiService: onEvent event:9,action:1
04-28 02:36:52.708  2021  2559 D ScorerUtils: isLowTraffic: txTputKBps=0, rxTputKBps=0
04-28 02:36:52.709  2021  2559 D OplusWifiPower_TriggerCenter: mComponentCallback: wifistat
04-28 02:36:52.711  1221  1477 I OriginChannel: now system_time:78429331	pwm_rgb: system_time:78429067, lux:13, time_delta:16, pwm_turbo:1, bri:1364, r:883, g:473, b:389, c:1789, algo:2, end:40203, ts:78428942464602	pwm_rgb: system_time:78429067, lux:13, time_delta:16, pwm_turbo:1, bri:1364, r:871, g:451, b:370, c:1771, algo:2, end:40203, ts:78428959130602	pwm_rgb: system_time:78429067, lux:13, time_delta:16, pwm_turbo:1, bri:1364, r:874, g:460, b:370, c:1768, algo:2, end:40203, ts:78428975796602	pwm_rgb: system_time:78429067, lux:13, time_delta:16, pwm_turbo:1, bri:1364, r:868, g:454, b:373, c:1765, algo:2, end:40203, ts:78428992462602	pwm_rgb: system_time:78429067, lux:13, time_delta:16, pwm_turbo:1, bri:1364, r:883, g:468, b:389, c:1789, algo:2, end:105739, ts:78429009128602	
04-28 02:36:52.712  2021  2373 D FusionLightNextGen: process end reported = 1, mode: 1, cnt: 154625, lux 0.0, cct -1.0, r/g/b/c: 886.0/471.0/385.0/1780.0, R/G/B: 101.0/101.0/98.0, bri 1364.0, match 0.93, ir 0.000000, conf 0.0, ts 78429239895693
04-28 02:36:52.729  1364  1364 I BufferQueueProducer: [StatusBar#88](this:0xb4000073f9af72f8,id:-1,api:0,p:-1,c:1364) queueBuffer: fps=0.41 dur=2426.59 max=2426.59 min=2426.59
04-28 02:36:52.733  1212 23609 I hwcomposer: [HWCDisplay] (0 updateFps():4512), (type:1, mode:2) fps:0.823365,dur:2429.06,max:2361.13,min:67.92  
04-28 02:36:52.844  1212 23609 D CwbService: normal mode or switch to doze from power off/doze suspend mode, mPowerMode = 2
04-28 02:36:52.846  1212 23609 I CwbService: Configure changed, reconfig histogram mode: 0.
04-28 02:36:52.848  1212 23609 D libcomposer_ext: DeviceImplAidl::DeviceClientContextAidl::ParseRequestPartialUpdateEnable()
04-28 02:36:52.912  1212 23609 I CwbService: WaitForLayerChange timeout,run mRefreshCb
04-28 02:36:52.964  1212 23609 D libcomposer_ext: DeviceImplAidl::DeviceClientContextAidl::ParseRequestPartialUpdateEnable()
04-28 02:36:52.966  1212 23609 D CwbService: RGB value: 101, 101, 98, hist:40, 59, 214,  rgb_state: 0
04-28 02:36:52.967  1265  1265 D SensorFeature: name=ssc_screenshot_info ,index = 22
04-28 02:36:52.967  1265  1265 D SensorFeature: write 37 bytes:78429569906528,78429586573195,40205,0
04-28 02:36:52.975  1221  1477 I OriginChannel: now system_time:78429596	pwm_rgb: system_time:78429331, lux:13, time_delta:16, pwm_turbo:1, bri:1364, r:877, g:457, b:373, c:1774, algo:2, end:40204, ts:78429173231693	pwm_rgb: system_time:78429332, lux:13, time_delta:16, pwm_turbo:1, bri:1364, r:871, g:460, b:370, c:1780, algo:2, end:40204, ts:78429189897693	pwm_rgb: system_time:78429332, lux:13, time_delta:16, pwm_turbo:1, bri:1364, r:886, g:471, b:385, c:1780, algo:2, end:40204, ts:78429206563693	pwm_rgb: system_time:78429332, lux:13, time_delta:16, pwm_turbo:1, bri:1364, r:871, g:457, b:373, c:1774, algo:2, end:40204, ts:78429223229693	pwm_rgb: system_time:78429332, lux:13, time_delta:16, pwm_turbo:1, bri:1364, r:868, g:460, b:373, c:1771, algo:2, end:105740, ts:78429239895693	
04-28 02:36:53.093 25137 25533 W RealtimeClientManager: Channel state: MqttChannelState{mConnectionState=CONNECTING, mDisconnectionReason=null, mLastConnectionMs=78410287, mLastDisconnectMs=78428708}
04-28 02:36:53.207  2021  2383 V AlarmManager: sending alarm Alarm{f939ae3 type 1 origWhen 1777324013205 whenElapsed 78429826 android} uid 1000 whenElapsed 78429826 windowLength 0 maxWhenElapsed 78429826 repeatInterval 0 action null component null tag StorgaeBandInfoAlarmTag flags 0x9 procName system_server
04-28 02:36:53.210  1212 23609 D CwbService: normal mode or switch to doze from power off/doze suspend mode, mPowerMode = 2
04-28 02:36:53.212  2021  7188 E OplusStorageUFSBandwidth: storage_io_metrics_path is /proc/oplus_storage/io_metrics/forever/
04-28 02:36:53.212  1265  1265 D SensorFeature: name=ssc_screenshot_info ,index = 22
04-28 02:36:53.213  1265  1265 D SensorFeature: write 37 bytes:78429814831682,78429831498349,40206,0
04-28 02:36:53.214  2021  7188 E OplusStorageUFSBandwidth: Bandwidth - Read: 0.50 MB/s, Write: 1.99 MB/s
04-28 02:36:53.214  2021  7188 E OplusStorageUFSBandwidth: Task time: 4ms
04-28 02:36:53.216  2021  7188 E OplusStorageUFSBandwidth: Alarm set to trigger in 10 seconds
04-28 02:36:53.239  1221  1477 I OriginChannel: now system_time:78429859	pwm_rgb: system_time:78429596, lux:13, time_delta:16, pwm_turbo:1, bri:1364, r:871, g:457, b:376, c:1774, algo:2, end:131072, ts:78429487328525	
04-28 02:36:53.296  1241  1272 I libPerfCtl: xgfGetFPS pid:2690 fps:-1
04-28 02:36:53.454  1212 23609 D CwbService: normal mode or switch to doze from power off/doze suspend mode, mPowerMode = 2
04-28 02:36:53.456  1265  1265 D SensorFeature: name=ssc_screenshot_info ,index = 22
04-28 02:36:53.457  1265  1265 D SensorFeature: write 37 bytes:78430058974221,78430075640888,40207,0
04-28 02:36:53.504  1221  1477 I OriginChannel: now system_time:78430125	pwm_rgb: system_time:78429859, lux:13, time_delta:16, pwm_turbo:1, bri:1364, r:874, g:460, b:373, c:1774, algo:2, end:40206, ts:78429751427587	pwm_rgb: system_time:78429860, lux:13, time_delta:16, pwm_turbo:1, bri:1364, r:868, g:454, b:373, c:1762, algo:2, end:40206, ts:78429768093587	pwm_rgb: system_time:78429860, lux:13, time_delta:16, pwm_turbo:1, bri:1364, r:868, g:460, b:370, c:1771, algo:2, end:40206, ts:78429784759587	pwm_rgb: system_time:78429860, lux:13, time_delta:16, pwm_turbo:1, bri:1364, r:883, g:473, b:385, c:1777, algo:2, end:40206, ts:78429801425587	pwm_rgb: system_time:78429860, lux:13, time_delta:16, pwm_turbo:1, bri:1364, r:868, g:454, b:370, c:1774, algo:2, end:105742, ts:78429818091587	
04-28 02:36:53.518  2881  8871 D JsBridgeTimer: com.alarmclock.quick setIntervalCallback id:8
04-28 02:36:53.553  3248  3248 D RadioMessenger: handleMessage Request msgid 2311
04-28 02:36:53.554  3248  3248 D RadioProxyJ[0]: [9489]> getAllCellularCellInfo
04-28 02:36:53.565  1492  1548 D MipcProxy: handleMessage msg is 4001, instance 0
04-28 02:36:53.565  1492  1548 D RadioProxy: getAllCellularCellInfo : response cb for instance 0
04-28 02:36:53.566  3248 25599 D SubsysRadioResponse: getAllCellularCellInfoResponse
04-28 02:36:53.567  3248 25599 D SubsysRadioResponse: responseAllCellularCellInfo len:7
04-28 02:36:53.567  3248 25599 D RadioProxyJ[0]: [9489]< getAllCellularCellInfoResponse ******
04-28 02:36:53.567  3248  3248 D MessengerResponseHandler: handleMessage Response msgid 281
04-28 02:36:53.698  1212 23609 D CwbService: normal mode or switch to doze from power off/doze suspend mode, mPowerMode = 2
04-28 02:36:53.699  1265  1265 D SensorFeature: name=ssc_screenshot_info ,index = 22
04-28 02:36:53.700  1265  1265 D SensorFeature: write 37 bytes:78430302469836,78430319136503,40208,0
04-28 02:36:53.768  1221  1477 I OriginChannel: now system_time:78430389	pwm_rgb: system_time:78430125, lux:13, time_delta:16, pwm_turbo:1, bri:1364, r:871, g:454, b:370, c:1780, algo:2, end:40207, ts:78430015526977	pwm_rgb: system_time:78430125, lux:13, time_delta:16, pwm_turbo:1, bri:1364, r:874, g:457, b:373, c:1762, algo:2, end:40207, ts:78430032192977	pwm_rgb: system_time:78430125, lux:13, time_delta:16, pwm_turbo:1, bri:1364, r:871, g:460, b:367, c:1774, algo:2, end:40207, ts:78430048858977	pwm_rgb: system_time:78430125, lux:13, time_delta:16, pwm_turbo:1, bri:1364, r:877, g:471, b:385, c:1777, algo:2, end:40207, ts:78430065524977	pwm_rgb: system_time:78430125, lux:13, time_delta:16, pwm_turbo:1, bri:1364, r:871, g:457, b:379, c:1774, algo:2, end:105743, ts:78430082190977	
04-28 02:36:53.788  5254 24016 I PTC.DISC.AndroidMultiLanServer: Watcher sysNif=[wlan0], userNif=[wlan0 state=(LISTEN JOIN(483DB1|28693)), , null], clientNif=[wlan0 state=(LISTEN), , ], tcpServer state=LISTEN, ipv4=**8.0.102
04-28 02:36:53.891  5033  5383 W OPLUS_LOG_LOAD: ==LOGS PROG INFO, prog(com.oplus.camera) ==
04-28 02:36:53.891  5033  5383 I APS_ALOG: flushRoutine g_immediateFlush=0 g_pendingCount=0 g_oobCount=0
04-28 02:36:53.941  1212 23609 D CwbService: normal mode or switch to doze from power off/doze suspend mode, mPowerMode = 2
04-28 02:36:53.941  1265  1265 D SensorFeature: name=ssc_screenshot_info ,index = 22
04-28 02:36:53.942  1265  1265 D SensorFeature: write 37 bytes:78430545028067,78430561694734,40209,0
04-28 02:36:53.947  2021  3335 W PackageManager: package com.puzzle.prankster.brain uid 10591 pid 31858 call SetEnabledSetting(com.puzzle.prankster.brain component = androidx.work.impl.background.systemalarm.RescheduleReceiver, 1, 0)
04-28 02:36:53.951  1578  2016 W OPLUS_LOG_LOAD: ==LOGS PROG INFO, prog(camerahalserver) ==
04-28 02:36:53.951  1578  2016 D ULogGuard: Monitoring: 15 threads, 0 requests, 0 time-bombs; 1 guards. ResetFlags = 0x7
04-28 02:36:54.012  1213  1213 D healthd : system healthd: battery l=68 v=4 t=32.8 h=2 st=2 c=-433 fc=6200000 cc=74 chg=u
04-28 02:36:54.024  1273  1273 D ChargerInfo: getInfo: type: 0x1, update: 1
04-28 02:36:54.025  1273  1304 D ChargerInfo: chargerInfoUpdateThread: update start
04-28 02:36:54.025  1273  1304 D ChargerInfo: enableTx: path(/proc/wireless/enable_tx): not exist
04-28 02:36:54.026  1273  1304 D ChargerInfo: wlsAdapterPower: path(/sys/class/oplus_chg/wireless/max_w_power): not exist
04-28 02:36:54.026  1273  1304 D ChargerInfo: unknown: path(/sys/class/oplus_chg/ac/online) and backupPath(/sys/class/power_supply/ac/online) not exist
04-28 02:36:54.026  1273  1304 D ChargerInfo: get_ui_charge_icon_type: [0 0] [0 0] 1
04-28 02:36:54.027  1273  1304 D ChargerInfo: unknown: path(/sys/class/oplus_chg/ac/online) and backupPath(/sys/class/power_supply/ac/online) not exist
04-28 02:36:54.027  1273  1304 D ChargerInfo: cpaPower:2500 isChargeOnline:1 isSupportRetentionTopic:0
04-28 02:36:54.027  1273  1304 E ChargerInfo: SingleHyperPath not found
04-28 02:36:54.027  1273  1304 D ChargerInfo: chargerInfoUpdateThread: update end
04-28 02:36:54.027  1273  1304 D ChargerInfo: chargerInfoUpdateThread: update wait
04-28 02:36:54.027  1273  1273 D ChargerInfo: enableTx: path(/proc/wireless/enable_tx): not exist
04-28 02:36:54.027  1273  1273 D ChargerInfo: wlsAdapterPower: path(/sys/class/oplus_chg/wireless/max_w_power): not exist
04-28 02:36:54.027  1273  1273 D ChargerInfo: getInfo: {"Update":{"batteryFcc":6005,"batteryRm":3952,"bddLeakCurr":0,"bmsStatus":0,"bypassChgStatus":2,"chargeTimeRemaining":0,"cpaPower":2,"enableTx":"0","fastCharge":0,"isSupportSpeedCharge":0,"notifyCode":0,"otgOnline":1,"ppsChargePower":0,"ppsCharging":0,"shortCHwStatus":0,"shortIcOtpStatus":0,"uiIconType":0,"uiPower":0,"usbStatus":0,"wlsAdapterPower":0}}
04-28 02:36:54.031  1221  1477 I OriginChannel: now system_time:78430652	pwm_rgb: system_time:78430389, lux:13, time_delta:16, pwm_turbo:1, bri:1364, r:874, g:454, b:373, c:1768, algo:2, end:40208, ts:78430279625991	pwm_rgb: system_time:78430389, lux:13, time_delta:16, pwm_turbo:1, bri:1364, r:862, g:460, b:370, c:1774, algo:2, end:40208, ts:78430296291991	pwm_rgb: system_time:78430389, lux:13, time_delta:16, pwm_turbo:1, bri:1364, r:877, g:457, b:376, c:1774, algo:2, end:40208, ts:78430312957991	pwm_rgb: system_time:78430389, lux:13, time_delta:16, pwm_turbo:1, bri:1364, r:880, g:473, b:382, c:1783, algo:2, end:40208, ts:78430329623991	pwm_rgb: system_time:78430389, lux:13, time_delta:16, pwm_turbo:1, bri:1364, r:871, g:457, b:373, c:1768, algo:2, end:105744, ts:78430346289991	
04-28 02:36:54.032  2021  2373 D FusionLightNextGen: process end reported = 1, mode: 1, cnt: 154630, lux 0.0, cct -1.0, r/g/b/c: 871.0/460.0/373.0/1774.0, R/G/B: 101.0/101.0/98.0, bri 1364.0, match 0.80, ir 0.000000, conf 0.0, ts 78430593753597
04-28 02:36:54.147  2021  2346 D osense.compress: com.google.android.gms do shrink, target ratio = 90, final ratio = 90, cur ratio = 88
04-28 02:36:54.160  3106  3532 D OplusCellularNetworkConfig: getDnsQueryPriority value=http://www.google.com/generate_204
04-28 02:36:54.161  3248  5329 D NetworkService[0]: getActiveNetworks networkList size:1
04-28 02:36:54.161  3248  5329 D SubsysThreadPool: execute task
04-28 02:36:54.170  3163  3594 D DnsDomainBlock: onDnsEvent: latencyMs=0, returnCode=11, uid=1000
04-28 02:36:54.183  1212 23609 D CwbService: normal mode or switch to doze from power off/doze suspend mode, mPowerMode = 2
04-28 02:36:54.184  2021  2377 D ActivityManager: freezing 18973 com.google.android.cellbroadcastreceiver
04-28 02:36:54.184  1265  1265 D SensorFeature: name=ssc_screenshot_info ,index = 22
04-28 02:36:54.184  1265  1265 D SensorFeature: write 37 bytes:78430787517298,78430804183965,40210,0
04-28 02:36:54.185  2021  2377 D ActivityManager: Freeze process 18973, not check file locks
04-28 02:36:54.185  2021  2377 D ActivityManager: reportOneUidFrozenStateChanged uid 10327 frozen = true
04-28 02:36:54.189  2021  2451 D InetDiagMessage: Destroyed 0 sockets, proto=IPPROTO_TCP, family=AF_INET, states=14
04-28 02:36:54.191  2021  2451 D InetDiagMessage: Destroyed 0 sockets, proto=IPPROTO_TCP, family=AF_INET6, states=14
04-28 02:36:54.191  2021  2451 D InetDiagMessage: Destroyed live tcp sockets for uids={10327} in 4ms
04-28 02:36:54.295  1221  1477 I OriginChannel: now system_time:78430916	pwm_rgb: system_time:78430652, lux:13, time_delta:16, pwm_turbo:1, bri:1364, r:886, g:468, b:382, c:1780, algo:2, end:40209, ts:78430527089597	pwm_rgb: system_time:78430652, lux:13, time_delta:16, pwm_turbo:1, bri:1364, r:871, g:460, b:373, c:1774, algo:2, end:40209, ts:78430543755597	pwm_rgb: system_time:78430652, lux:13, time_delta:16, pwm_turbo:1, bri:1364, r:865, g:457, b:370, c:1771, algo:2, end:40209, ts:78430560421597	pwm_rgb: system_time:78430652, lux:13, time_delta:16, pwm_turbo:1, bri:1364, r:877, g:454, b:376, c:1771, algo:2, end:40209, ts:78430577087597	pwm_rgb: system_time:78430652, lux:13, time_delta:16, pwm_turbo:1, bri:1364, r:880, g:473, b:385, c:1777, algo:2, end:105745, ts:78430593753597	
04-28 02:36:54.428  1212 23609 D CwbService: normal mode or switch to doze from power off/doze suspend mode, mPowerMode = 2
04-28 02:36:54.429  1265  1265 D SensorFeature: name=ssc_screenshot_info ,index = 22
04-28 02:36:54.430  1265  1265 D SensorFeature: write 37 bytes:78431032709836,78431049376503,40211,0
04-28 02:36:54.520  2881  8871 D JsBridgeTimer: com.alarmclock.quick setIntervalCallback id:8
04-28 02:36:54.560  1221  1477 I OriginChannel: now system_time:78431180	pwm_rgb: system_time:78430916, lux:13, time_delta:16, pwm_turbo:1, bri:1364, r:865, g:457, b:367, c:1762, algo:2, end:40210, ts:78430757826429	pwm_rgb: system_time:78430916, lux:13, time_delta:16, pwm_turbo:1, bri:1364, r:877, g:457, b:376, c:1771, algo:2, end:40210, ts:78430774492429	pwm_rgb: system_time:78430916, lux:13, time_delta:16, pwm_turbo:1, bri:1364, r:880, g:471, b:385, c:1783, algo:2, end:40210, ts:78430791158429	pwm_rgb: system_time:78430916, lux:13, time_delta:16, pwm_turbo:1, bri:1364, r:868, g:454, b:367, c:1768, algo:2, end:40210, ts:78430807824429	pwm_rgb: system_time:78430916, lux:13, time_delta:16, pwm_turbo:1, bri:1364, r:874, g:457, b:376, c:1771, algo:2, end:105746, ts:78430824490429	
04-28 02:36:54.626  6704 14253 D ShellSubscriberWorkerThread: the first 8 bytes empty, and RestData length > 8 
04-28 02:36:54.671  1212 23609 D CwbService: normal mode or switch to doze from power off/doze suspend mode, mPowerMode = 2
04-28 02:36:54.673  1265  1265 D SensorFeature: name=ssc_screenshot_info ,index = 22
04-28 02:36:54.673  1265  1265 D SensorFeature: write 37 bytes:78431275868374,78431292535041,40212,0
04-28 02:36:54.759  1269  1327 I touch-main: [readTemper] read temperature 33373
04-28 02:36:54.825  1221  1477 I OriginChannel: now system_time:78431445	pwm_rgb: system_time:78431180, lux:13, time_delta:16, pwm_turbo:1, bri:1364, r:874, g:460, b:373, c:1771, algo:2, end:40211, ts:78431005229150	pwm_rgb: system_time:78431181, lux:13, time_delta:16, pwm_turbo:1, bri:1364, r:868, g:457, b:370, c:1771, algo:2, end:40211, ts:78431021895150	pwm_rgb: system_time:78431181, lux:13, time_delta:16, pwm_turbo:1, bri:1364, r:874, g:460, b:370, c:1774, algo:2, end:40211, ts:78431038561150	pwm_rgb: system_time:78431181, lux:13, time_delta:16, pwm_turbo:1, bri:1364, r:880, g:471, b:392, c:1777, algo:2, end:40211, ts:78431055227150	pwm_rgb: system_time:78431181, lux:13, time_delta:16, pwm_turbo:1, bri:1364, r:871, g:460, b:373, c:1768, algo:2, end:105747, ts:78431071893150	
04-28 02:36:54.839  2021  2123 D AES     : AEEIOCTL_GET/SET_SF_STATE IOCTL,cmd= 1074294797, lParam=0. 
04-28 02:36:54.839  2021  2123 D AES     : AEEIOCTL_RT_MON_Kick IOCTL,cmd= 2147774474, lParam=300. 
04-28 02:36:54.867  1273  1354 D vendor.oplus.hardware.charger-V10-service: ret_value:127, read content:,328,330,4082,4082,-353,68,68,1,1,0,412,4968,68,1,4490,600,500,0,8,-22,8,0,1,0,2,0,0,0,1,60058,100,3563,3952,6005,0,0,0,0,0,28
04-28 02:36:54.868  1273  1354 D vendor.oplus.hardware.charger-V10-service: gmtime: 2026-04-28-02-36-54
04-28 02:36:54.868  1273  1354 D vendor.oplus.hardware.charger-V10-service: usb_online:1, ac_online:-2147483648, wireless_online:-2147483648
04-28 02:36:54.914  1212 23609 D CwbService: normal mode or switch to doze from power off/doze suspend mode, mPowerMode = 2
04-28 02:36:54.915  1265  1265 D SensorFeature: name=ssc_screenshot_info ,index = 22
04-28 02:36:54.916  1265  1265 D SensorFeature: write 37 bytes:78431518772682,78431535439349,40213,0
04-28 02:36:55.031  2021  3182 I OplusHansManager : uid=10629, pkg=com.instagram.android F enter(), M stay=3
04-28 02:36:55.040  2021  3182 I OplusHansManager : freeze uid: 10629 com.instagram.android pids: [25137] scene: LcdOn
04-28 02:36:55.041  2021  4034 I OStatsManager_OplusBatteryStatsManager: updateStateTime: PkgName = com.instagram.android, uid = 10629, state to em, mForegroundCnt = 0, isFg = false
04-28 02:36:55.041 11310 11326 D IHansComunication: HANS sendMessageToKernel: threadId = 496341867584, netLinkSetup = 1, type = PKG, targetUid = 10629, pkgCmd = ADD_ONE_UID
04-28 02:36:55.042  2021  3189 I OplusHansManager : p_BC uid=10629 pkg=com.instagram.android
04-28 02:36:55.043  2021  3189 I OplusBinderProxy: proxyBinder uid: 10629 pkg: com.instagram.android proxy: true calling: OFreezer
04-28 02:36:55.043  2021  3189 I LocationFreezeProc: will freezeLocationProcess for com.instagram.android, 10629, true, false
04-28 02:36:55.043  2021  3189 I LocationFreezeProc: Executing freeze operation for com.instagram.android, 10629, true, false
04-28 02:36:55.043  2021  3189 W LocationFreezeProc: Do nothing for the app is not record!
04-28 02:36:55.043  2021  3189 I OplusHansManager : p_gps: uid 10629 result false
04-28 02:36:55.044  2021  3189 W OplusHansManager : Failed to notify phone app uid : not register
04-28 02:36:55.046  3003  6610 D IpClient/wlan0: interfaceLinkStateChanged: ifindex 40 up
04-28 02:36:55.088  1221  1477 I OriginChannel: now system_time:78431708	pwm_rgb: system_time:78431445, lux:13, time_delta:16, pwm_turbo:1, bri:1364, r:880, g:468, b:382, c:1783, algo:2, end:40212, ts:78431252661896	pwm_rgb: system_time:78431445, lux:13, time_delta:16, pwm_turbo:1, bri:1364, r:871, g:457, b:373, c:1771, algo:2, end:40212, ts:78431269327896	pwm_rgb: system_time:78431445, lux:13, time_delta:16, pwm_turbo:1, bri:1364, r:874, g:460, b:370, c:1768, algo:2, end:40212, ts:78431285993896	pwm_rgb: system_time:78431445, lux:13, time_delta:16, pwm_turbo:1, bri:1364, r:871, g:457, b:373, c:1768, algo:2, end:40212, ts:78431302659896	pwm_rgb: system_time:78431445, lux:13, time_delta:16, pwm_turbo:1, bri:1364, r:883, g:468, b:385, c:1780, algo:2, end:105748, ts:78431319325896	
04-28 02:36:55.157  1212 23609 D CwbService: normal mode or switch to doze from power off/doze suspend mode, mPowerMode = 2
04-28 02:36:55.159  1265  1265 D SensorFeature: name=ssc_screenshot_info ,index = 22
04-28 02:36:55.159  1265  1265 D SensorFeature: write 37 bytes:78431761912298,78431778578965,40214,0
04-28 02:36:55.216  2021  2383 V AlarmManager: sending alarm Alarm{e9ad7f8 type 1 origWhen 1777324015215 whenElapsed 78431835 android} uid 1000 whenElapsed 78431835 windowLength 0 maxWhenElapsed 78431835 repeatInterval 0 action null component null tag StorgaeBandInfoAlarmTag flags 0x9 procName system_server
04-28 02:36:55.219  2021  7188 E OplusStorageUFSBandwidth: storage_io_metrics_path is /proc/oplus_storage/io_metrics/forever/
04-28 02:36:55.222  2021  7188 E OplusStorageUFSBandwidth: Bandwidth - Read: 0.00 MB/s, Write: 0.00 MB/s
04-28 02:36:55.222  2021  7188 E OplusStorageUFSBandwidth: Task time: 3ms
04-28 02:36:55.224  2021  7188 E OplusStorageUFSBandwidth: Alarm set to trigger in 10 seconds
04-28 02:36:55.238  3248  3741 D MtkRadioService: getRRCStatus
04-28 02:36:55.239  3248  3741 D RadioProxyJ[0]: [9490]> getRRCStatus
04-28 02:36:55.247  1492  1548 D MipcProxy: handleMessage msg is 4001, instance 0
04-28 02:36:55.247  1492  1548 D RadioProxy: getRRCStatus : response cb for instance 0
04-28 02:36:55.248  3248 25599 D RadioProxyJ[0]: [9490]< getRRCStatusResponse 0
04-28 02:36:55.248  3248  3741 D CoexRfService: report RRC state:false
04-28 02:36:55.352  1221  1477 I OriginChannel: now system_time:78431972	pwm_rgb: system_time:78431708, lux:13, time_delta:16, pwm_turbo:1, bri:1364, r:868, g:462, b:373, c:1768, algo:2, end:40213, ts:78431500064444	pwm_rgb: system_time:78431709, lux:13, time_delta:16, pwm_turbo:1, bri:1364, r:883, g:468, b:389, c:1780, algo:2, end:40213, ts:78431516730444	pwm_rgb: system_time:78431709, lux:13, time_delta:16, pwm_turbo:1, bri:1364, r:871, g:457, b:373, c:1768, algo:2, end:40213, ts:78431533396444	pwm_rgb: system_time:78431709, lux:13, time_delta:16, pwm_turbo:1, bri:1364, r:868, g:460, b:367, c:1765, algo:2, end:40213, ts:78431550062444	pwm_rgb: system_time:78431709, lux:13, time_delta:16, pwm_turbo:1, bri:1364, r:877, g:457, b:370, c:1762, algo:2, end:105749, ts:78431566728444	
04-28 02:36:55.353  2021  2373 D FusionLightNextGen: process end reported = 1, mode: 1, cnt: 154635, lux 0.0, cct -1.0, r/g/b/c: 874.0/454.0/367.0/1774.0, R/G/B: 101.0/101.0/98.0, bri 1364.0, match 0.98, ir 0.000000, conf 0.0, ts 78431797495833
04-28 02:36:55.364  1213  1213 D healthd : system healthd: battery l=68 v=4 t=32.7 h=2 st=2 c=-399 fc=6200000 cc=74 chg=u
04-28 02:36:55.374  1273  1273 D ChargerInfo: getInfo: type: 0x1, update: 1
04-28 02:36:55.375  1273  1304 D ChargerInfo: chargerInfoUpdateThread: update start
04-28 02:36:55.375  1273  1304 D ChargerInfo: enableTx: path(/proc/wireless/enable_tx): not exist
04-28 02:36:55.375  1273  1304 D ChargerInfo: wlsAdapterPower: path(/sys/class/oplus_chg/wireless/max_w_power): not exist
04-28 02:36:55.376  1273  1304 D ChargerInfo: unknown: path(/sys/class/oplus_chg/ac/online) and backupPath(/sys/class/power_supply/ac/online) not exist
