04-28 02:36:44.148  3106  3828 D SatelliteController: iisInCarrierRoamingNbIotNtn: satellite is disabled
04-28 02:36:44.149  3163  3594 D DnsDomainBlock: onDnsEvent: latencyMs=0, returnCode=11, uid=1000
04-28 02:36:44.154  3248  3248 D SubsysEventListenerManager-SubsysTelephonyCallback[0]: onServiceStateChanged
04-28 02:36:44.157  2021  2403 W ContextImpl: Calling a method in the system process without a qualified user: android.app.ContextImpl.sendBroadcastMultiplePermissions:1331 android.content.Context.sendBroadcastMultiplePermissions:2583 com.android.server.TelephonyRegistry.broadcastServiceStateChanged:4199 com.android.server.TelephonyRegistry.notifyServiceStateForPhoneId:1873 com.android.internal.telephony.ITelephonyRegistry$Stub.onTransact:613 
04-28 02:36:44.159  2021  2559 I OplusWifiSarManager: Received service state changed nrstate=0
04-28 02:36:44.159  2021  2403 W ContextImpl: Calling a method in the system process without a qualified user: android.app.ContextImpl.sendBroadcastMultiplePermissions:1364 com.android.server.TelephonyRegistry.broadcastServiceStateChanged:4204 com.android.server.TelephonyRegistry.notifyServiceStateForPhoneId:1873 com.android.internal.telephony.ITelephonyRegistry$Stub.onTransact:613 android.os.Binder.execTransactInternal:1444 
04-28 02:36:44.160  3163  4405 I SmartDataSwitchGameStrategy: [NoGameState]processMessage:EVENT_SERVICE_STATE_CHANGED
04-28 02:36:44.160  2690  2690 D Tile.OplusCellularTile: refreshState: tile not listening, ignore
04-28 02:36:44.160  3163  4405 I SmartDataSwitchGameStrategy: [NoGameState]updateCidWithServiceState update cid for phone:0 from: 154651651 to: 231612949 under rat: 13
04-28 02:36:44.160  3163  3592 D EventManager: onServiceStateChanged subId = 1, mDdsSubId = 1
04-28 02:36:44.160  3163  3592 D TelephonyImpl: getRealNrState start:0
04-28 02:36:44.161  3163  3596 D NAS-CallIssueDetector: onServiceStateChanged
04-28 02:36:44.161  3163  3596 D OplusCiwlanController: [vodata] processServiceStateChanged  phoneid = 0, original roaming type = 0,roaming type = 0
04-28 02:36:44.161  3163  3596 D OplusCiwlanController: [vodata] processServiceStateChanged  phoneid = 1, original roaming type = 0,roaming type = 0
04-28 02:36:44.161  3248  3248 D QuickChangeAirplaneModeEvent: onServiceStateChanged slotId:0
04-28 02:36:44.162  3163  3604 I PCDR-CellStatisticProcessor[0]: handleExitOneLongCampRegionCell
04-28 02:36:44.163  3248  3248 D NetworkService[0]: onServiceStateChanged, NetworkType:13
04-28 02:36:44.163  2021  2403 W ContextImpl: Calling a method in the system process without a qualified user: android.app.ContextImpl.sendBroadcastMultiplePermissions:1364 com.android.server.TelephonyRegistry.broadcastServiceStateChanged:4213 com.android.server.TelephonyRegistry.notifyServiceStateForPhoneId:1873 com.android.internal.telephony.ITelephonyRegistry$Stub.onTransact:613 android.os.Binder.execTransactInternal:1444 
04-28 02:36:44.163  3248  3248 E ExtremeCommUtils: getSwitchRusSupportMcc invalid index 2
04-28 02:36:44.163  3248  3248 D ExtremeCommUtils: isSupporCheck rusContain:false,propContain(persist.sys.oplus.support_fence_check_mcc):false
04-28 02:36:44.163  3248  3248 D ExtremeCommService: handleServiceStateChanged mStartExtremeComm:true,isExpectMcc(isSupportHyperUplink):true(404)
04-28 02:36:44.163  3248  3248 E ExtremeCommUtils: getSwitchRusSupportMcc invalid index 4
04-28 02:36:44.163  3248  3248 D ExtremeCommUtils: isSupporCheck rusContain:false,propContain(persist.sys.oplus.support_cloud_data_mcc):false
04-28 02:36:44.163  3248  3248 E ExtremeCommUtils: getSwitchRusSupportMcc invalid index 3
04-28 02:36:44.163  3248  3248 D ExtremeCommUtils: isSupporCheck rusContain:false,propContain(persist.sys.oplus.support_in_fence_mcc):false
04-28 02:36:44.163  3248  3248 D MsimSubModeManager: registTelephonyEvent onServiceStateChanged eventId:3, VoiceRegState:0, DataRegState:0
04-28 02:36:44.164  3248  3248 D SubsysEventListenerManager-SubsysTelephonyCallback[0]: onCellLocationChanged
04-28 02:36:44.164  3248  3248 D MsimSubModeManager: handleMessage what:3
04-28 02:36:44.164  3248  3248 D MsimSubModeManager: getMsimSimServiceIn() i:0,mServiceState:0
04-28 02:36:44.164  3248  3248 D MsimSubModeManager: getMsimSimServiceIn() i:1,mServiceState:3
04-28 02:36:44.164  2021  2403 W ContextImpl: Calling a method in the system process without a qualified user: android.app.ContextImpl.sendBroadcastMultiplePermissions:1364 com.android.server.TelephonyRegistry.broadcastServiceStateChanged:4219 com.android.server.TelephonyRegistry.notifyServiceStateForPhoneId:1873 com.android.internal.telephony.ITelephonyRegistry$Stub.onTransact:613 android.os.Binder.execTransactInternal:1444 
04-28 02:36:44.165  3248  4346 I ImsGuardUnit[0]: onServiceStateChanged
04-28 02:36:44.165  3248  4346 I ImsGuardUnit[0]: handleMessage: 4
04-28 02:36:44.166  2690  2864 I SystemUi--Statusbar: MobileConnectionRepositoryImpl-->subId:1 isSoftSimCard:false slotId:0
04-28 02:36:44.167  3163  3594 D OplusLinkBoostCommon: dds servicestate change
04-28 02:36:44.168  2021  2377 D ActivityManager: reportOneUidFrozenStateChanged uid 10327 frozen = false
04-28 02:36:44.168  2021  2149 D ActivityManager: sync unfroze 18973 com.google.android.cellbroadcastreceiver for 3
04-28 02:36:44.168  2021  2149 D ActivityManager: Async freezing 18973 com.google.android.cellbroadcastreceiver
04-28 02:36:44.169  2021  2149 D ActivityManager: Cancel freezing 18973 com.google.android.cellbroadcastreceiver
04-28 02:36:44.169  2021  2149 D ActivityManager: Async freezing 18973 com.google.android.cellbroadcastreceiver
04-28 02:36:44.170  2021  2149 D ActivityManager: Cancel freezing 18973 com.google.android.cellbroadcastreceiver
04-28 02:36:44.170  2690  2690 I KeyguardUpdateMonitor: action=android.intent.action.SERVICE_STATE subId=1 slotId=0
04-28 02:36:44.171  3106  3106 I Telephony: q0: TelecomAccountRegistry: onServiceStateChanged: newState=0, mServiceState=0
04-28 02:36:44.171 18973 18973 D CellBroadcastReceiver: onReceive Intent { act=android.intent.action.SERVICE_STATE flg=0x1000010 xflg=0x4 cmp=com.google.android.cellbroadcastreceiver/com.android.cellbroadcastreceiver.CellBroadcastReceiver (has extras) }
04-28 02:36:44.171  2690  2771 I SystemUi--QuickSettings: Tile.OplusCellularTile-->updateCarrierText: dialog not showing, ignore
04-28 02:36:44.171 18973 18973 D CellBroadcastReceiver: onServiceStateChanged, ss: 0
04-28 02:36:44.171 18973 18973 D CellBroadcastReceiver: networkOperator: 40492
04-28 02:36:44.171 18973 18973 D CellBroadcastReceiver: update supported roaming operator as 
04-28 02:36:44.172  3106  3106 D PhoneInterfaceManager: isRttSupported: carrier: false, device: true, mtk: false
04-28 02:36:44.172  2021  3328 D ActivityManager: Async freezing 18973 com.google.android.cellbroadcastreceiver
04-28 02:36:44.173  3106  3106 I Telephony: isRttCurrentlySupported -- regular acct, hasVoiceAvailability: true
04-28 02:36:44.173  3106  3106 I Telephony:  isRttSupported: false
04-28 02:36:44.173  3106  3106 I Telephony:  isUserRttSettingOn: false
04-28 02:36:44.173  3106  3106 I Telephony:  alwaysAllowWhileRoaming: false
04-28 02:36:44.173  3106  3106 I Telephony:  isRoaming: false
04-28 02:36:44.173  3106  3106 I Telephony:  isOnWfc: false
04-28 02:36:44.174  3163  3592 D ScoreServiceProxy: registerScoreChanged uid -1 period 8 threshold 6
04-28 02:36:44.174  1359 17877 D AudioPolicyService: updateUidStates_l() current->uid=10643 current->pid=22863 allowCapture=1 UidState=4 apmStat=1
04-28 02:36:44.174  3106  3106 V OplusCustomizeCacheManager: queryCache name: cache_key.system_server.common_customize_cache18016 param: null
04-28 02:36:44.175  3106  3106 V OplusCustomizeCacheManager: queryCache name: cache_key.system_server.common_customize_cache18013 param: null
04-28 02:36:44.175  3106  3106 V OplusCustomizeCacheManager: queryCache name: cache_key.system_server.common_customize_cache18014 param: null
04-28 02:36:44.175  3106  3106 V OplusCustomizeCacheManager: queryCache name: cache_key.system_server.common_customize_cache18017 param: Bundle[{SETTING=BLOCK, BUSINESS=NCT-DATA}]
04-28 02:36:44.175  2690  2771 D SimStateHelper: sts slot:0, lock state:-1
04-28 02:36:44.175  1359 17877 D AudioPolicyService: updateUidStates_l() current->uid=10643 current->pid=22863 allowCapture=1 UidState=4 apmStat=1
04-28 02:36:44.176  3248  3248 D RadioMessenger: handleMessage Request msgid 2341
04-28 02:36:44.176  3248  3248 D ScorePolicyManager: removeID 173486526 policy 3342341
04-28 02:36:44.176  3248  3248 D RadioMessenger: handleMessage Request msgid 2340
04-28 02:36:44.176  2690  2771 D SimStateHelper: sts slot:1, lock state:-1
04-28 02:36:44.176  2690  2771 D SimStateHelper: needDisableMenu: slot1State=-1; slot2State=-1
04-28 02:36:44.176  2690  2771 D SimStateHelper: needDisableMenu:false
04-28 02:36:44.176  3248  3248 D ScorePolicyManager: ID 173486526 policy 3342341 clinetScoreClient: 173486526 3342341 -1 8 6 8 false 0 179687581 null
04-28 02:36:44.177  3106  3106 D InternationalRoamingNotification: init
04-28 02:36:44.177  3106  3106 D InternationalRoamingNotification: do not createRoamingNotification for error version
04-28 02:36:44.178  3106  3619 D PhoneInterfaceManager: QueryTelephonyChecker-getDataNetworkTypeForSubscriber: packageName = com.android.phone, isGrant = true
04-28 02:36:44.179  2690  2690 I SystemUi--Keyguard: OplusEmergencyButtonExImpl-->updateEmergencyCallButton: isTablet=false isWifiOnly=false isInCall=false visible=true
04-28 02:36:44.195  2690  2690 W KeyguardSecurityViewFlipper: onMeasure: widthSpec MeasureSpec: EXACTLY 1080 should be AT_MOST
04-28 02:36:44.195  2690  2690 W KeyguardSecurityViewFlipper: onMeasure: heightSpec MeasureSpec: EXACTLY 2344 should be AT_MOST
04-28 02:36:44.195  2690  2690 W KeyguardSecurityViewFlipper: onMeasure: widthSpec MeasureSpec: EXACTLY 1080 should be AT_MOST
04-28 02:36:44.196  2690  2690 W KeyguardSecurityViewFlipper: onMeasure: heightSpec MeasureSpec: EXACTLY 2344 should be AT_MOST
04-28 02:36:44.259  1221  1477 I OriginChannel: now system_time:78420880	pwm_rgb: system_time:78420615, lux:13, time_delta:16, pwm_turbo:1, bri:1364, r:877, g:460, b:370, c:1771, algo:2, end:40169, ts:78420440837019	pwm_rgb: system_time:78420616, lux:13, time_delta:16, pwm_turbo:1, bri:1364, r:865, g:460, b:373, c:1768, algo:2, end:40169, ts:78420457503019	pwm_rgb: system_time:78420616, lux:13, time_delta:16, pwm_turbo:1, bri:1364, r:874, g:460, b:373, c:1774, algo:2, end:40169, ts:78420474169019	pwm_rgb: system_time:78420616, lux:13, time_delta:16, pwm_turbo:1, bri:1364, r:883, g:471, b:389, c:1780, algo:2, end:40169, ts:78420490835019	pwm_rgb: system_time:78420616, lux:13, time_delta:16, pwm_turbo:1, bri:1364, r:868, g:460, b:373, c:1768, algo:2, end:105705, ts:78420507501019	
04-28 02:36:44.260  2021  2373 D FusionLightNextGen: process end reported = 1, mode: 1, cnt: 154595, lux 0.0, cct -1.0, r/g/b/c: 871.0/460.0/370.0/1771.0, R/G/B: 101.0/101.0/98.0, bri 1364.0, match 0.81, ir 0.000000, conf 0.0, ts 78420754964043
04-28 02:36:44.347  1212 23609 D CwbService: normal mode or switch to doze from power off/doze suspend mode, mPowerMode = 2
04-28 02:36:44.348  1265  1265 D SensorFeature: name=ssc_screenshot_info ,index = 22
04-28 02:36:44.349  1265  1265 D SensorFeature: write 37 bytes:78420951031451,78420967698118,40171,0
04-28 02:36:44.355  2690 24106 I UTrace.Sdk.HLogConfigHelper: [SeedlingSdkFramework|com.android.systemui] checkLogFiles() no log files [SeedlingSdk|com.android.systemui|2.0.40-ebe132d]
04-28 02:36:44.436  1241  1272 I libPerfCtl: xgfGetFPS pid:2690 fps:-1
04-28 02:36:44.505  2881  8871 D JsBridgeTimer: com.alarmclock.quick setIntervalCallback id:8
04-28 02:36:44.524  1221  1477 I OriginChannel: now system_time:78421144	pwm_rgb: system_time:78420880, lux:13, time_delta:16, pwm_turbo:1, bri:1364, r:877, g:471, b:389, c:1777, algo:2, end:40170, ts:78420688300043	pwm_rgb: system_time:78420880, lux:13, time_delta:16, pwm_turbo:1, bri:1364, r:871, g:460, b:370, c:1771, algo:2, end:40170, ts:78420704966043	pwm_rgb: system_time:78420880, lux:13, time_delta:16, pwm_turbo:1, bri:1364, r:874, g:454, b:373, c:1771, algo:2, end:40170, ts:78420721632043	pwm_rgb: system_time:78420880, lux:13, time_delta:16, pwm_turbo:1, bri:1364, r:871, g:460, b:370, c:1774, algo:2, end:40170, ts:78420738298043	pwm_rgb: system_time:78420880, lux:13, time_delta:16, pwm_turbo:1, bri:1364, r:883, g:471, b:392, c:1783, algo:2, end:105706, ts:78420754964043	
04-28 02:36:44.591  1212 23609 D CwbService: normal mode or switch to doze from power off/doze suspend mode, mPowerMode = 2
04-28 02:36:44.592  1265  1265 D SensorFeature: name=ssc_screenshot_info ,index = 22
04-28 02:36:44.593  1265  1265 D SensorFeature: write 37 bytes:78421195757220,78421212423887,40172,0
04-28 02:36:44.604  3211  4887 I om.oplus.athena: Explicit concurrent mark compact GC freed 4320KB AllocSpace bytes, 0(0B) LOS objects, 82% free, 2600KB/14MB, paused 745us,2.074ms total 37.889ms
04-28 02:36:44.637  6704  6765 E MIDASApplication: MIDASPullAtomManager: onPullAtom 150122
04-28 02:36:44.667  1242  1242 D android.hardware.thermal-service.mediatek: i=0 tz_data[i].tz_idx[0]=14
04-28 02:36:44.681  2021  2403 W Settings: Setting notification_bubbles has moved from android.provider.Settings.Global to android.provider.Settings.Secure, returning read-only value.
04-28 02:36:44.682  2021  2403 W Settings: Setting apply_ramping_ringer has moved from android.provider.Settings.Global to android.provider.Settings.System, returning read-only value.
04-28 02:36:44.686  2021  2403 W SettingsStatsUtil: Can not parse value to float: +network
04-28 02:36:44.756  1269  1327 I touch-main: [readTemper] read temperature 33373
04-28 02:36:44.788  1221  1477 I OriginChannel: now system_time:78421408	pwm_rgb: system_time:78421144, lux:13, time_delta:16, pwm_turbo:1, bri:1364, r:874, g:460, b:376, c:1765, algo:2, end:40171, ts:78420919067759	pwm_rgb: system_time:78421144, lux:13, time_delta:16, pwm_turbo:1, bri:1364, r:868, g:454, b:367, c:1771, algo:2, end:40171, ts:78420935733759	pwm_rgb: system_time:78421144, lux:13, time_delta:16, pwm_turbo:1, bri:1364, r:880, g:471, b:389, c:1783, algo:2, end:40171, ts:78420952399759	pwm_rgb: system_time:78421144, lux:13, time_delta:16, pwm_turbo:1, bri:1364, r:871, g:454, b:370, c:1768, algo:2, end:40171, ts:78420969065759	pwm_rgb: system_time:78421144, lux:13, time_delta:16, pwm_turbo:1, bri:1364, r:865, g:457, b:370, c:1771, algo:2, end:105707, ts:78420985731759	
04-28 02:36:44.791  1243  1263 D power@timer: [mtkPowerTimer] visRead:0
04-28 02:36:44.835  1212 23609 D CwbService: normal mode or switch to doze from power off/doze suspend mode, mPowerMode = 2
04-28 02:36:44.836  1265  1265 D SensorFeature: name=ssc_screenshot_info ,index = 22
04-28 02:36:44.837  1265  1265 D SensorFeature: write 37 bytes:78421439746143,78421456412810,40173,0
04-28 02:36:44.864  1273  1354 D vendor.oplus.hardware.charger-V10-service: ret_value:125, read content:,328,330,4075,4075,35,67,67,1,1,0,412,4968,67,1,4490,600,500,0,8,-22,8,0,1,0,2,0,0,0,1,60058,100,3561,3950,6005,0,0,0,0,0,28
04-28 02:36:44.864  1273  1354 D vendor.oplus.hardware.charger-V10-service: gmtime: 2026-04-28-02-36-44
04-28 02:36:44.865  1273  1354 D vendor.oplus.hardware.charger-V10-service: usb_online:1, ac_online:-2147483648, wireless_online:-2147483648
04-28 02:36:44.942  1578  2016 D ULogGuard: Monitoring: 15 threads, 0 requests, 0 time-bombs; 1 guards. ResetFlags = 0x7
04-28 02:36:45.029  1359 17877 D AudioPolicyService: updateUidStates_l() current->uid=10643 current->pid=22863 allowCapture=1 UidState=4 apmStat=1
04-28 02:36:45.030  1359 17877 D AudioPolicyService: updateUidStates_l() current->uid=10643 current->pid=22863 allowCapture=1 UidState=4 apmStat=1
04-28 02:36:45.052  1221  1477 I OriginChannel: now system_time:78421672	pwm_rgb: system_time:78421408, lux:13, time_delta:16, pwm_turbo:1, bri:1364, r:871, g:465, b:370, c:1774, algo:2, end:40172, ts:78421166500538	pwm_rgb: system_time:78421408, lux:13, time_delta:16, pwm_turbo:1, bri:1364, r:868, g:451, b:370, c:1774, algo:2, end:40172, ts:78421183166538	pwm_rgb: system_time:78421408, lux:13, time_delta:16, pwm_turbo:1, bri:1364, r:871, g:465, b:367, c:1771, algo:2, end:40172, ts:78421199832538	pwm_rgb: system_time:78421408, lux:13, time_delta:16, pwm_turbo:1, bri:1364, r:883, g:465, b:389, c:1780, algo:2, end:40172, ts:78421216498538	pwm_rgb: system_time:78421408, lux:13, time_delta:16, pwm_turbo:1, bri:1364, r:871, g:457, b:370, c:1777, algo:2, end:105708, ts:78421233164538	
04-28 02:36:45.080  1212 23609 D CwbService: normal mode or switch to doze from power off/doze suspend mode, mPowerMode = 2
04-28 02:36:45.080  1265  1265 D SensorFeature: name=ssc_screenshot_info ,index = 22
04-28 02:36:45.081  1265  1265 D SensorFeature: write 37 bytes:78421684013912,78421700680579,40174,0
04-28 02:36:45.180  2021  2383 V AlarmManager: sending alarm Alarm{91b40fc type 1 origWhen 1777324005180 whenElapsed 78421800 android} uid 1000 whenElapsed 78421800 windowLength 0 maxWhenElapsed 78421800 repeatInterval 0 action null component null tag StorgaeBandInfoAlarmTag flags 0x9 procName system_server
04-28 02:36:45.182  2021  7188 E OplusStorageUFSBandwidth: storage_io_metrics_path is /proc/oplus_storage/io_metrics/forever/
04-28 02:36:45.186  2021  7188 E OplusStorageUFSBandwidth: Bandwidth - Read: 0.00 MB/s, Write: 0.00 MB/s
04-28 02:36:45.186  2021  7188 E OplusStorageUFSBandwidth: Task time: 4ms
04-28 02:36:45.193  2021  7188 E OplusStorageUFSBandwidth: Alarm set to trigger in 10 seconds
04-28 02:36:45.222  3106  3106 D OplusTelephonyController: onSignalStrengthChanged: SignalStrength=SignalStrength:{mCdma=CellSignalStrengthCdma: cdmaDbm=2147483647 cdmaEcio=2147483647 evdoDbm=2147483647 evdoEcio=2147483647 evdoSnr=2147483647 level=0,mGsm=CellSignalStrengthGsm: rssi=2147483647 ber=2147483647 mTa=2147483647 mLevel=0,mWcdma=CellSignalStrengthWcdma: ss=2147483647 ber=2147483647 rscp=2147483647 ecno=2147483647 level=0,mTdscdma=CellSignalStrengthTdscdma: rssi=2147483647 ber=2147483647 rscp=2147483647 level=0,mLte=CellSignalStrengthLte: rssi=-71 rsrp=-79 rsrq=-9 rssnr=4 cqiTableIndex=2147483647 cqi=0 ta=0 level=4 parametersUseForLevel=0,mNr=CellSignalStrengthNr:{ csiRsrp = 2147483647 csiRsrq = 2147483647 csiCqiTableIndex = 2147483647 csiCqiReport = [] ssRsrp = 2147483647 ssRsrq = 2147483647 ssSinr = 2147483647 level = 0 parametersUseForLevel = 0 timingAdvance = 2147483647 },primary=CellSignalStrengthLte}
04-28 02:36:45.226  3248  3248 D SubsysEventListenerManager-SubsysTelephonyCallback[0]: onSignalStrengthsChanged
04-28 02:36:45.229  2690  2690 D Tile.OplusCellularTile: refreshState: tile not listening, ignore
04-28 02:36:45.233  2690  2864 I SystemUi--Statusbar: MobileConnectionRepositoryImpl-->subId:1 isSoftSimCard:false slotId:0
04-28 02:36:45.316  1221  1477 I OriginChannel: now system_time:78421936	pwm_rgb: system_time:78421672, lux:13, time_delta:16, pwm_turbo:1, bri:1364, r:862, g:451, b:373, c:1765, algo:2, end:40173, ts:78421413933611	pwm_rgb: system_time:78421673, lux:13, time_delta:16, pwm_turbo:1, bri:1364, r:874, g:460, b:373, c:1762, algo:2, end:40173, ts:78421430599611	pwm_rgb: system_time:78421673, lux:13, time_delta:16, pwm_turbo:1, bri:1364, r:868, g:457, b:370, c:1765, algo:2, end:40173, ts:78421447265611	pwm_rgb: system_time:78421673, lux:13, time_delta:16, pwm_turbo:1, bri:1364, r:868, g:457, b:373, c:1771, algo:2, end:40173, ts:78421463931611	pwm_rgb: system_time:78421673, lux:13, time_delta:16, pwm_turbo:1, bri:1364, r:877, g:471, b:385, c:1777, algo:2, end:105709, ts:78421480597611	
04-28 02:36:45.322  1212 23609 D CwbService: normal mode or switch to doze from power off/doze suspend mode, mPowerMode = 2
04-28 02:36:45.323  1265  1265 D SensorFeature: name=ssc_screenshot_info ,index = 22
04-28 02:36:45.324  1265  1265 D SensorFeature: write 37 bytes:78421926264682,78421942931349,40175,0
04-28 02:36:45.359  3248  3248 D SubsysEventListenerManager-SubsysTelephonyCallback[0]: onCellInfoChanged
04-28 02:36:45.360  3248  3248 D AtomGameLatencyInfo: EVENT_CELL_CHANGE404_92_4_40492dce2215_4047_246_3686
04-28 02:36:45.360  3248  3248 D CellChangeEvent: update event
04-28 02:36:45.360  3248  3248 D GameLatencyFetchEvent: EVENT_UPDATE_TRUE
04-28 02:36:45.360  3248  3248 D PolicyHandler: updateEventContext trigger event Event{mEventName=CellChangeEvent,mNickName=cellchange,mEventVal=true,mDefaultVal=false,mId=-1,mDefaultId=-1,mInstanceId=0,mUseNameId=false}
04-28 02:36:45.361  3106  3106 W Settings: Setting airplane_mode_on has moved from android.provider.Settings.System to android.provider.Settings.Global, returning read-only value.
04-28 02:36:45.361  4100  9086 I midasd  : OplusObrainService::notifyEventIntArray eventId:39 iParams.size:1
04-28 02:36:45.364  6704  6625 I OplusObrain: OplusObrainClientInvoke.nativeGetTelephonyInfo
04-28 02:36:45.365  6704  6625 I OplusObrain: OplusObrainClientInvoke.nativeGetTrafficTypeInfoForNetworkType networkType 0
04-28 02:36:45.369  2021  2403 D KernelStatsHelper: getKernelStats start!
04-28 02:36:45.372  2021  2537 D OplusNetlinkSocket: handleNetlinkRecvKernelMessage:nlmsghdr:StructNlMsgHdr{ nlmsg_len{3004}, nlmsg_type{65()}, nlmsg_flags{0()}, nlmsg_seq{0}, nlmsg_pid{132450793} }
04-28 02:36:45.372  2021  2537 D KernelStatsHelper: get magic :[-1, -1, -1, 77, 65, 71, 73, 67]
04-28 02:36:45.372  2021  2537 D KernelStatsHelper: magic matched count:415 data_len:21580
04-28 02:36:45.373  2021  2537 D OplusNetlinkSocket: handleNetlinkRecvKernelMessage:nlmsghdr:StructNlMsgHdr{ nlmsg_len{2988}, nlmsg_type{65()}, nlmsg_flags{0()}, nlmsg_seq{0}, nlmsg_pid{132450793} }
04-28 02:36:45.373  2021  2537 D OplusNetlinkSocket: handleNetlinkRecvKernelMessage:nlmsghdr:StructNlMsgHdr{ nlmsg_len{2988}, nlmsg_type{65()}, nlmsg_flags{0()}, nlmsg_seq{0}, nlmsg_pid{132450793} }
04-28 02:36:45.373  2021  2537 D OplusNetlinkSocket: handleNetlinkRecvKernelMessage:nlmsghdr:StructNlMsgHdr{ nlmsg_len{2988}, nlmsg_type{65()}, nlmsg_flags{0()}, nlmsg_seq{0}, nlmsg_pid{132450793} }
04-28 02:36:45.373  2021  2537 D OplusNetlinkSocket: handleNetlinkRecvKernelMessage:nlmsghdr:StructNlMsgHdr{ nlmsg_len{2988}, nlmsg_type{65()}, nlmsg_flags{0()}, nlmsg_seq{0}, nlmsg_pid{132450793} }
04-28 02:36:45.373  2021  2537 D OplusNetlinkSocket: handleNetlinkRecvKernelMessage:nlmsghdr:StructNlMsgHdr{ nlmsg_len{2988}, nlmsg_type{65()}, nlmsg_flags{0()}, nlmsg_seq{0}, nlmsg_pid{132450793} }
04-28 02:36:45.374  2021  2537 D OplusNetlinkSocket: handleNetlinkRecvKernelMessage:nlmsghdr:StructNlMsgHdr{ nlmsg_len{2988}, nlmsg_type{65()}, nlmsg_flags{0()}, nlmsg_seq{0}, nlmsg_pid{132450793} }
04-28 02:36:45.374  2021  2537 D OplusNetlinkSocket: handleNetlinkRecvKernelMessage:nlmsghdr:StructNlMsgHdr{ nlmsg_len{856}, nlmsg_type{65()}, nlmsg_flags{0()}, nlmsg_seq{0}, nlmsg_pid{132450793} }
04-28 02:36:45.374  2021  2537 D KernelStatsHelper: data over! check: true
04-28 02:36:45.441  1273  1357 D [ANTI_EXPANSION]: mKeyAntiExpansionData :1777318004,1777310625,0,0,0,0,0,0,4,0,2,0,0,6,6,41,0,0,2,0,0,0,0,0,0,2,0,8282,0.C=ò.L=94!!!
04-28 02:36:45.441  1273  1357 D [ANTI_EXPANSION]: chg_update_anti_expansion_check_thread In progress: [67,false] [1777324005,47125] [20,6],[0,0,3] 116
04-28 02:36:45.473  2881 24108 I UTrace.Sdk.HLogConfigHelper: [PantaCardSdk|com.android.launcher] checkLogFiles() no log files [OplusLauncher|com.android.launcher|2.0.44-25e9612]
04-28 02:36:45.508  2881  8871 D JsBridgeTimer: com.alarmclock.quick setIntervalCallback id:8
04-28 02:36:45.566  1212 23609 D CwbService: normal mode or switch to doze from power off/doze suspend mode, mPowerMode = 2
04-28 02:36:45.567  1265  1265 D SensorFeature: name=ssc_screenshot_info ,index = 22
04-28 02:36:45.568  1265  1265 D SensorFeature: write 37 bytes:78422170206220,78422186872887,40176,0
04-28 02:36:45.580  1221  1477 I OriginChannel: now system_time:78422200	pwm_rgb: system_time:78421936, lux:13, time_delta:16, pwm_turbo:1, bri:1364, r:871, g:460, b:382, c:1771, algo:2, end:40174, ts:78421678063687	pwm_rgb: system_time:78421937, lux:13, time_delta:16, pwm_turbo:1, bri:1364, r:877, g:454, b:373, c:1768, algo:2, end:40174, ts:78421694729687	pwm_rgb: system_time:78421937, lux:13, time_delta:16, pwm_turbo:1, bri:1364, r:865, g:454, b:370, c:1765, algo:2, end:40174, ts:78421711395687	pwm_rgb: system_time:78421937, lux:13, time_delta:16, pwm_turbo:1, bri:1364, r:874, g:460, b:370, c:1768, algo:2, end:40174, ts:78421728061687	pwm_rgb: system_time:78421937, lux:13, time_delta:16, pwm_turbo:1, bri:1364, r:880, g:465, b:385, c:1786, algo:2, end:105710, ts:78421744727687	
04-28 02:36:45.581  2021  2373 D FusionLightNextGen: process end reported = 1, mode: 1, cnt: 154600, lux 0.0, cct -1.0, r/g/b/c: 868.0/457.0/370.0/1765.0, R/G/B: 101.0/101.0/98.0, bri 1364.0, match 0.67, ir 0.000000, conf 0.0, ts 78422008826745
04-28 02:36:45.812  1212 23609 D CwbService: normal mode or switch to doze from power off/doze suspend mode, mPowerMode = 2
04-28 02:36:45.814  1265  1265 D SensorFeature: name=ssc_screenshot_info ,index = 22
04-28 02:36:45.814  1265  1265 D SensorFeature: write 37 bytes:78422416963143,78422433629810,40177,0
04-28 02:36:45.824  2021  2345 I OplusCpuLimitManager: OplusCpuHighLoad: request instant cpu load
04-28 02:36:45.826  2021  2345 E OsenseCommonUtils: write /dev/memcg/memory.force_shrink_file failed
04-28 02:36:45.826  2021  2345 E OsenseCommonUtils: java.io.IOException: write failed: EBUSY (Device or resource busy)
04-28 02:36:45.826  2021  2345 E OsenseCommonUtils: 	at libcore.io.IoBridge.write(IoBridge.java:651)
04-28 02:36:45.826  2021  2345 E OsenseCommonUtils: 	at java.io.FileOutputStream.write(FileOutputStream.java:436)
04-28 02:36:45.826  2021  2345 E OsenseCommonUtils: 	at sun.nio.cs.StreamEncoder.writeBytes(StreamEncoder.java:233)
04-28 02:36:45.826  2021  2345 E OsenseCommonUtils: 	at sun.nio.cs.StreamEncoder.implFlushBuffer(StreamEncoder.java:309)
04-28 02:36:45.826  2021  2345 E OsenseCommonUtils: 	at sun.nio.cs.StreamEncoder.implFlush(StreamEncoder.java:313)
04-28 02:36:45.826  2021  2345 E OsenseCommonUtils: 	at sun.nio.cs.StreamEncoder.flush(StreamEncoder.java:153)
04-28 02:36:45.826  2021  2345 E OsenseCommonUtils: 	at java.io.OutputStreamWriter.flush(OutputStreamWriter.java:248)
04-28 02:36:45.826  2021  2345 E OsenseCommonUtils: 	at com.android.server.oplus.osense.utils.OsenseCommonUtils.writeFile(OsenseCommonUtils.java:154)
04-28 02:36:45.826  2021  2345 E OsenseCommonUtils: 	at com.android.server.am.OplusOsenseCompressAction.doGlobalShrink(OplusOsenseCompressAction.java:1887)
04-28 02:36:45.826  2021  2345 E OsenseCommonUtils: 	at com.android.server.am.OplusOsenseCompressAction.-$$Nest$mdoGlobalShrink(Unknown Source:0)
04-28 02:36:45.826  2021  2345 E OsenseCommonUtils: 	at com.android.server.am.OplusOsenseCompressAction$CompressHandler.handleMessage(OplusOsenseCompressAction.java:1335)
04-28 02:36:45.826  2021  2345 E OsenseCommonUtils: 	at android.os.Handler.dispatchMessage(Handler.java:115)
04-28 02:36:45.826  2021  2345 E OsenseCommonUtils: 	at android.os.Looper.loopOnce(Looper.java:302)
04-28 02:36:45.826  2021  2345 E OsenseCommonUtils: 	at android.os.Looper.loop(Looper.java:412)
04-28 02:36:45.826  2021  2345 E OsenseCommonUtils: 	at android.os.HandlerThread.run(HandlerThread.java:85)
04-28 02:36:45.826  2021  2345 E OsenseCommonUtils: Caused by: android.system.ErrnoException: write failed: EBUSY (Device or resource busy)
04-28 02:36:45.826  2021  2345 E OsenseCommonUtils: 	at libcore.io.Linux.writeBytes(Native Method)
04-28 02:36:45.826  2021  2345 E OsenseCommonUtils: 	at libcore.io.Linux.write(Linux.java:338)
04-28 02:36:45.826  2021  2345 E OsenseCommonUtils: 	at libcore.io.ForwardingOs.write(ForwardingOs.java:954)
04-28 02:36:45.826  2021  2345 E OsenseCommonUtils: 	at libcore.io.BlockGuardOs.write(BlockGuardOs.java:448)
04-28 02:36:45.826  2021  2345 E OsenseCommonUtils: 	at libcore.io.IoBridge.write(IoBridge.java:646)
04-28 02:36:45.826  2021  2345 E OsenseCommonUtils: 	... 14 more
04-28 02:36:45.826  2021  2345 I OplusCpuLimitManager: OplusCpuHighLoad: release instant cpu load
04-28 02:36:45.846  1221  1477 I OriginChannel: now system_time:78422467	pwm_rgb: system_time:78422200, lux:13, time_delta:16, pwm_turbo:1, bri:1364, r:862, g:457, b:373, c:1765, algo:2, end:40175, ts:78421942162745	pwm_rgb: system_time:78422201, lux:13, time_delta:16, pwm_turbo:1, bri:1364, r:871, g:460, b:376, c:1768, algo:2, end:40175, ts:78421958828745	pwm_rgb: system_time:78422201, lux:13, time_delta:16, pwm_turbo:1, bri:1364, r:868, g:457, b:370, c:1768, algo:2, end:40175, ts:78421975494745	pwm_rgb: system_time:78422201, lux:13, time_delta:16, pwm_turbo:1, bri:1364, r:868, g:454, b:370, c:1765, algo:2, end:40175, ts:78421992160745	pwm_rgb: system_time:78422201, lux:13, time_delta:16, pwm_turbo:1, bri:1364, r:880, g:473, b:389, c:1777, algo:2, end:105711, ts:78422008826745	
04-28 02:36:46.057  1212 23609 D CwbService: normal mode or switch to doze from power off/doze suspend mode, mPowerMode = 2
04-28 02:36:46.058  1265  1265 D SensorFeature: name=ssc_screenshot_info ,index = 22
04-28 02:36:46.058  1265  1265 D SensorFeature: write 37 bytes:78422661096066,78422677762733,40178,0
04-28 02:36:46.109  1221  1477 I OriginChannel: now system_time:78422729	pwm_rgb: system_time:78422467, lux:13, time_delta:16, pwm_turbo:1, bri:1364, r:871, g:457, b:373, c:1762, algo:2, end:40177, ts:78422356286057	pwm_rgb: system_time:78422467, lux:13, time_delta:16, pwm_turbo:1, bri:1364, r:871, g:457, b:373, c:1774, algo:2, end:40177, ts:78422372952057	pwm_rgb: system_time:78422467, lux:13, time_delta:16, pwm_turbo:1, bri:1364, r:874, g:457, b:376, c:1774, algo:2, end:40177, ts:78422389618057	pwm_rgb: system_time:78422467, lux:13, time_delta:16, pwm_turbo:1, bri:1364, r:880, g:468, b:379, c:1780, algo:2, end:40177, ts:78422406284057	pwm_rgb: system_time:78422467, lux:13, time_delta:16, pwm_turbo:1, bri:1364, r:868, g:460, b:370, c:1771, algo:2, end:105713, ts:78422422950057	
04-28 02:36:46.226  3248  3741 D MtkRadioService: getRRCStatus
04-28 02:36:46.227  3248  3741 D RadioProxyJ[0]: [9486]> getRRCStatus
04-28 02:36:46.236  1492  1548 D MipcProxy: handleMessage msg is 4001, instance 0
04-28 02:36:46.236  1492  1548 D RadioProxy: getRRCStatus : response cb for instance 0
04-28 02:36:46.237  3248 25599 D RadioProxyJ[0]: [9486]< getRRCStatusResponse 0
04-28 02:36:46.238  3248  3741 D CoexRfService: report RRC state:false
04-28 02:36:46.245  2021  2403 W ActivityManager: Unable to start service Intent { xflg=0x4 cmp=com.puzzle.prankster.brain/Il1LlLiIlI1L.i1l1I1ili1li mCallingUid=10591 } U=0: not found
04-28 02:36:46.260  1206 23518 I oprec_audrec: oplus_oprec_wrapper_process: 0xb400007dd0c00000 0xb400007e0428de80 640 0xb400007e04335000 3840 no delay
04-28 02:36:46.260  1206 23518 I oprec_audrec: oplus_oprec_wrapper_process: input  960 4 1 24
04-28 02:36:46.260  1206 23518 I oprec_audrec: oplus_oprec_wrapper_process: output 320 2 1 16
04-28 02:36:46.300  1212 23609 D CwbService: normal mode or switch to doze from power off/doze suspend mode, mPowerMode = 2
04-28 02:36:46.301  1265  1265 D SensorFeature: name=ssc_screenshot_info ,index = 22
04-28 02:36:46.301  1265  1265 D SensorFeature: write 37 bytes:78422904287451,78422920954118,40179,0
04-28 02:36:46.373  1221  1477 I OriginChannel: now system_time:78422994	pwm_rgb: system_time:78422729, lux:13, time_delta:16, pwm_turbo:1, bri:1364, r:871, g:454, b:364, c:1765, algo:2, end:40178, ts:78422620385461	pwm_rgb: system_time:78422729, lux:13, time_delta:16, pwm_turbo:1, bri:1364, r:868, g:457, b:376, c:1771, algo:2, end:40178, ts:78422637051461	pwm_rgb: system_time:78422729, lux:13, time_delta:16, pwm_turbo:1, bri:1364, r:871, g:460, b:373, c:1771, algo:2, end:40178, ts:78422653717461	pwm_rgb: system_time:78422729, lux:13, time_delta:16, pwm_turbo:1, bri:1364, r:883, g:471, b:392, c:1780, algo:2, end:40178, ts:78422670383461	pwm_rgb: system_time:78422729, lux:13, time_delta:16, pwm_turbo:1, bri:1364, r:871, g:457, b:370, c:1768, algo:2, end:105714, ts:78422687049461	
04-28 02:36:46.511  2881  8871 D JsBridgeTimer: com.alarmclock.quick setIntervalCallback id:8
04-28 02:36:46.544  1212 23609 D CwbService: normal mode or switch to doze from power off/doze suspend mode, mPowerMode = 2
04-28 02:36:46.545  1265  1265 D SensorFeature: name=ssc_screenshot_info ,index = 22
04-28 02:36:46.545  1265  1265 D SensorFeature: write 37 bytes:78423148201912,78423164868579,40180,0
04-28 02:36:46.604  2570  2570 D WifiHAL : WifiRequest::create vendor command to iface 40, vendor_id=0x1a11, subcmd=0x1200, res=0
04-28 02:36:46.616  2570  2570 I WifiHAL : LLS RSP: data=0xb400007d6b69f020, len=4716
04-28 02:36:46.616  2570  2570 I WifiHAL : LLS check_data_sanity: 1829: current_radio_stat->num_channels=27
04-28 02:36:46.616  2570  2570 I WifiHAL : LLS check_data_sanity: 1829: current_radio_stat->num_channels=24
04-28 02:36:46.616  2570  2570 I WifiHAL : LLS check_data_sanity: confirmed_size=4716, len=4716
04-28 02:36:46.636  1221  1477 I OriginChannel: now system_time:78423257	pwm_rgb: system_time:78422994, lux:13, time_delta:16, pwm_turbo:1, bri:1364, r:871, g:457, b:367, c:1771, algo:2, end:40179, ts:78422884514668	pwm_rgb: system_time:78422994, lux:13, time_delta:16, pwm_turbo:1, bri:1364, r:871, g:454, b:376, c:1771, algo:2, end:40179, ts:78422901180668	pwm_rgb: system_time:78422994, lux:13, time_delta:16, pwm_turbo:1, bri:1364, r:871, g:462, b:373, c:1768, algo:2, end:40179, ts:78422917846668	pwm_rgb: system_time:78422994, lux:13, time_delta:16, pwm_turbo:1, bri:1364, r:886, g:471, b:385, c:1783, algo:2, end:40179, ts:78422934512668	pwm_rgb: system_time:78422994, lux:13, time_delta:16, pwm_turbo:1, bri:1364, r:868, g:460, b:376, c:1774, algo:2, end:105715, ts:78422951178668	
04-28 02:36:46.641  3248  3248 D VendorWifiService: onEvent event:9,action:1
04-28 02:36:46.653  2021  2559 D ScorerUtils: isLowTraffic: txTputKBps=0, rxTputKBps=0
04-28 02:36:46.655  2021  2559 D OplusWifiPower_TriggerCenter: mComponentCallback: wifistat
04-28 02:36:46.660  2690  2865 D skia    : GrGpu::writePixels takes 1
04-28 02:36:46.668  1364  1364 I BufferQueueProducer: [StatusBar#88](this:0xb4000073f9af72f8,id:-1,api:0,p:-1,c:1364) queueBuffer: fps=0.33 dur=3033.29 max=3033.29 min=3033.29
04-28 02:36:46.673  1212 23609 I hwcomposer: [HWCDisplay] (0 updateFps():4512), (type:1, mode:2) fps:0.658937,dur:3035.19,max:2853.06,min:182.13  
04-28 02:36:46.770  5254  5874 D connection::usb::device: [usb_device]current proxy server is running
04-28 02:36:46.771  5254  5874 D connection::usb::device: [usb_device]current ipsync server is running
04-28 02:36:46.789  1212 23609 D CwbService: normal mode or switch to doze from power off/doze suspend mode, mPowerMode = 2
04-28 02:36:46.790  1212 23609 I CwbService: Configure changed, reconfig histogram mode: 0.
04-28 02:36:46.791  1212 23609 D libcomposer_ext: DeviceImplAidl::DeviceClientContextAidl::ParseRequestPartialUpdateEnable()
04-28 02:36:46.843  1212 23609 I CwbService: WaitForLayerChange timeout,run mRefreshCb
04-28 02:36:46.895  1212 23609 D libcomposer_ext: DeviceImplAidl::DeviceClientContextAidl::ParseRequestPartialUpdateEnable()
04-28 02:36:46.897  1212 23609 D CwbService: RGB value: 101, 101, 98, hist:40, 59, 214,  rgb_state: 0
04-28 02:36:46.898  1265  1265 D SensorFeature: name=ssc_screenshot_info ,index = 22
04-28 02:36:46.899  1265  1265 D SensorFeature: write 37 bytes:78423501309297,78423517975964,40181,0
04-28 02:36:47.048  2021  2346 D osense.compress: com.instagram.android do shrink, target ratio = 74, final ratio = 90, cur ratio = 58
04-28 02:36:47.140  1212 23609 D CwbService: normal mode or switch to doze from power off/doze suspend mode, mPowerMode = 2
04-28 02:36:47.141  1265  1265 D SensorFeature: name=ssc_screenshot_info ,index = 22
04-28 02:36:47.142  1265  1265 D SensorFeature: write 37 bytes:78423744594759,78423761261426,40182,0
04-28 02:36:47.165  1221  1477 I OriginChannel: now system_time:78423785	pwm_rgb: system_time:78423257, lux:13, time_delta:16, pwm_turbo:1, bri:1364, r:874, g:457, b:370, c:1768, algo:2, end:40180, ts:78423115281962	pwm_rgb: system_time:78423257, lux:13, time_delta:16, pwm_turbo:1, bri:1364, r:880, g:471, b:382, c:1780, algo:2, end:40180, ts:78423131947962	pwm_rgb: system_time:78423257, lux:13, time_delta:16, pwm_turbo:1, bri:1364, r:868, g:457, b:376, c:1774, algo:2, end:40180, ts:78423148613962	pwm_rgb: system_time:78423257, lux:13, time_delta:16, pwm_turbo:1, bri:1364, r:874, g:457, b:373, c:1759, algo:2, end:40180, ts:78423165279962	pwm_rgb: system_time:78423257, lux:13, time_delta:16, pwm_turbo:1, bri:1364, r:868, g:460, b:370, c:1774, algo:2, end:105716, ts:78423181945962	
04-28 02:36:47.165  2021  2373 D FusionLightNextGen: process end reported = 1, mode: 1, cnt: 154605, lux 0.0, cct -1.0, r/g/b/c: 868.0/457.0/376.0/1774.0, R/G/B: 101.0/101.0/98.0, bri 1364.0, match 0.90, ir 0.000000, conf 0.0, ts 78423676842967
04-28 02:36:47.186  2021  2383 V AlarmManager: sending alarm Alarm{d46f5a6 type 1 origWhen 1777324007186 whenElapsed 78423806 android} uid 1000 whenElapsed 78423806 windowLength 0 maxWhenElapsed 78423806 repeatInterval 0 action null component null tag StorgaeBandInfoAlarmTag flags 0x9 procName system_server
04-28 02:36:47.188  2021  7188 E OplusStorageUFSBandwidth: storage_io_metrics_path is /proc/oplus_storage/io_metrics/forever/
04-28 02:36:47.193  2021  7188 E OplusStorageUFSBandwidth: Bandwidth - Read: 0.00 MB/s, Write: 0.00 MB/s
04-28 02:36:47.193  2021  7188 E OplusStorageUFSBandwidth: Task time: 5ms
04-28 02:36:47.195  2021  7188 E OplusStorageUFSBandwidth: Alarm set to trigger in 10 seconds
04-28 02:36:47.383  1212 23609 D CwbService: normal mode or switch to doze from power off/doze suspend mode, mPowerMode = 2
04-28 02:36:47.384  1265  1265 D SensorFeature: name=ssc_screenshot_info ,index = 22
04-28 02:36:47.385  1265  1265 D SensorFeature: write 37 bytes:78423987851143,78424004517810,40183,0
04-28 02:36:47.404  5983 24109 W OPLUS_LOG_LOAD: ==LOGS PROG INFO, prog(com.coloros.assistantscreen) ==
04-28 02:36:47.404  5983 24109 I UTrace.Sdk.HLogConfigHelper: [PantaCardSdk|com.coloros.assistantscreen] checkLogFiles() no log files [base|com.coloros.assistantscreen|2.0.42-6d1531a]
04-28 02:36:47.428  1221  1477 I OriginChannel: now system_time:78424049	pwm_rgb: system_time:78423785, lux:13, time_delta:16, pwm_turbo:1, bri:1364, r:868, g:457, b:370, c:1783, algo:2, end:131072, ts:78423676842967	
04-28 02:36:47.441  1213  1213 D healthd : system healthd: battery l=67 v=4 t=32.8 h=2 st=2 c=-256 fc=6200000 cc=74 chg=u
04-28 02:36:47.452  1273  1273 D ChargerInfo: getInfo: type: 0x1, update: 1
04-28 02:36:47.452  1273  1304 D ChargerInfo: chargerInfoUpdateThread: update start
04-28 02:36:47.454  1273  1304 D ChargerInfo: enableTx: path(/proc/wireless/enable_tx): not exist
04-28 02:36:47.455  1273  1304 D ChargerInfo: wlsAdapterPower: path(/sys/class/oplus_chg/wireless/max_w_power): not exist
04-28 02:36:47.455  1273  1304 D ChargerInfo: unknown: path(/sys/class/oplus_chg/ac/online) and backupPath(/sys/class/power_supply/ac/online) not exist
04-28 02:36:47.456  1273  1304 D ChargerInfo: get_ui_charge_icon_type: [0 0] [0 0] 1
04-28 02:36:47.457  1273  1304 D ChargerInfo: unknown: path(/sys/class/oplus_chg/ac/online) and backupPath(/sys/class/power_supply/ac/online) not exist
04-28 02:36:47.457  1273  1304 D ChargerInfo: cpaPower:2500 isChargeOnline:1 isSupportRetentionTopic:0
04-28 02:36:47.457  1273  1304 E ChargerInfo: SingleHyperPath not found
04-28 02:36:47.458  1273  1304 D ChargerInfo: chargerInfoUpdateThread: update end
04-28 02:36:47.458  1273  1304 D ChargerInfo: chargerInfoUpdateThread: update wait
04-28 02:36:47.459  1273  1273 D ChargerInfo: enableTx: path(/proc/wireless/enable_tx): not exist
04-28 02:36:47.459  1273  1273 D ChargerInfo: wlsAdapterPower: path(/sys/class/oplus_chg/wireless/max_w_power): not exist
04-28 02:36:47.459  1273  1273 D ChargerInfo: getInfo: {"Update":{"batteryFcc":6005,"batteryRm":3950,"bddLeakCurr":0,"bmsStatus":0,"bypassChgStatus":2,"chargeTimeRemaining":0,"cpaPower":2,"enableTx":"0","fastCharge":0,"isSupportSpeedCharge":0,"notifyCode":0,"otgOnline":1,"ppsChargePower":0,"ppsCharging":0,"shortCHwStatus":0,"shortIcOtpStatus":0,"uiIconType":0,"uiPower":0,"usbStatus":0,"wlsAdapterPower":0}}
04-28 02:36:47.512  2881  8871 D JsBridgeTimer: com.alarmclock.quick setIntervalCallback id:8
04-28 02:36:47.629  1212 23609 D CwbService: normal mode or switch to doze from power off/doze suspend mode, mPowerMode = 2
04-28 02:36:47.630  1265  1265 D SensorFeature: name=ssc_screenshot_info ,index = 22
04-28 02:36:47.631  1265  1265 D SensorFeature: write 37 bytes:78424233139759,78424249806426,40184,0
04-28 02:36:47.665  1241  1272 I libPerfCtl: xgfGetFPS pid:2690 fps:-1
04-28 02:36:47.693  1221  1477 I OriginChannel: now system_time:78424313	pwm_rgb: system_time:78424049, lux:13, time_delta:16, pwm_turbo:1, bri:1364, r:871, g:460, b:370, c:1771, algo:2, end:40183, ts:78423940972750	pwm_rgb: system_time:78424049, lux:13, time_delta:16, pwm_turbo:1, bri:1364, r:874, g:457, b:373, c:1768, algo:2, end:40183, ts:78423957638750	pwm_rgb: system_time:78424049, lux:13, time_delta:16, pwm_turbo:1, bri:1364, r:874, g:462, b:373, c:1768, algo:2, end:40183, ts:78423974304750	pwm_rgb: system_time:78424049, lux:13, time_delta:16, pwm_turbo:1, bri:1364, r:886, g:473, b:389, c:1786, algo:2, end:40183, ts:78423990970750	pwm_rgb: system_time:78424049, lux:13, time_delta:16, pwm_turbo:1, bri:1364, r:874, g:454, b:370, c:1774, algo:2, end:105719, ts:78424007636750	
04-28 02:36:47.740  1367  1377 D ccci_mdinit: (1):monitor_time_update_thread round:4804 ########
04-28 02:36:47.873  1212 23609 D CwbService: normal mode or switch to doze from power off/doze suspend mode, mPowerMode = 2
04-28 02:36:47.875  1265  1265 D SensorFeature: name=ssc_screenshot_info ,index = 22
04-28 02:36:47.875  1265  1265 D SensorFeature: write 37 bytes:78424477633836,78424494300503,40185,0
04-28 02:36:47.945  1578  2016 D ULogGuard: Monitoring: 15 threads, 0 requests, 0 time-bombs; 1 guards. ResetFlags = 0x7
04-28 02:36:47.957  1221  1477 I OriginChannel: now system_time:78424578	pwm_rgb: system_time:78424313, lux:13, time_delta:16, pwm_turbo:1, bri:1364, r:868, g:457, b:373, c:1771, algo:2, end:40184, ts:78424205101996	pwm_rgb: system_time:78424314, lux:13, time_delta:16, pwm_turbo:1, bri:1364, r:874, g:460, b:373, c:1783, algo:2, end:40184, ts:78424221767996	pwm_rgb: system_time:78424314, lux:13, time_delta:16, pwm_turbo:1, bri:1364, r:871, g:457, b:370, c:1774, algo:2, end:40184, ts:78424238433996	pwm_rgb: system_time:78424314, lux:13, time_delta:16, pwm_turbo:1, bri:1364, r:889, g:473, b:385, c:1786, algo:2, end:40184, ts:78424255099996	pwm_rgb: system_time:78424314, lux:13, time_delta:16, pwm_turbo:1, bri:1364, r:868, g:460, b:373, c:1771, algo:2, end:105720, ts:78424271765996	
04-28 02:36:47.960  1594  1594 D AALLightSensor: oldLux=0 [SA:-1 LA:-1] newLux=0 (oriLux: 0)
04-28 02:36:48.117  1212 23609 D CwbService: normal mode or switch to doze from power off/doze suspend mode, mPowerMode = 2
04-28 02:36:48.117  1265  1265 D SensorFeature: name=ssc_screenshot_info ,index = 22
04-28 02:36:48.118  1265  1265 D SensorFeature: write 37 bytes:78424721004297,78424737670964,40186,0
04-28 02:36:48.222  1221  1477 I OriginChannel: now system_time:78424842	pwm_rgb: system_time:78424578, lux:13, time_delta:16, pwm_turbo:1, bri:1364, r:880, g:471, b:385, c:1783, algo:2, end:40185, ts:78424452565919	pwm_rgb: system_time:78424578, lux:13, time_delta:16, pwm_turbo:1, bri:1364, r:868, g:457, b:370, c:1768, algo:2, end:40185, ts:78424469231919	pwm_rgb: system_time:78424578, lux:13, time_delta:16, pwm_turbo:1, bri:1364, r:871, g:457, b:376, c:1777, algo:2, end:40185, ts:78424485897919	pwm_rgb: system_time:78424578, lux:13, time_delta:16, pwm_turbo:1, bri:1364, r:874, g:460, b:370, c:1774, algo:2, end:40185, ts:78424502563919	pwm_rgb: system_time:78424578, lux:13, time_delta:16, pwm_turbo:1, bri:1364, r:874, g:468, b:385, c:1786, algo:2, end:105721, ts:78424519229919	
04-28 02:36:48.360  1212 23609 D CwbService: normal mode or switch to doze from power off/doze suspend mode, mPowerMode = 2
04-28 02:36:48.361  1265  1265 D SensorFeature: name=ssc_screenshot_info ,index = 22
04-28 02:36:48.361  1265  1265 D SensorFeature: write 37 bytes:78424964070220,78424980736887,40187,0
04-28 02:36:48.478  2021  2141 D ActivityManager: Async freezing 7396 com.google.android.apps.messaging
04-28 02:36:48.485  1221  1477 I OriginChannel: now system_time:78425106	pwm_rgb: system_time:78424842, lux:13, time_delta:16, pwm_turbo:1, bri:1364, r:865, g:454, b:373, c:1771, algo:2, end:40186, ts:78424700029382	pwm_rgb: system_time:78424842, lux:13, time_delta:16, pwm_turbo:1, bri:1364, r:886, g:473, b:389, c:1771, algo:2, end:40186, ts:78424716695382	pwm_rgb: system_time:78424842, lux:13, time_delta:16, pwm_turbo:1, bri:1364, r:871, g:457, b:373, c:1774, algo:2, end:40186, ts:78424733361382	pwm_rgb: system_time:78424842, lux:13, time_delta:16, pwm_turbo:1, bri:1364, r:868, g:460, b:367, c:1765, algo:2, end:40186, ts:78424750027382	pwm_rgb: system_time:78424842, lux:13, time_delta:16, pwm_turbo:1, bri:1364, r:871, g:454, b:376, c:1777, algo:2, end:105722, ts:78424766693382	
04-28 02:36:48.487  2021  2373 D FusionLightNextGen: process end reported = 1, mode: 1, cnt: 154610, lux 0.0, cct -1.0, r/g/b/c: 871.0/454.0/370.0/1771.0, R/G/B: 101.0/101.0/98.0, bri 1364.0, match 0.89, ir 0.000000, conf 0.0, ts 78424997490935
04-28 02:36:48.491  7396 12339 I ForwardSyncCache: reclaimMemory: Clearing caches
04-28 02:36:48.493  7396 12339 W Bugle   : TextClassifierLibManagerImpl: Reclaiming memory at level: 40
04-28 02:36:48.513  2881  8871 W OPLUS_LOG_LOAD: ==LOGS PROG INFO, prog(com.android.launcher) ==
04-28 02:36:48.513  2881  8871 D JsBridgeTimer: com.alarmclock.quick setIntervalCallback id:8
04-28 02:36:48.603  1212 23609 D CwbService: normal mode or switch to doze from power off/doze suspend mode, mPowerMode = 2
04-28 02:36:48.604  1265  1265 D SensorFeature: name=ssc_screenshot_info ,index = 22
04-28 02:36:48.604  1265  1265 D SensorFeature: write 37 bytes:78425207256297,78425223922964,40188,0
04-28 02:36:48.680  4100 14276 E midasd  : getTotalFlipsFromSf mCurFrameCount: 1023791
04-28 02:36:48.681  4100 14276 I midasd  : DisplayAgent updateDisplayDevInfo getRenderFps mFps:60 mRenderFps:8 mWidth:1080 mHeight:2344
04-28 02:36:48.750  1221  1477 I OriginChannel: now system_time:78425370	pwm_rgb: system_time:78425106, lux:13, time_delta:16, pwm_turbo:1, bri:1364, r:874, g:460, b:376, c:1774, algo:2, end:40187, ts:78424930826935	pwm_rgb: system_time:78425106, lux:13, time_delta:16, pwm_turbo:1, bri:1364, r:871, g:457, b:376, c:1774, algo:2, end:40187, ts:78424947492935	pwm_rgb: system_time:78425106, lux:13, time_delta:16, pwm_turbo:1, bri:1364, r:871, g:454, b:370, c:1771, algo:2, end:40187, ts:78424964158935	pwm_rgb: system_time:78425106, lux:13, time_delta:16, pwm_turbo:1, bri:1364, r:880, g:471, b:382, c:1780, algo:2, end:40187, ts:78424980824935	pwm_rgb: system_time:78425106, lux:13, time_delta:16, pwm_turbo:1, bri:1364, r:871, g:457, b:367, c:1777, algo:2, end:105723, ts:78424997490935	
04-28 02:36:48.846  1212 23609 D CwbService: normal mode or switch to doze from power off/doze suspend mode, mPowerMode = 2
04-28 02:36:48.846  1265  1265 D SensorFeature: name=ssc_screenshot_info ,index = 22
04-28 02:36:48.847  1265  1265 D SensorFeature: write 37 bytes:78425449987143,78425466653810,40189,0
04-28 02:36:48.889  5033  5383 I APS_ALOG: flushRoutine g_immediateFlush=0 g_pendingCount=0 g_oobCount=0
04-28 02:36:48.925  2021  2403 W PackageManager: package com.puzzle.prankster.brain uid 10591 pid 31858 call SetEnabledSetting(com.puzzle.prankster.brain component = androidx.work.impl.background.systemalarm.RescheduleReceiver, 1, 0)
04-28 02:36:48.951  2021  3388 E ActivityManager: FGS logic changed: [WIU changed] Orig WIU:PROC_STATE_PERSISTENT New WIU:DENIED Orig BFSL:PROC_STATE_PERSISTENT New BFSL:PROC_STATE_FGS cmp: {com.puzzle.prankster.brain/com.gxq.mmurcnsxkbnaerlnq} sdk: 33
04-28 02:36:48.952  2021  3388 I ActivityManager: Background started FGS: Allowed [callingPackage: com.puzzle.prankster.brain; callingUid: 10591; uidState: FGS ; uidBFSL: [BFSL]; intent: Intent { cmp=com.puzzle.prankster.brain/com.gxq.mmurcnsxkbnaerlnq mCallingUid=1000 }; code:PROC_STATE_FGS; tempAllowListReason:<null>; allowWiu:-1; targetSdkVersion:33; callerTargetSdkVersion:33; startForegroundCount:0; bindFromPackage:null: isBindService:false]
04-28 02:36:48.952  2021  3388 W ForegroundServiceTypeLoggerModule: Foreground service start for UID: 10591 does not have any types
04-28 02:36:48.953  2690  4653 I SystemUi--QuickSettings: OplusFgsManagerController-->onForegroundStateChanged: com.puzzle.prankster.brain 0 true 2
04-28 02:36:48.953  2690  4653 I SystemUi--QuickSettings: OplusFgsManagerController-->onForegroundStateChanged numPackagesAfter: 2
04-28 02:36:48.964  2021  2141 D NotificationService--OplusNotificationFixHelper: fixAppIcon: pkg=com.puzzle.prankster.brain
04-28 02:36:48.964  2021  2141 D NotificationService--OplusNotificationFixHelper: fixAppIcon: appIcon = null, pkg = com.puzzle.prankster.brain
04-28 02:36:48.964  2021  2141 D NotificationService--NotificationRecord: isSupportRearLight , isRearLight = false mLedRM = false isMultilLed = false
04-28 02:36:48.965  5128  7061 D gaia-GaiaConnectChecker: start connect check++
04-28 02:36:48.976  2021  4126 W ActivityManager: Foreground service started from background can not have location/camera/microphone access: service com.puzzle.prankster.brain/com.qkn.cckhsdenqdrdquhbda
04-28 02:36:48.977  2690  4653 I SystemUi--QuickSettings: OplusFgsManagerController-->onForegroundStateChanged: com.puzzle.prankster.brain 0 true 2
