04-28 02:37:01.255  3248  3741 D CoexRfService: report RRC state:false
04-28 02:37:01.257  2021  3328 W OPLUS_LOG_LOAD: ==LOGS PROG INFO, prog(system_server) ==
04-28 02:37:01.257  2021  3328 W ActivityManager: Unable to start service Intent { xflg=0x4 cmp=com.puzzle.prankster.brain/Il1LlLiIlI1L.i1l1I1ili1li mCallingUid=10591 } U=0: not found
04-28 02:37:01.427  1221  1477 I OriginChannel: now system_time:78438047	pwm_rgb: system_time:78437783, lux:13, time_delta:16, pwm_turbo:1, bri:1364, r:865, g:454, b:370, c:1771, algo:2, end:40237, ts:78437557800336	pwm_rgb: system_time:78437784, lux:13, time_delta:16, pwm_turbo:1, bri:1364, r:874, g:451, b:373, c:1768, algo:2, end:40237, ts:78437574466336	pwm_rgb: system_time:78437784, lux:13, time_delta:16, pwm_turbo:1, bri:1364, r:883, g:476, b:389, c:1789, algo:2, end:40237, ts:78437591132336	pwm_rgb: system_time:78437784, lux:13, time_delta:16, pwm_turbo:1, bri:1364, r:871, g:457, b:367, c:1768, algo:2, end:40237, ts:78437607798336	pwm_rgb: system_time:78437784, lux:13, time_delta:16, pwm_turbo:1, bri:1364, r:868, g:457, b:379, c:1774, algo:2, end:105773, ts:78437624464336	
04-28 02:37:01.471  1212 23609 D CwbService: normal mode or switch to doze from power off/doze suspend mode, mPowerMode = 2
04-28 02:37:01.472  1265  1265 D SensorFeature: name=ssc_screenshot_info ,index = 22
04-28 02:37:01.473  1265  1265 D SensorFeature: write 37 bytes:78438075481606,78438092148273,40239,0
04-28 02:37:01.532  2881  8871 D JsBridgeTimer: com.alarmclock.quick setIntervalCallback id:8
04-28 02:37:01.691  1221  1477 I OriginChannel: now system_time:78438312	pwm_rgb: system_time:78438047, lux:13, time_delta:16, pwm_turbo:1, bri:1364, r:871, g:457, b:367, c:1771, algo:2, end:40238, ts:78437805233400	pwm_rgb: system_time:78438048, lux:13, time_delta:16, pwm_turbo:1, bri:1364, r:874, g:457, b:376, c:1768, algo:2, end:40238, ts:78437821899400	pwm_rgb: system_time:78438048, lux:13, time_delta:16, pwm_turbo:1, bri:1364, r:868, g:457, b:370, c:1771, algo:2, end:40238, ts:78437838565400	pwm_rgb: system_time:78438048, lux:13, time_delta:16, pwm_turbo:1, bri:1364, r:883, g:476, b:385, c:1780, algo:2, end:40238, ts:78437855231400	pwm_rgb: system_time:78438048, lux:13, time_delta:16, pwm_turbo:1, bri:1364, r:865, g:457, b:367, c:1768, algo:2, end:105774, ts:78437871897400	
04-28 02:37:01.717  1212 23609 D CwbService: normal mode or switch to doze from power off/doze suspend mode, mPowerMode = 2
04-28 02:37:01.718  1265  1265 D SensorFeature: name=ssc_screenshot_info ,index = 22
04-28 02:37:01.720  1265  1265 D SensorFeature: write 37 bytes:78438321353913,78438338020580,40240,0
04-28 02:37:01.731  2570  2570 D WifiHAL : WifiRequest::create vendor command to iface 40, vendor_id=0x1a11, subcmd=0x1200, res=0
04-28 02:37:01.736  2570  2570 I WifiHAL : LLS RSP: data=0xb400007d6b69f020, len=4716
04-28 02:37:01.736  2570  2570 I WifiHAL : LLS check_data_sanity: 1829: current_radio_stat->num_channels=27
04-28 02:37:01.736  2570  2570 I WifiHAL : LLS check_data_sanity: 1829: current_radio_stat->num_channels=24
04-28 02:37:01.736  2570  2570 I WifiHAL : LLS check_data_sanity: confirmed_size=4716, len=4716
04-28 02:37:01.748  3248  3248 D VendorWifiService: onEvent event:9,action:1
04-28 02:37:01.757  2021  2559 D ScorerUtils: isLowTraffic: txTputKBps=0, rxTputKBps=0
04-28 02:37:01.758  2021  2559 D OplusWifiPower_TriggerCenter: mComponentCallback: wifistat
04-28 02:37:01.956  1221  1477 I OriginChannel: now system_time:78438576	pwm_rgb: system_time:78438312, lux:13, time_delta:16, pwm_turbo:1, bri:1364, r:871, g:462, b:379, c:1771, algo:2, end:40239, ts:78438052230400	pwm_rgb: system_time:78438312, lux:13, time_delta:16, pwm_turbo:1, bri:1364, r:871, g:460, b:370, c:1768, algo:2, end:40239, ts:78438068896400	pwm_rgb: system_time:78438312, lux:13, time_delta:16, pwm_turbo:1, bri:1364, r:868, g:454, b:373, c:1771, algo:2, end:40239, ts:78438085562400	pwm_rgb: system_time:78438312, lux:13, time_delta:16, pwm_turbo:1, bri:1364, r:868, g:454, b:373, c:1759, algo:2, end:40239, ts:78438102228400	pwm_rgb: system_time:78438312, lux:13, time_delta:16, pwm_turbo:1, bri:1364, r:880, g:476, b:385, c:1774, algo:2, end:105775, ts:78438118894400	
04-28 02:37:01.957  2021  2373 D FusionLightNextGen: process end reported = 1, mode: 1, cnt: 154660, lux 0.0, cct -1.0, r/g/b/c: 871.0/460.0/376.0/1771.0, R/G/B: 101.0/101.0/98.0, bri 1364.0, match 0.61, ir 0.000000, conf 0.0, ts 78438383460645
04-28 02:37:01.961  1212 23609 D CwbService: normal mode or switch to doze from power off/doze suspend mode, mPowerMode = 2
04-28 02:37:01.963  1265  1265 D SensorFeature: name=ssc_screenshot_info ,index = 22
04-28 02:37:01.963  1265  1265 D SensorFeature: write 37 bytes:78438565785529,78438582452196,40241,0
04-28 02:37:02.205  1212 23609 D CwbService: normal mode or switch to doze from power off/doze suspend mode, mPowerMode = 2
04-28 02:37:02.206  1265  1265 D SensorFeature: name=ssc_screenshot_info ,index = 22
04-28 02:37:02.207  1265  1265 D SensorFeature: write 37 bytes:78438809689836,78438826356503,40242,0
04-28 02:37:02.219  1221  1477 I OriginChannel: now system_time:78438840	pwm_rgb: system_time:78438576, lux:13, time_delta:16, pwm_turbo:1, bri:1364, r:871, g:460, b:376, c:1771, algo:2, end:40240, ts:78438316796645	pwm_rgb: system_time:78438577, lux:13, time_delta:16, pwm_turbo:1, bri:1364, r:868, g:454, b:370, c:1771, algo:2, end:40240, ts:78438333462645	pwm_rgb: system_time:78438577, lux:13, time_delta:16, pwm_turbo:1, bri:1364, r:871, g:457, b:373, c:1771, algo:2, end:40240, ts:78438350128645	pwm_rgb: system_time:78438577, lux:13, time_delta:16, pwm_turbo:1, bri:1364, r:868, g:465, b:376, c:1774, algo:2, end:40240, ts:78438366794645	pwm_rgb: system_time:78438577, lux:13, time_delta:16, pwm_turbo:1, bri:1364, r:883, g:471, b:382, c:1777, algo:2, end:105776, ts:78438383460645	
04-28 02:37:02.449  1212 23609 D CwbService: normal mode or switch to doze from power off/doze suspend mode, mPowerMode = 2
04-28 02:37:02.451  1265  1265 D SensorFeature: name=ssc_screenshot_info ,index = 22
04-28 02:37:02.451  1265  1265 D SensorFeature: write 37 bytes:78439053165606,78439069832273,40243,0
04-28 02:37:02.484  1221  1477 I OriginChannel: now system_time:78439104	pwm_rgb: system_time:78438840, lux:13, time_delta:16, pwm_turbo:1, bri:1364, r:868, g:460, b:379, c:1777, algo:2, end:40241, ts:78438580895347	pwm_rgb: system_time:78438840, lux:13, time_delta:16, pwm_turbo:1, bri:1364, r:871, g:460, b:370, c:1768, algo:2, end:40241, ts:78438597561347	pwm_rgb: system_time:78438840, lux:13, time_delta:16, pwm_turbo:1, bri:1364, r:865, g:451, b:370, c:1771, algo:2, end:40241, ts:78438614227347	pwm_rgb: system_time:78438840, lux:13, time_delta:16, pwm_turbo:1, bri:1364, r:871, g:457, b:376, c:1771, algo:2, end:40241, ts:78438630893347	pwm_rgb: system_time:78438840, lux:13, time_delta:16, pwm_turbo:1, bri:1364, r:886, g:468, b:389, c:1783, algo:2, end:105777, ts:78438647559347	
04-28 02:37:02.536  2881  8871 D JsBridgeTimer: com.alarmclock.quick setIntervalCallback id:8
04-28 02:37:02.695  1212 23609 D CwbService: normal mode or switch to doze from power off/doze suspend mode, mPowerMode = 2
04-28 02:37:02.697  1265  1265 D SensorFeature: name=ssc_screenshot_info ,index = 22
04-28 02:37:02.697  1265  1265 D SensorFeature: write 37 bytes:78439299625221,78439316291888,40244,0
04-28 02:37:02.722  2021  2583 D OplusNetRttKit: getIcmpEchoRtt addr:192.168.0.*** avgRtt: 0
04-28 02:37:02.746  1221  1477 I OriginChannel: now system_time:78439367	pwm_rgb: system_time:78439104, lux:13, time_delta:16, pwm_turbo:1, bri:1364, r:868, g:457, b:379, c:1768, algo:2, end:40243, ts:78438994988736	pwm_rgb: system_time:78439104, lux:13, time_delta:16, pwm_turbo:1, bri:1364, r:871, g:460, b:367, c:1768, algo:2, end:40243, ts:78439011654736	pwm_rgb: system_time:78439104, lux:13, time_delta:16, pwm_turbo:1, bri:1364, r:868, g:460, b:373, c:1768, algo:2, end:40243, ts:78439028320736	pwm_rgb: system_time:78439104, lux:13, time_delta:16, pwm_turbo:1, bri:1364, r:883, g:471, b:382, c:1780, algo:2, end:40243, ts:78439044986736	pwm_rgb: system_time:78439104, lux:13, time_delta:16, pwm_turbo:1, bri:1364, r:868, g:454, b:376, c:1777, algo:2, end:105779, ts:78439061652736	
04-28 02:37:02.938  1212 23609 D CwbService: normal mode or switch to doze from power off/doze suspend mode, mPowerMode = 2
04-28 02:37:02.939  1265  1265 D SensorFeature: name=ssc_screenshot_info ,index = 22
04-28 02:37:02.941  1265  1265 D SensorFeature: write 37 bytes:78439542844606,78439559511273,40245,0
04-28 02:37:02.959  1578  2016 D ULogGuard: Monitoring: 15 threads, 0 requests, 0 time-bombs; 1 guards. ResetFlags = 0x7
04-28 02:37:03.012  1221  1477 I OriginChannel: now system_time:78439632	pwm_rgb: system_time:78439367, lux:13, time_delta:16, pwm_turbo:1, bri:1364, r:865, g:454, b:370, c:1768, algo:2, end:40244, ts:78439259087582	pwm_rgb: system_time:78439367, lux:13, time_delta:16, pwm_turbo:1, bri:1364, r:871, g:454, b:373, c:1768, algo:2, end:40244, ts:78439275753582	pwm_rgb: system_time:78439367, lux:13, time_delta:16, pwm_turbo:1, bri:1364, r:874, g:457, b:373, c:1768, algo:2, end:40244, ts:78439292419582	pwm_rgb: system_time:78439367, lux:13, time_delta:16, pwm_turbo:1, bri:1364, r:880, g:473, b:382, c:1783, algo:2, end:40244, ts:78439309085582	pwm_rgb: system_time:78439367, lux:13, time_delta:16, pwm_turbo:1, bri:1364, r:871, g:457, b:370, c:1771, algo:2, end:105780, ts:78439325751582	
04-28 02:37:03.183  1212 23609 D CwbService: normal mode or switch to doze from power off/doze suspend mode, mPowerMode = 2
04-28 02:37:03.184  1265  1265 D SensorFeature: name=ssc_screenshot_info ,index = 22
04-28 02:37:03.184  1265  1265 D SensorFeature: write 37 bytes:78439787599375,78439804266042,40246,0
04-28 02:37:03.243  2021  2383 V AlarmManager: sending alarm Alarm{fa1b258 type 1 origWhen 1777324023243 whenElapsed 78439863 android} uid 1000 whenElapsed 78439863 windowLength 0 maxWhenElapsed 78439863 repeatInterval 0 action null component null tag StorgaeBandInfoAlarmTag flags 0x9 procName system_server
04-28 02:37:03.245  2021  7188 E OplusStorageUFSBandwidth: storage_io_metrics_path is /proc/oplus_storage/io_metrics/forever/
04-28 02:37:03.249  2021  7188 E OplusStorageUFSBandwidth: Bandwidth - Read: 0.00 MB/s, Write: 0.00 MB/s
04-28 02:37:03.249  2021  7188 E OplusStorageUFSBandwidth: Task time: 5ms
04-28 02:37:03.252  2021  7188 E OplusStorageUFSBandwidth: Alarm set to trigger in 10 seconds
04-28 02:37:03.275  1221  1477 I OriginChannel: now system_time:78439895	pwm_rgb: system_time:78439632, lux:13, time_delta:16, pwm_turbo:1, bri:1364, r:871, g:454, b:373, c:1768, algo:2, end:40245, ts:78439523186608	pwm_rgb: system_time:78439632, lux:13, time_delta:16, pwm_turbo:1, bri:1364, r:871, g:460, b:376, c:1771, algo:2, end:40245, ts:78439539852608	pwm_rgb: system_time:78439632, lux:13, time_delta:16, pwm_turbo:1, bri:1364, r:874, g:460, b:370, c:1774, algo:2, end:40245, ts:78439556518608	pwm_rgb: system_time:78439632, lux:13, time_delta:16, pwm_turbo:1, bri:1364, r:886, g:473, b:385, c:1780, algo:2, end:40245, ts:78439573184608	pwm_rgb: system_time:78439632, lux:13, time_delta:16, pwm_turbo:1, bri:1364, r:868, g:454, b:373, c:1774, algo:2, end:105781, ts:78439589850608	
04-28 02:37:03.276  2021  2373 D FusionLightNextGen: process end reported = 1, mode: 1, cnt: 154665, lux 0.0, cct -1.0, r/g/b/c: 871.0/460.0/373.0/1774.0, R/G/B: 101.0/101.0/98.0, bri 1364.0, match 0.86, ir 0.000000, conf 0.0, ts 78439837284059
04-28 02:37:03.425  1212 23609 D CwbService: normal mode or switch to doze from power off/doze suspend mode, mPowerMode = 2
04-28 02:37:03.426  1265  1265 D SensorFeature: name=ssc_screenshot_info ,index = 22
04-28 02:37:03.427  1265  1265 D SensorFeature: write 37 bytes:78440029775067,78440046441734,40247,0
04-28 02:37:03.538  2881  8871 D JsBridgeTimer: com.alarmclock.quick setIntervalCallback id:8
04-28 02:37:03.539  1221  1477 I OriginChannel: now system_time:78440160	pwm_rgb: system_time:78439895, lux:13, time_delta:16, pwm_turbo:1, bri:1364, r:880, g:465, b:382, c:1783, algo:2, end:40246, ts:78439770620059	pwm_rgb: system_time:78439896, lux:13, time_delta:16, pwm_turbo:1, bri:1364, r:871, g:460, b:373, c:1774, algo:2, end:40246, ts:78439787286059	pwm_rgb: system_time:78439896, lux:13, time_delta:16, pwm_turbo:1, bri:1364, r:877, g:454, b:370, c:1765, algo:2, end:40246, ts:78439803952059	pwm_rgb: system_time:78439896, lux:13, time_delta:16, pwm_turbo:1, bri:1364, r:871, g:457, b:382, c:1768, algo:2, end:40246, ts:78439820618059	pwm_rgb: system_time:78439896, lux:13, time_delta:16, pwm_turbo:1, bri:1364, r:886, g:468, b:382, c:1780, algo:2, end:105782, ts:78439837284059	
04-28 02:37:03.556  3248  3248 D RadioMessenger: handleMessage Request msgid 2311
04-28 02:37:03.557  3248  3248 D RadioProxyJ[0]: [9493]> getAllCellularCellInfo
04-28 02:37:03.565  1492  1548 D MipcProxy: handleMessage msg is 4001, instance 0
04-28 02:37:03.565  1492  1548 D RadioProxy: getAllCellularCellInfo : response cb for instance 0
04-28 02:37:03.566  3248 25599 D SubsysRadioResponse: getAllCellularCellInfoResponse
04-28 02:37:03.567  3248 25599 D SubsysRadioResponse: responseAllCellularCellInfo len:7
04-28 02:37:03.567  3248 25599 D RadioProxyJ[0]: [9493]< getAllCellularCellInfoResponse ******
04-28 02:37:03.567  3248  3248 D MessengerResponseHandler: handleMessage Response msgid 281
04-28 02:37:03.669  1212 23609 D CwbService: normal mode or switch to doze from power off/doze suspend mode, mPowerMode = 2
04-28 02:37:03.670  1265  1265 D SensorFeature: name=ssc_screenshot_info ,index = 22
04-28 02:37:03.671  1265  1265 D SensorFeature: write 37 bytes:78440273580913,78440290247580,40248,0
04-28 02:37:03.804  1221  1477 I OriginChannel: now system_time:78440424	pwm_rgb: system_time:78440160, lux:13, time_delta:16, pwm_turbo:1, bri:1364, r:868, g:454, b:376, c:1774, algo:2, end:40247, ts:78440001387059	pwm_rgb: system_time:78440160, lux:13, time_delta:16, pwm_turbo:1, bri:1364, r:874, g:462, b:373, c:1771, algo:2, end:40247, ts:78440018053059	pwm_rgb: system_time:78440160, lux:13, time_delta:16, pwm_turbo:1, bri:1364, r:880, g:471, b:385, c:1780, algo:2, end:40247, ts:78440034719059	pwm_rgb: system_time:78440160, lux:13, time_delta:16, pwm_turbo:1, bri:1364, r:871, g:457, b:370, c:1774, algo:2, end:40247, ts:78440051385059	pwm_rgb: system_time:78440160, lux:13, time_delta:16, pwm_turbo:1, bri:1364, r:874, g:457, b:370, c:1774, algo:2, end:105783, ts:78440068051059	
04-28 02:37:03.837  2021  2345 I OplusCpuLimitManager: OplusCpuHighLoad: request instant cpu load
04-28 02:37:03.839  2021  2345 E OsenseCommonUtils: write /dev/memcg/memory.force_shrink_file failed
04-28 02:37:03.839  2021  2345 E OsenseCommonUtils: java.io.IOException: write failed: EBUSY (Device or resource busy)
04-28 02:37:03.839  2021  2345 E OsenseCommonUtils: 	at libcore.io.IoBridge.write(IoBridge.java:651)
04-28 02:37:03.839  2021  2345 E OsenseCommonUtils: 	at java.io.FileOutputStream.write(FileOutputStream.java:436)
04-28 02:37:03.839  2021  2345 E OsenseCommonUtils: 	at sun.nio.cs.StreamEncoder.writeBytes(StreamEncoder.java:233)
04-28 02:37:03.839  2021  2345 E OsenseCommonUtils: 	at sun.nio.cs.StreamEncoder.implFlushBuffer(StreamEncoder.java:309)
04-28 02:37:03.839  2021  2345 E OsenseCommonUtils: 	at sun.nio.cs.StreamEncoder.implFlush(StreamEncoder.java:313)
04-28 02:37:03.839  2021  2345 E OsenseCommonUtils: 	at sun.nio.cs.StreamEncoder.flush(StreamEncoder.java:153)
04-28 02:37:03.839  2021  2345 E OsenseCommonUtils: 	at java.io.OutputStreamWriter.flush(OutputStreamWriter.java:248)
04-28 02:37:03.839  2021  2345 E OsenseCommonUtils: 	at com.android.server.oplus.osense.utils.OsenseCommonUtils.writeFile(OsenseCommonUtils.java:154)
04-28 02:37:03.839  2021  2345 E OsenseCommonUtils: 	at com.android.server.am.OplusOsenseCompressAction.doGlobalShrink(OplusOsenseCompressAction.java:1887)
04-28 02:37:03.839  2021  2345 E OsenseCommonUtils: 	at com.android.server.am.OplusOsenseCompressAction.-$$Nest$mdoGlobalShrink(Unknown Source:0)
04-28 02:37:03.839  2021  2345 E OsenseCommonUtils: 	at com.android.server.am.OplusOsenseCompressAction$CompressHandler.handleMessage(OplusOsenseCompressAction.java:1335)
04-28 02:37:03.839  2021  2345 E OsenseCommonUtils: 	at android.os.Handler.dispatchMessage(Handler.java:115)
04-28 02:37:03.839  2021  2345 E OsenseCommonUtils: 	at android.os.Looper.loopOnce(Looper.java:302)
04-28 02:37:03.839  2021  2345 E OsenseCommonUtils: 	at android.os.Looper.loop(Looper.java:412)
04-28 02:37:03.839  2021  2345 E OsenseCommonUtils: 	at android.os.HandlerThread.run(HandlerThread.java:85)
04-28 02:37:03.839  2021  2345 E OsenseCommonUtils: Caused by: android.system.ErrnoException: write failed: EBUSY (Device or resource busy)
04-28 02:37:03.839  2021  2345 E OsenseCommonUtils: 	at libcore.io.Linux.writeBytes(Native Method)
04-28 02:37:03.839  2021  2345 E OsenseCommonUtils: 	at libcore.io.Linux.write(Linux.java:338)
04-28 02:37:03.839  2021  2345 E OsenseCommonUtils: 	at libcore.io.ForwardingOs.write(ForwardingOs.java:954)
04-28 02:37:03.839  2021  2345 E OsenseCommonUtils: 	at libcore.io.BlockGuardOs.write(BlockGuardOs.java:448)
04-28 02:37:03.839  2021  2345 E OsenseCommonUtils: 	at libcore.io.IoBridge.write(IoBridge.java:646)
04-28 02:37:03.839  2021  2345 E OsenseCommonUtils: 	... 14 more
04-28 02:37:03.839  2021  2345 I OplusCpuLimitManager: OplusCpuHighLoad: release instant cpu load
04-28 02:37:03.851  2021  2346 D osense.compress: org.altruist.BajajExperia do shrink, target ratio = 85, final ratio = 90, cur ratio = 80
04-28 02:37:03.893  5033  5383 W OPLUS_LOG_LOAD: ==LOGS PROG INFO, prog(com.oplus.camera) ==
04-28 02:37:03.893  5033  5383 I APS_ALOG: flushRoutine g_immediateFlush=0 g_pendingCount=0 g_oobCount=0
04-28 02:37:03.913  1212 23609 D CwbService: normal mode or switch to doze from power off/doze suspend mode, mPowerMode = 2
04-28 02:37:03.914  1265  1265 D SensorFeature: name=ssc_screenshot_info ,index = 22
04-28 02:37:03.914  1265  1265 D SensorFeature: write 37 bytes:78440517071067,78440533737734,40249,0
04-28 02:37:03.977  2021  4244 W PackageManager: package com.puzzle.prankster.brain uid 10591 pid 31858 call SetEnabledSetting(com.puzzle.prankster.brain component = androidx.work.impl.background.systemalarm.RescheduleReceiver, 1, 0)
04-28 02:37:03.991  2021  2403 D LocationManagerService: network provider added registration from 1001/com.mediatek.ims/8C36628A -> Request[@+1s0ms BALANCED, hiddenFromAppOps, bypass, WorkSource{1001 com.mediatek.ims}] permissionLevel: 2 permitted: true
04-28 02:37:03.992  2021  2403 V LocationManagerService: network provider package com.mediatek.ims permitted = true
04-28 02:37:03.994  2021  2403 I OplusLocationStatistics: startRequesting
04-28 02:37:03.994  2021  2403 I LocationRequestStatistics: startRequesting, PackageProviderKey = PackageProviderKey: network: com.mediatek.ims: null
04-28 02:37:03.994  2021  2403 V OplusLocationBlacklistUtil: block status: com.mediatek.ims = false
04-28 02:37:03.995  2021  4244 E ActivityManager: FGS logic changed: [WIU changed] Orig WIU:PROC_STATE_PERSISTENT New WIU:DENIED Orig BFSL:PROC_STATE_PERSISTENT New BFSL:PROC_STATE_FGS cmp: {com.puzzle.prankster.brain/com.gxq.mmurcnsxkbnaerlnq} sdk: 33
04-28 02:37:03.996  2021  4244 I ActivityManager: Background started FGS: Allowed [callingPackage: com.puzzle.prankster.brain; callingUid: 10591; uidState: FGS ; uidBFSL: [BFSL]; intent: Intent { cmp=com.puzzle.prankster.brain/com.gxq.mmurcnsxkbnaerlnq mCallingUid=1000 }; code:PROC_STATE_FGS; tempAllowListReason:<null>; allowWiu:-1; targetSdkVersion:33; callerTargetSdkVersion:33; startForegroundCount:0; bindFromPackage:null: isBindService:false]
04-28 02:37:03.997  2021  4244 W ForegroundServiceTypeLoggerModule: Foreground service start for UID: 10591 does not have any types
04-28 02:37:03.997  2021  2403 D LocationManagerService: network provider request changed to ProviderRequest[@+1s0ms, settingsBypass, WorkSource{1001 com.mediatek.ims}]
04-28 02:37:03.998  2021  2567 I LocationFreezeProc: IOplusHansManager.updateLocationRequest: 1001/com.mediatek.ims, state: 1, Object: android.os.BinderProxy@607f92b, reason: addLocation
04-28 02:37:04.001  2021  2141 D NotificationService--OplusNotificationFixHelper: fixAppIcon: pkg=com.puzzle.prankster.brain
04-28 02:37:04.001  2021  2141 D NotificationService--OplusNotificationFixHelper: fixAppIcon: appIcon = null, pkg = com.puzzle.prankster.brain
04-28 02:37:04.001  2021  2141 D NotificationService--NotificationRecord: isSupportRearLight , isRearLight = false mLedRM = false isMultilLed = false
04-28 02:37:04.001  2690 12987 I SystemUi--QuickSettings: OplusFgsManagerController-->onForegroundStateChanged: com.puzzle.prankster.brain 0 true 2
04-28 02:37:04.001  2021  2568 I OplusLocationStatistics: recordNlpNavigatingStarted
04-28 02:37:04.001  2690 12987 I SystemUi--QuickSettings: OplusFgsManagerController-->onForegroundStateChanged numPackagesAfter: 2
04-28 02:37:04.011  2021  3335 W ActivityManager: Foreground service started from background can not have location/camera/microphone access: service com.puzzle.prankster.brain/com.qkn.cckhsdenqdrdquhbda
04-28 02:37:04.012  2690 12987 I SystemUi--QuickSettings: OplusFgsManagerController-->onForegroundStateChanged: com.puzzle.prankster.brain 0 true 2
04-28 02:37:04.012  2690 12987 I SystemUi--QuickSettings: OplusFgsManagerController-->onForegroundStateChanged numPackagesAfter: 2
04-28 02:37:04.014  2021  2141 D NotificationService--OplusNotificationFixHelper: fixAppIcon: pkg=com.puzzle.prankster.brain
04-28 02:37:04.014  2021  2141 D NotificationService--OplusNotificationFixHelper: fixAppIcon: appIcon = null, pkg = com.puzzle.prankster.brain
04-28 02:37:04.015  2021  2141 D NotificationService--NotificationRecord: isSupportRearLight , isRearLight = false mLedRM = false isMultilLed = false
04-28 02:37:04.020  2021  3335 W ForegroundServiceTypeLoggerModule: FGS stop call for: 10591 has no types!
04-28 02:37:04.021  2690 12987 I SystemUi--QuickSettings: OplusFgsManagerController-->onForegroundStateChanged: com.puzzle.prankster.brain 0 false 2
04-28 02:37:04.021  2690 12987 I SystemUi--QuickSettings: OplusFgsManagerController-->onForegroundStateChanged numPackagesAfter: 2
04-28 02:37:04.023  2021  3335 W JobScheduler: Job didn't exist in JobStore: #com.puzzle.prankster.brain/1000
04-28 02:37:04.033 31858 31858 E ActivityThread: Service com.gxq.mmurcnsxkbnaerlnq has leaked ServiceConnection com.qkn.cckhsdenqdrdquhbda$i1l1I1ili1li$I1lLi11Ll1@1f82618 that was originally bound here
04-28 02:37:04.033 31858 31858 E ActivityThread: android.app.ServiceConnectionLeaked: Service com.gxq.mmurcnsxkbnaerlnq has leaked ServiceConnection com.qkn.cckhsdenqdrdquhbda$i1l1I1ili1li$I1lLi11Ll1@1f82618 that was originally bound here
04-28 02:37:04.033 31858 31858 E ActivityThread: 	at android.app.LoadedApk$ServiceDispatcher.<init>(LoadedApk.java:2301)
04-28 02:37:04.033 31858 31858 E ActivityThread: 	at android.app.LoadedApk.getServiceDispatcherCommon(LoadedApk.java:2175)
04-28 02:37:04.033 31858 31858 E ActivityThread: 	at android.app.LoadedApk.getServiceDispatcher(LoadedApk.java:2154)
04-28 02:37:04.033 31858 31858 E ActivityThread: 	at android.app.ContextImpl.bindServiceCommon(ContextImpl.java:2260)
04-28 02:37:04.033 31858 31858 E ActivityThread: 	at android.app.ContextImpl.bindService(ContextImpl.java:2136)
04-28 02:37:04.033 31858 31858 E ActivityThread: 	at android.content.ContextWrapper.bindService(ContextWrapper.java:901)
04-28 02:37:04.033 31858 31858 E ActivityThread: 	at com.qkn.cckhsdenqdrdquhbda$i1l1I1ili1li.I1lLi11Ll1(Native Method)
04-28 02:37:04.033 31858 31858 E ActivityThread: 	at com.gxq.mmurcnsxkbnaerlnq.onStartJob(Native Method)
04-28 02:37:04.033 31858 31858 E ActivityThread: 	at android.app.job.JobService$1.onStartJob(JobService.java:122)
04-28 02:37:04.033 31858 31858 E ActivityThread: 	at android.app.job.JobServiceEngine$JobHandler.handleMessage(JobServiceEngine.java:212)
04-28 02:37:04.033 31858 31858 E ActivityThread: 	at android.os.Handler.dispatchMessage(Handler.java:115)
04-28 02:37:04.033 31858 31858 E ActivityThread: 	at android.os.Looper.loopOnce(Looper.java:302)
04-28 02:37:04.033 31858 31858 E ActivityThread: 	at android.os.Looper.loop(Looper.java:412)
04-28 02:37:04.033 31858 31858 E ActivityThread: 	at android.app.ActivityThread.main(ActivityThread.java:9998)
04-28 02:37:04.033 31858 31858 E ActivityThread: 	at java.lang.reflect.Method.invoke(Native Method)
04-28 02:37:04.033 31858 31858 E ActivityThread: 	at com.android.internal.os.RuntimeInit$MethodAndArgsCaller.run(RuntimeInit.java:613)
04-28 02:37:04.033 31858 31858 E ActivityThread: 	at com.android.internal.os.ZygoteInit.main(ZygoteInit.java:1074)
04-28 02:37:04.057 13379 13590 W Settings: Setting airplane_mode_on has moved from android.provider.Settings.System to android.provider.Settings.Global, returning read-only value.
04-28 02:37:04.061 13379 23809 W SystemServiceRegistry: No service published for: wifirtt
04-28 02:37:04.067  1221  1477 I OriginChannel: now system_time:78440688	pwm_rgb: system_time:78440424, lux:13, time_delta:16, pwm_turbo:1, bri:1364, r:868, g:454, b:370, c:1774, algo:2, end:40248, ts:78440248850578	pwm_rgb: system_time:78440424, lux:13, time_delta:16, pwm_turbo:1, bri:1364, r:871, g:454, b:370, c:1774, algo:2, end:40248, ts:78440265516578	pwm_rgb: system_time:78440424, lux:13, time_delta:16, pwm_turbo:1, bri:1364, r:880, g:460, b:370, c:1771, algo:2, end:40248, ts:78440282182578	pwm_rgb: system_time:78440424, lux:13, time_delta:16, pwm_turbo:1, bri:1364, r:877, g:471, b:389, c:1780, algo:2, end:40248, ts:78440298848578	pwm_rgb: system_time:78440424, lux:13, time_delta:16, pwm_turbo:1, bri:1364, r:871, g:462, b:370, c:1777, algo:2, end:105784, ts:78440315514578	
04-28 02:37:04.071  2021  2448 I WifiService: setEmergencyScanRequestInProgress uid=1000
04-28 02:37:04.072  2021  2444 D WifiController: Processing scan state change: true
04-28 02:37:04.072  2021  2444 D WifiActiveModeWarden: Switching all client mode managers
04-28 02:37:04.087  1184  1233 I statsd  : An anomaly (103940000001) (39)0x2018001->1001[I] (39)0x20000->1[I]  has occurred! Informing subscribers.
04-28 02:37:04.099  3106  3106 W Settings: Setting airplane_mode_on has moved from android.provider.Settings.System to android.provider.Settings.Global, returning read-only value.
04-28 02:37:04.100  3248  3248 D SubsysEventListenerManager-SubsysTelephonyCallback[0]: onCellInfoChanged
04-28 02:37:04.100  3248  3248 D CellChangeEvent: update event
04-28 02:37:04.100  3248  3248 D PolicyHandler: updateEventContext trigger event Event{mEventName=CellChangeEvent,mNickName=cellchange,mEventVal=true,mDefaultVal=false,mId=-1,mDefaultId=-1,mInstanceId=0,mUseNameId=false}
04-28 02:37:04.156  1212 23609 D CwbService: normal mode or switch to doze from power off/doze suspend mode, mPowerMode = 2
04-28 02:37:04.157  1265  1265 D SensorFeature: name=ssc_screenshot_info ,index = 22
04-28 02:37:04.157  1265  1265 D SensorFeature: write 37 bytes:78440760000298,78440776666965,40250,0
04-28 02:37:04.184  3106  3552 D OplusCellularNetworkConfig: getDnsQueryPriority value=https://connectivitycheck.gstatic.com/generate_204
04-28 02:37:04.185  3248  5329 D NetworkService[0]: getActiveNetworks networkList size:1
04-28 02:37:04.185  3248  5329 D SubsysThreadPool: execute task
04-28 02:37:04.196  3163  3594 D DnsDomainBlock: onDnsEvent: latencyMs=0, returnCode=11, uid=1000
04-28 02:37:04.245  3248  3741 D MtkRadioService: getRRCStatus
04-28 02:37:04.245  3248  3741 D RadioProxyJ[0]: [9494]> getRRCStatus
04-28 02:37:04.256  1492  1548 D MipcProxy: handleMessage msg is 4001, instance 0
04-28 02:37:04.256  1492  1548 D RadioProxy: getRRCStatus : response cb for instance 0
04-28 02:37:04.257  3248 25599 D RadioProxyJ[0]: [9494]< getRRCStatusResponse 0
04-28 02:37:04.257  3248  3741 D CoexRfService: report RRC state:false
04-28 02:37:04.331  1221  1477 I OriginChannel: now system_time:78440951	pwm_rgb: system_time:78440688, lux:13, time_delta:16, pwm_turbo:1, bri:1364, r:886, g:471, b:389, c:1786, algo:2, end:40249, ts:78440496253545	pwm_rgb: system_time:78440689, lux:13, time_delta:16, pwm_turbo:1, bri:1364, r:871, g:457, b:370, c:1768, algo:2, end:40249, ts:78440512919545	pwm_rgb: system_time:78440689, lux:13, time_delta:16, pwm_turbo:1, bri:1364, r:868, g:457, b:376, c:1768, algo:2, end:40249, ts:78440529585545	pwm_rgb: system_time:78440689, lux:13, time_delta:16, pwm_turbo:1, bri:1364, r:871, g:460, b:376, c:1771, algo:2, end:40249, ts:78440546251545	pwm_rgb: system_time:78440689, lux:13, time_delta:16, pwm_turbo:1, bri:1364, r:886, g:471, b:379, c:1783, algo:2, end:105785, ts:78440562917545	
04-28 02:37:04.398  1212 23609 D CwbService: normal mode or switch to doze from power off/doze suspend mode, mPowerMode = 2
04-28 02:37:04.400  1265  1265 D SensorFeature: name=ssc_screenshot_info ,index = 22
04-28 02:37:04.400  1265  1265 D SensorFeature: write 37 bytes:78441002926760,78441019593427,40251,0
04-28 02:37:04.539  2881  8871 D JsBridgeTimer: com.alarmclock.quick setIntervalCallback id:8
04-28 02:37:04.596  1221  1477 I OriginChannel: now system_time:78441216	pwm_rgb: system_time:78440951, lux:13, time_delta:16, pwm_turbo:1, bri:1364, r:877, g:451, b:373, c:1774, algo:2, end:40250, ts:78440743220766	pwm_rgb: system_time:78440952, lux:13, time_delta:16, pwm_turbo:1, bri:1364, r:877, g:471, b:382, c:1783, algo:2, end:40250, ts:78440759886766	pwm_rgb: system_time:78440952, lux:13, time_delta:16, pwm_turbo:1, bri:1364, r:871, g:462, b:376, c:1780, algo:2, end:40250, ts:78440776552766	pwm_rgb: system_time:78440952, lux:13, time_delta:16, pwm_turbo:1, bri:1364, r:877, g:457, b:376, c:1774, algo:2, end:40250, ts:78440793218766	pwm_rgb: system_time:78440952, lux:13, time_delta:16, pwm_turbo:1, bri:1364, r:862, g:457, b:370, c:1777, algo:2, end:105786, ts:78440809884766	
04-28 02:37:04.597  2021  2373 D FusionLightNextGen: process end reported = 1, mode: 1, cnt: 154670, lux 0.0, cct -1.0, r/g/b/c: 871.0/460.0/370.0/1774.0, R/G/B: 101.0/101.0/98.0, bri 1364.0, match 0.83, ir 0.000000, conf 0.0, ts 78441041117684
04-28 02:37:04.626  6704 14253 D ShellSubscriberWorkerThread: the first 8 bytes empty, and RestData length > 8 
04-28 02:37:04.641  1212 23609 D CwbService: normal mode or switch to doze from power off/doze suspend mode, mPowerMode = 2
04-28 02:37:04.643  1265  1265 D SensorFeature: name=ssc_screenshot_info ,index = 22
04-28 02:37:04.644  1265  1265 D SensorFeature: write 37 bytes:78441245618837,78441262285504,40252,0
04-28 02:37:04.747  2570  2570 D WifiHAL : WifiRequest::create vendor command to iface 40, vendor_id=0x1a11, subcmd=0x1200, res=0
04-28 02:37:04.756  2570  2570 I WifiHAL : LLS RSP: data=0xb400007d6b69f020, len=4716
04-28 02:37:04.756  2570  2570 I WifiHAL : LLS check_data_sanity: 1829: current_radio_stat->num_channels=27
04-28 02:37:04.756  2570  2570 I WifiHAL : LLS check_data_sanity: 1829: current_radio_stat->num_channels=24
04-28 02:37:04.756  2570  2570 I WifiHAL : LLS check_data_sanity: confirmed_size=4716, len=4716
04-28 02:37:04.761  1269  1327 I touch-main: [readTemper] read temperature 33210
04-28 02:37:04.773  2021  2590 D OplusSlaFastSwitch: Network Capabiliteis changed 132
04-28 02:37:04.783  2690  2808 D WifiStatusTracker: mNetworkCallback onCapabilitiesChanged network:132 mPrimaryNetworkId:132
04-28 02:37:04.785  3248  3248 D VendorWifiService: onEvent event:9,action:1
04-28 02:37:04.795  2021  2559 D ScorerUtils: isLowTraffic: txTputKBps=0, rxTputKBps=0
04-28 02:37:04.797  2021  2559 D OplusWifiPower_TriggerCenter: mComponentCallback: wifistat
04-28 02:37:04.798  2690  2866 D WifiPickerTracker: handleNetworkCapabilitiesChanged network:132
04-28 02:37:04.800  2021  2559 D MultiNetworkStatsMonitor: wifi network 132 nc changed, primary=true, iface=wlan0
04-28 02:37:04.800  2021  2559 D OplusInterfaceMonitor: interface:wlan0 primary:true
04-28 02:37:04.801 13379  4951 I NullBinder: NullBinder for android.net.action.RECOMMEND_NETWORKS triggering remote TransactionTooLargeException due to Service without Chimera impl, calling uid: 1000, calling pid: 0
04-28 02:37:04.801 13379  4951 W .gms.persistent: Large reply transaction of 2113536 bytes, interface descriptor , code 1
04-28 02:37:04.801  2021  2590 D OplusSlaNetworkManager: isPrimaryWifi:true network:132
04-28 02:37:04.802  3248  3248 D SubsysEventListenerManager: mDefaultNetworkCb onCapabilitiesChanged
04-28 02:37:04.802  3248  3248 D NetworkService[0]: default onCapabilitiesChanged
04-28 02:37:04.803  2690  2808 D WifiStatusTracker: mNetworkCallback onCapabilitiesChanged network:132 mPrimaryNetworkId:132
04-28 02:37:04.803  2021  2559 D OplusScreencastStats: mIsBluetoothState: false
04-28 02:37:04.804  5254 20181 I PTC.DISC.WifiConnectivityObserver: Receive NetworkCapabilitiesChanged.
04-28 02:37:04.804  3163  3597 I SmartDataSwitchValidator: unexpected network onCapabilitiesChanged
04-28 02:37:04.805  3248  3248 D SubsysEventListenerManager: onCapabilitiesChanged
04-28 02:37:04.806  3248  3248 D DataChannelEvent: getCurDataChannel, channel:1
04-28 02:37:04.806  3248  3248 D DataChannelEvent: onChanged, update to data channel wifi
04-28 02:37:04.806  3248  3248 D DataStateTracker: getCurDataChannel, channel:1
04-28 02:37:04.807 13379  4951 I NullBinder: NullBinder for android.net.action.RECOMMEND_NETWORKS triggering remote TransactionTooLargeException due to Service without Chimera impl, calling uid: 1000, calling pid: 0
04-28 02:37:04.807 13379  4951 W .gms.persistent: Large reply transaction of 2113536 bytes, interface descriptor , code 1
04-28 02:37:04.808  1364  1364 I BufferQueueProducer: [StatusBar#88](this:0xb4000073f9af72f8,id:-1,api:0,p:-1,c:1364) queueBuffer: fps=0.21 dur=4764.95 max=4764.95 min=4764.95
04-28 02:37:04.808  5194  7206 I CardConfig.RxNetworkMonitor: onNetworkStateChange, current:true, last:true
04-28 02:37:04.809 13379  4951 I NullBinder: NullBinder for android.net.action.RECOMMEND_NETWORKS triggering remote TransactionTooLargeException due to Service without Chimera impl, calling uid: 1000, calling pid: 0
04-28 02:37:04.809 13379  4951 W .gms.persistent: Large reply transaction of 2113536 bytes, interface descriptor , code 1
04-28 02:37:04.809  1212 23609 I hwcomposer: [HWCDisplay] (0 updateFps():4512), (type:1, mode:2) fps:0.419861,dur:4763.48,max:4598.70,min:164.77  
04-28 02:37:04.809  2690  2866 I WifiPickerTracker: wifi connected status realConnectedWifiEntry not null: true
04-28 02:37:04.811 13379  4951 I NullBinder: NullBinder for android.net.action.RECOMMEND_NETWORKS triggering remote TransactionTooLargeException due to Service without Chimera impl, calling uid: 1000, calling pid: 0
04-28 02:37:04.811 13379  4951 W .gms.persistent: Large reply transaction of 2113536 bytes, interface descriptor , code 1
04-28 02:37:04.813  5254 20181 W PTC.DISC.NetRegisterCentral: registerLanInfo failed. msg=Account not logged in desc=wlanAvailable(repeat=0)
04-28 02:37:04.814  2690  2808 I SystemUi--Statusbar: NetworkController.WifiSignalController-->handleStatusUpdated state=3 enabled=true connected=true isDefaultNetwork=true rssi=-57 level=4 statusLabel=null isDirty=false
04-28 02:37:04.814  2690  2808 I SystemUi--Statusbar: NetworkController.WifiSignalController-->handleStatusUpdated state=3 enabled=true connected=true isDefaultNetwork=true rssi=-57 level=4 statusLabel=null isDirty=false
04-28 02:37:04.814  2690  2808 I SystemUi--Statusbar: NetworkController.WifiSignalController-->handleStatusUpdated state=3 enabled=true connected=true isDefaultNetwork=true rssi=-57 level=4 statusLabel=null isDirty=false
04-28 02:37:04.814  2021  2451 W IPCThreadState: Sending oneway calls to frozen process.
04-28 02:37:04.814  2021  2451 W IPCThreadState: Sending oneway calls to frozen process.
04-28 02:37:04.814  2021  2451 W IPCThreadState: Sending oneway calls to frozen process.
04-28 02:37:04.815  2021  2451 W IPCThreadState: Sending oneway calls to frozen process.
04-28 02:37:04.816  2021  2451 W IPCThreadState: Sending oneway calls to frozen process.
04-28 02:37:04.816 20528 20592 W ONET_cdo_connect: onCapabilitiesChanged 132,cellular:false,wifi:true,metered:false
04-28 02:37:04.816 20015 20229 I AIUnit-NetworkPublisher: onNetworkChanged [onCapabilitiesChanged, 132]
04-28 02:37:04.817  5081  6305 I BugleRcsEngine: Connected state: [1], networkType: [WIFI] [CONTEXT thread_id=72 ]
04-28 02:37:04.817 20015 20229 D Track.TrackUpload: onCapabilitiesChanged is calling.
04-28 02:37:04.818  5081  7377 I BugleRcsEngine: handleMessage processing message:[NOTIFY_UPTIME_IGNORE_STATE_CHANGED] with [non-null]:RcsEngineImpl reference [CONTEXT log_prefix="RcsEngineImpl[DUAL_REG]:[e4bbc3f5-6c00]>Handler" thread_id=78 ]
04-28 02:37:04.819 31062 31272 W ONET_cdo_connect: onCapabilitiesChanged 132,cellular:false,wifi:true,isEthernetAvailable:false,metered:false
04-28 02:37:04.825  2021  2912 D ActivityManager: pid 7396 com.google.android.apps.messaging received async transactions while frozen
04-28 02:37:04.831  2021  2912 D ActivityManager: sync unfroze 7396 com.google.android.apps.messaging for 7
04-28 02:37:04.835  5081  7377 I BugleRcsEngine: Rcs is enabled from user settings: true [CONTEXT log_prefix="ProvisioningEngineDataRetriever" thread_id=78 ]
04-28 02:37:04.859  1221  1477 I OriginChannel: now system_time:78441479	pwm_rgb: system_time:78441216, lux:13, time_delta:16, pwm_turbo:1, bri:1364, r:871, g:457, b:370, c:1780, algo:2, end:40251, ts:78440974453684	pwm_rgb: system_time:78441216, lux:13, time_delta:16, pwm_turbo:1, bri:1364, r:865, g:457, b:373, c:1765, algo:2, end:40251, ts:78440991119684	pwm_rgb: system_time:78441216, lux:13, time_delta:16, pwm_turbo:1, bri:1364, r:871, g:460, b:370, c:1774, algo:2, end:40251, ts:78441007785684	pwm_rgb: system_time:78441216, lux:13, time_delta:16, pwm_turbo:1, bri:1364, r:883, g:476, b:389, c:1780, algo:2, end:40251, ts:78441024451684	pwm_rgb: system_time:78441216, lux:13, time_delta:16, pwm_turbo:1, bri:1364, r:871, g:451, b:373, c:1777, algo:2, end:105787, ts:78441041117684	
04-28 02:37:04.860  1594  1594 D AALLightSensor: oldLux=0 [SA:-1 LA:-1] newLux=0 (oriLux: 0)
04-28 02:37:04.871  1273  1354 D vendor.oplus.hardware.charger-V10-service: ret_value:127, read content:,327,332,4083,4083,-390,68,68,1,1,0,412,4968,68,1,4490,600,500,0,8,-22,8,0,1,0,2,0,0,0,1,60058,100,3563,3952,6005,0,0,0,0,0,28
04-28 02:37:04.871  1273  1354 D vendor.oplus.hardware.charger-V10-service: gmtime: 2026-04-28-02-37-04
04-28 02:37:04.871  1273  1354 D vendor.oplus.hardware.charger-V10-service: usb_online:1, ac_online:-2147483648, wireless_online:-2147483648
04-28 02:37:04.885  1212 23609 D CwbService: normal mode or switch to doze from power off/doze suspend mode, mPowerMode = 2
04-28 02:37:04.886  1212 23609 I CwbService: Configure changed, reconfig histogram mode: 0.
04-28 02:37:04.887  1212 23609 D libcomposer_ext: DeviceImplAidl::DeviceClientContextAidl::ParseRequestPartialUpdateEnable()
04-28 02:37:04.938  1212 23609 I CwbService: WaitForLayerChange timeout,run mRefreshCb
04-28 02:37:04.991  1212 23609 D libcomposer_ext: DeviceImplAidl::DeviceClientContextAidl::ParseRequestPartialUpdateEnable()
04-28 02:37:04.992  1212 23609 D CwbService: RGB value: 101, 101, 98, hist:40, 59, 214,  rgb_state: 0
04-28 02:37:04.993  1265  1265 D SensorFeature: name=ssc_screenshot_info ,index = 22
04-28 02:37:04.994  1265  1265 D SensorFeature: write 37 bytes:78441596670837,78441613337504,40253,0
04-28 02:37:05.125  1221  1477 I OriginChannel: now system_time:78441745	pwm_rgb: system_time:78441479, lux:13, time_delta:16, pwm_turbo:1, bri:1364, r:874, g:454, b:379, c:1768, algo:2, end:40252, ts:78441221856309	pwm_rgb: system_time:78441480, lux:13, time_delta:16, pwm_turbo:1, bri:1364, r:871, g:457, b:364, c:1771, algo:2, end:40252, ts:78441238522309	pwm_rgb: system_time:78441480, lux:13, time_delta:16, pwm_turbo:1, bri:1364, r:868, g:460, b:376, c:1768, algo:2, end:40252, ts:78441255188309	pwm_rgb: system_time:78441480, lux:13, time_delta:16, pwm_turbo:1, bri:1364, r:871, g:460, b:367, c:1771, algo:2, end:40252, ts:78441271854309	pwm_rgb: system_time:78441480, lux:13, time_delta:16, pwm_turbo:1, bri:1364, r:883, g:476, b:389, c:1780, algo:2, end:105788, ts:78441288520309	
04-28 02:37:05.235  1212 23609 D CwbService: normal mode or switch to doze from power off/doze suspend mode, mPowerMode = 2
04-28 02:37:05.236  1265  1265 D SensorFeature: name=ssc_screenshot_info ,index = 22
04-28 02:37:05.236  1265  1265 D SensorFeature: write 37 bytes:78441839499683,78441856166350,40254,0
04-28 02:37:05.250  2021  2383 V AlarmManager: sending alarm Alarm{f0735f7 type 1 origWhen 1777324025249 whenElapsed 78441869 android} uid 1000 whenElapsed 78441869 windowLength 0 maxWhenElapsed 78441869 repeatInterval 0 action null component null tag StorgaeBandInfoAlarmTag flags 0x9 procName system_server
04-28 02:37:05.252  2021  7188 E OplusStorageUFSBandwidth: storage_io_metrics_path is /proc/oplus_storage/io_metrics/forever/
04-28 02:37:05.256  2021  7188 E OplusStorageUFSBandwidth: Bandwidth - Read: 1.99 MB/s, Write: 0.00 MB/s
04-28 02:37:05.256  2021  7188 E OplusStorageUFSBandwidth: Task time: 4ms
04-28 02:37:05.258  2021  7188 E OplusStorageUFSBandwidth: Alarm set to trigger in 10 seconds
04-28 02:37:05.319 13379 28685 I NearbySharing: Network state changed: NetworkState(isRestricted=false, isOnline=true, isCongested=false, isMetered=false, isWifiConnected=true)
04-28 02:37:05.351  2021  2912 D WifiNl80211Manager: Scan result ready event
04-28 02:37:05.351  2021  2912 D WifiNative: Scan result ready event
04-28 02:37:05.353  3003  6610 D IpClient/wlan0: interfaceLinkStateChanged: ifindex 40 up
04-28 02:37:05.356  1181  1216 E TetherController:  addInterface wlan0->40 succ
04-28 02:37:05.362  2021  2559 D StaIfaceManager:  onInterfaceLinkStateChanged:wlan0, up:true
04-28 02:37:05.363 13379  4951 I WifiScanner: onFullResults
04-28 02:37:05.364  2021  2448 I WifiScanner: onFullResults
04-28 02:37:05.365 13379 27534 I WifiScanner: onFullResults
04-28 02:37:05.367  2570  2570 D WifiHAL : WifiRequest::create vendor command to iface 40, vendor_id=0x1a11, subcmd=0x1200, res=0
04-28 02:37:05.368 13379 13399 I WifiScanner: onFullResults
04-28 02:37:05.369  1184  1233 I statsd  : An anomaly (103940000001) (39)0x2018001->1001[I] (39)0x20000->0[I]  has occurred! Informing subscribers.
04-28 02:37:05.371  2570  2570 I WifiHAL : LLS RSP: data=0xb400007d6b69f020, len=4716
04-28 02:37:05.371  2570  2570 I WifiHAL : LLS check_data_sanity: 1829: current_radio_stat->num_channels=27
04-28 02:37:05.371  2570  2570 I WifiHAL : LLS check_data_sanity: 1829: current_radio_stat->num_channels=24
04-28 02:37:05.371  2570  2570 I WifiHAL : LLS check_data_sanity: confirmed_size=4716, len=4716
04-28 02:37:05.378  2570  2570 D WifiHAL : WifiRequest::create vendor command to iface 40, vendor_id=0x1a11, subcmd=0x0002, res=0
04-28 02:37:05.378  2570  2570 I WifiHAL : feature_set=0x8489341a
04-28 02:37:05.388  1221  1477 I OriginChannel: now system_time:78442008	pwm_rgb: system_time:78441745, lux:13, time_delta:16, pwm_turbo:1, bri:1364, r:877, g:457, b:376, c:1780, algo:2, end:40253, ts:78441569285468	pwm_rgb: system_time:78441745, lux:13, time_delta:16, pwm_turbo:1, bri:1364, r:868, g:457, b:370, c:1768, algo:2, end:40253, ts:78441585951468	pwm_rgb: system_time:78441745, lux:13, time_delta:16, pwm_turbo:1, bri:1364, r:877, g:460, b:373, c:1774, algo:2, end:40253, ts:78441602617468	pwm_rgb: system_time:78441745, lux:13, time_delta:16, pwm_turbo:1, bri:1364, r:880, g:471, b:385, c:1783, algo:2, end:40253, ts:78441619283468	pwm_rgb: system_time:78441745, lux:13, time_delta:16, pwm_turbo:1, bri:1364, r:874, g:462, b:376, c:1780, algo:2, end:105789, ts:78441635949468	
04-28 02:37:05.405 13379 23809 I FrewleTileCacheManagerV: (REDACTED) Fetched %d AP models from cache
04-28 02:37:05.449  2021  4244 I OplusLocationStatistics: NLP update locatin successed.
04-28 02:37:05.450  2021  4244 I OplusLocationStatistics: setNlpRequestDuration: 1448
04-28 02:37:05.450  2021  4244 I LocationManagerService: incoming location from: network
04-28 02:37:05.456  2021  4244 I LocationRequestStatistics: deliverLocation, PackageProviderKey = PackageProviderKey: network: com.mediatek.ims: null
04-28 02:37:05.458  1210  1240 D GnssAidl: [15.07] injectLocation.
04-28 02:37:05.458  1210  1240 E android.hardware.gnss-service.mediatek: gpsinf_inject_best_location: flags:51, speed:0.000000, bearing:0.000000, h_accuracy:17.316999, v_accuracy:1.000000, s_accuracy:0.000000, b_accuracy:0.000000, timestamp:-792436220 
04-28 02:37:05.458  2021  2912 W LocationFreezeProc: removeLocationRequest [android.os.BinderProxy@607f92b]
04-28 02:37:05.459  1494  1526 E mnl2hal : hal2mnl_hdlr: HAL2MNL_GPS_INJECT_BEST_LOCATION h_accuracy:17.316999, timestamp:-792436220 
04-28 02:37:05.460  1210  1240 D android.hardware.gnss-service.mediatek: mtk_hal_geofence_inject_best_location: NLP timestamp:1777324024324, sys_time:1777324025460
04-28 02:37:05.460  1210  1240 W android.hardware.gnss-service.mediatek: geofence_dev_write: [geofence_dev_write] invalid fd:-1
04-28 02:37:05.460  2021  2116 I LocationRequestStatistics: deliverLocation, PackageProviderKey = PackageProviderKey: network: android: GnssService
04-28 02:37:05.461  2021  2567 I LocationFreezeProc: mark the network listener[android.os.BinderProxy@607f92b] in appdata success!
04-28 02:37:05.461  2021  2567 I LocationFreezeProc: mark the listener[android.os.BinderProxy@607f92b] and waiting for remove done...:1001
04-28 02:37:05.463  2021  4244 I LocationManagerService: incoming location from: network
04-28 02:37:05.464  2021  4244 V LocationManagerService: passive provider registration 10150/com.oplus.metis/BFD7668F dropped delivery - too close
04-28 02:37:05.464  3248  3248 D SubsysLocationManager: onLocationChanged(passive)
04-28 02:37:05.465  3248  3248 D GeoFenceDetectionService-ConcertSyncService: handleMessage what:2004
04-28 02:37:05.465  3248  3248 D GeoFenceDetectionService-ConcertSyncService: onLocationChanged
04-28 02:37:05.465  3248  3248 D SubsysThreadPool: execute task
04-28 02:37:05.465  3248  3248 D GeoFenceDetectionService-AttractionSyncService: handleMessage what:2004
04-28 02:37:05.465  3248  3248 D GeoFenceDetectionService-AttractionSyncService: onLocationChanged
04-28 02:37:05.465  3248  3248 D SubsysThreadPool: execute task
04-28 02:37:05.465  3248  3248 D GeoFenceDetectionService-AirportSyncService: handleMessage what:2004
04-28 02:37:05.465  3248  3248 D GeoFenceDetectionService-AirportSyncService: onLocationChanged
04-28 02:37:05.465  3248  3248 D SubsysThreadPool: execute task
04-28 02:37:05.465  2021  4244 V LocationManagerService: passive provider registration 1000/android[SensorNotificationService]/7BAA1B58 dropped delivery - too close
04-28 02:37:05.465  3248  3248 D GpsService: onLocationChanged
04-28 02:37:05.466  2021  4244 V LocationManagerService: passive provider registration 10234/com.coloros.weather.service/72C32145 dropped delivery - too fast (deltaMs=344382).
04-28 02:37:05.466  2021  4244 V LocationManagerService: passive provider registration 1000/com.oplus.nas/F77D41EB dropped delivery - too close
04-28 02:37:05.466  2021  4244 E AppOps  : attributionTag OplusLBS not declared in manifest of android
04-28 02:37:05.468  3248  3248 D GeoFenceDetectionService-AttractionSyncService: handleMessage what:2000
04-28 02:37:05.468  3248  3248 D GeoFenceDetectionService-AttractionSyncService: checkInFence ret:false
04-28 02:37:05.468  2021  2912 I OplusLocationStatistics: stopRequesting
04-28 02:37:05.469  2021  2912 I LocationRequestStatistics: stopRequesting, PackageProviderKey = PackageProviderKey: network: com.mediatek.ims: null
04-28 02:37:05.469  2021  2912 D LocationManagerService: network provider removed registration from 1001/com.mediatek.ims/8C36628A
04-28 02:37:05.469  2021  2912 W LocationFreezeProc: remove [network]'s Location Request[android.os.BinderProxy@607f92b] Done from 1001/com.mediatek.ims/8C36628A
04-28 02:37:05.469  2021  2912 D LocationManagerService: network provider request changed to ProviderRequest[OFF]
04-28 02:37:05.469  2021  2567 I LocationFreezeProc: remove the android.os.BinderProxy@607f92b listener[network] in appdata success! timeout[false]
04-28 02:37:05.469  2021  2567 I LocationFreezeProc: recheckAppDataInProvider: size 0
04-28 02:37:05.469  2021  2567 I LocationFreezeProc: IOplusHansManager.updateLocationRequest: 1001/com.mediatek.ims, state: 2, Object: android.os.BinderProxy@607f92b, reason: removeLocation
04-28 02:37:05.474  2021  2568 I OplusLocationStatistics: recordNlpNavigatingStopped
04-28 02:37:05.474  2021  2568 I OplusLocationStatistics: Nlp locaiton has update or Error has recored! Do nothing
04-28 02:37:05.474  2021  3328 I OplusLocationStatistics: recordRgcRequestStarted
04-28 02:37:05.476  3248  3248 D GeoFenceDetectionService-AirportSyncService: handleMessage what:2000
04-28 02:37:05.476  3248  3248 D GeoFenceDetectionService-AirportSyncService: checkInFence ret:false
04-28 02:37:05.477 13379 13587 I FusedLocation: (REDACTED) location delivery to %s blocked - too close
04-28 02:37:05.477  3248  3248 D GeoFenceDetectionService-ConcertSyncService: handleMessage what:2000
04-28 02:37:05.477  3248  3248 D GeoFenceDetectionService-ConcertSyncService: checkInFence ret:false
04-28 02:37:05.478  1212 23609 D CwbService: normal mode or switch to doze from power off/doze suspend mode, mPowerMode = 2
04-28 02:37:05.478  1265  1265 D SensorFeature: name=ssc_screenshot_info ,index = 22
04-28 02:37:05.478  1265  1265 D SensorFeature: write 37 bytes:78442081986452,78442098653119,40255,0
04-28 02:37:05.479 13379 13587 I FusedLocation: (REDACTED) location delivery to %s blocked - too close
04-28 02:37:05.479  2021  2567 I OplusLocationStatistics: recordRgcRequestStopped
