04-28 02:36:55.376  1273  1304 D ChargerInfo: get_ui_charge_icon_type: [0 0] [0 0] 1
04-28 02:36:55.376  1273  1304 D ChargerInfo: unknown: path(/sys/class/oplus_chg/ac/online) and backupPath(/sys/class/power_supply/ac/online) not exist
04-28 02:36:55.376  1273  1304 D ChargerInfo: cpaPower:2500 isChargeOnline:1 isSupportRetentionTopic:0
04-28 02:36:55.376  1273  1304 E ChargerInfo: SingleHyperPath not found
04-28 02:36:55.377  1273  1304 D ChargerInfo: chargerInfoUpdateThread: update end
04-28 02:36:55.377  1273  1304 D ChargerInfo: chargerInfoUpdateThread: update wait
04-28 02:36:55.377  1273  1273 D ChargerInfo: enableTx: path(/proc/wireless/enable_tx): not exist
04-28 02:36:55.377  1273  1273 D ChargerInfo: wlsAdapterPower: path(/sys/class/oplus_chg/wireless/max_w_power): not exist
04-28 02:36:55.377  1273  1273 D ChargerInfo: getInfo: {"Update":{"batteryFcc":6005,"batteryRm":3952,"bddLeakCurr":0,"bmsStatus":0,"bypassChgStatus":2,"chargeTimeRemaining":0,"cpaPower":2,"enableTx":"0","fastCharge":0,"isSupportSpeedCharge":0,"notifyCode":0,"otgOnline":1,"ppsChargePower":0,"ppsCharging":0,"shortCHwStatus":0,"shortIcOtpStatus":0,"uiIconType":0,"uiPower":0,"usbStatus":0,"wlsAdapterPower":0}}
04-28 02:36:55.400  1212 23609 D CwbService: normal mode or switch to doze from power off/doze suspend mode, mPowerMode = 2
04-28 02:36:55.401  1265  1265 D SensorFeature: name=ssc_screenshot_info ,index = 22
04-28 02:36:55.401  1265  1265 D SensorFeature: write 37 bytes:78432004514759,78432021181426,40215,0
04-28 02:36:55.461  3106  3106 D OplusTelephonyController: onSignalStrengthChanged: SignalStrength=SignalStrength:{mCdma=CellSignalStrengthCdma: cdmaDbm=2147483647 cdmaEcio=2147483647 evdoDbm=2147483647 evdoEcio=2147483647 evdoSnr=2147483647 level=0,mGsm=CellSignalStrengthGsm: rssi=2147483647 ber=2147483647 mTa=2147483647 mLevel=0,mWcdma=CellSignalStrengthWcdma: ss=2147483647 ber=2147483647 rscp=2147483647 ecno=2147483647 level=0,mTdscdma=CellSignalStrengthTdscdma: rssi=2147483647 ber=2147483647 rscp=2147483647 level=0,mLte=CellSignalStrengthLte: rssi=-71 rsrp=-79 rsrq=-8 rssnr=6 cqiTableIndex=2147483647 cqi=0 ta=0 level=4 parametersUseForLevel=0,mNr=CellSignalStrengthNr:{ csiRsrp = 2147483647 csiRsrq = 2147483647 csiCqiTableIndex = 2147483647 csiCqiReport = [] ssRsrp = 2147483647 ssRsrq = 2147483647 ssSinr = 2147483647 level = 0 parametersUseForLevel = 0 timingAdvance = 2147483647 },primary=CellSignalStrengthLte}
04-28 02:36:55.464  2021  3328 I OplusBinderProxy: pb uid: 10629 pid: 25137 desc: com.android.internal.telephony.IPhoneStateListener/10
04-28 02:36:55.464  2021  3328 I OplusBinderProxy: pb uid: 10629 pid: 25137 desc: com.android.internal.telephony.IPhoneStateListener/10
04-28 02:36:55.464  3248  3248 D SubsysEventListenerManager-SubsysTelephonyCallback[0]: onSignalStrengthsChanged
04-28 02:36:55.468  2690  2690 W OPLUS_LOG_LOAD: ==LOGS PROG INFO, prog(com.android.systemui) ==
04-28 02:36:55.468  2690  2690 D Tile.OplusCellularTile: refreshState: tile not listening, ignore
04-28 02:36:55.473  2690  2864 I SystemUi--Statusbar: MobileConnectionRepositoryImpl-->subId:1 isSoftSimCard:false slotId:0
04-28 02:36:55.521  2881  8871 D JsBridgeTimer: com.alarmclock.quick setIntervalCallback id:8
04-28 02:36:55.616  1221  1477 I OriginChannel: now system_time:78432237	pwm_rgb: system_time:78431972, lux:13, time_delta:16, pwm_turbo:1, bri:1364, r:871, g:460, b:370, c:1777, algo:2, end:40214, ts:78431730831833	pwm_rgb: system_time:78431973, lux:13, time_delta:16, pwm_turbo:1, bri:1364, r:865, g:460, b:376, c:1774, algo:2, end:40214, ts:78431747497833	pwm_rgb: system_time:78431973, lux:13, time_delta:16, pwm_turbo:1, bri:1364, r:874, g:454, b:367, c:1774, algo:2, end:40214, ts:78431764163833	pwm_rgb: system_time:78431973, lux:13, time_delta:16, pwm_turbo:1, bri:1364, r:880, g:468, b:389, c:1783, algo:2, end:40214, ts:78431780829833	pwm_rgb: system_time:78431973, lux:13, time_delta:16, pwm_turbo:1, bri:1364, r:874, g:460, b:370, c:1765, algo:2, end:105750, ts:78431797495833	
04-28 02:36:55.643  1212 23609 D CwbService: normal mode or switch to doze from power off/doze suspend mode, mPowerMode = 2
04-28 02:36:55.643  1265  1265 D SensorFeature: name=ssc_screenshot_info ,index = 22
04-28 02:36:55.644  1265  1265 D SensorFeature: write 37 bytes:78432246976067,78432263642734,40216,0
04-28 02:36:55.688  2570  2570 D WifiHAL : WifiRequest::create vendor command to iface 40, vendor_id=0x1a11, subcmd=0x1200, res=0
04-28 02:36:55.700  2570  2570 I WifiHAL : LLS RSP: data=0xb400007d6b69f020, len=4716
04-28 02:36:55.700  2570  2570 I WifiHAL : LLS check_data_sanity: 1829: current_radio_stat->num_channels=27
04-28 02:36:55.700  2570  2570 I WifiHAL : LLS check_data_sanity: 1829: current_radio_stat->num_channels=24
04-28 02:36:55.700  2570  2570 I WifiHAL : LLS check_data_sanity: confirmed_size=4716, len=4716
04-28 02:36:55.719  3248  3248 D VendorWifiService: onEvent event:9,action:1
04-28 02:36:55.731  2021  2559 D ScorerUtils: isLowTraffic: txTputKBps=0, rxTputKBps=0
04-28 02:36:55.732  2021  2559 D OplusWifiPower_TriggerCenter: mComponentCallback: wifistat
04-28 02:36:55.880  1221  1477 I OriginChannel: now system_time:78432501	pwm_rgb: system_time:78432237, lux:13, time_delta:16, pwm_turbo:1, bri:1364, r:868, g:457, b:379, c:1774, algo:2, end:40215, ts:78431978264660	pwm_rgb: system_time:78432237, lux:13, time_delta:16, pwm_turbo:1, bri:1364, r:874, g:457, b:373, c:1768, algo:2, end:40215, ts:78431994930660	pwm_rgb: system_time:78432237, lux:13, time_delta:16, pwm_turbo:1, bri:1364, r:865, g:454, b:370, c:1774, algo:2, end:40215, ts:78432011596660	pwm_rgb: system_time:78432237, lux:13, time_delta:16, pwm_turbo:1, bri:1364, r:877, g:460, b:373, c:1777, algo:2, end:40215, ts:78432028262660	pwm_rgb: system_time:78432237, lux:13, time_delta:16, pwm_turbo:1, bri:1364, r:883, g:471, b:385, c:1786, algo:2, end:105751, ts:78432044928660	
04-28 02:36:55.886  1212 23609 D CwbService: normal mode or switch to doze from power off/doze suspend mode, mPowerMode = 2
04-28 02:36:55.887  1265  1265 D SensorFeature: name=ssc_screenshot_info ,index = 22
04-28 02:36:55.887  1265  1265 D SensorFeature: write 37 bytes:78432490175451,78432506842118,40217,0
04-28 02:36:56.041 11310 11326 D IHansComunication: HANS sendMessageToKernel: threadId = 496341867584, netLinkSetup = 1, type = FROZEN_TRANS, targetUid = 10629, pkgCmd = PKG_CMD_MAX
04-28 02:36:56.129  1212 23609 D CwbService: normal mode or switch to doze from power off/doze suspend mode, mPowerMode = 2
04-28 02:36:56.130  1265  1265 D SensorFeature: name=ssc_screenshot_info ,index = 22
04-28 02:36:56.130  1265  1265 D SensorFeature: write 37 bytes:78432733254836,78432749921503,40218,0
04-28 02:36:56.145  1221  1477 I OriginChannel: now system_time:78432765	pwm_rgb: system_time:78432501, lux:13, time_delta:16, pwm_turbo:1, bri:1364, r:868, g:457, b:376, c:1768, algo:2, end:40216, ts:78432242363952	pwm_rgb: system_time:78432501, lux:13, time_delta:16, pwm_turbo:1, bri:1364, r:871, g:457, b:370, c:1777, algo:2, end:40216, ts:78432259029952	pwm_rgb: system_time:78432501, lux:13, time_delta:16, pwm_turbo:1, bri:1364, r:871, g:457, b:373, c:1765, algo:2, end:40216, ts:78432275695952	pwm_rgb: system_time:78432501, lux:13, time_delta:16, pwm_turbo:1, bri:1364, r:874, g:460, b:373, c:1771, algo:2, end:40216, ts:78432292361952	pwm_rgb: system_time:78432501, lux:13, time_delta:16, pwm_turbo:1, bri:1364, r:883, g:462, b:389, c:1783, algo:2, end:105752, ts:78432309027952	
04-28 02:36:56.182  2021  2346 D osense.compress: try do inactive compress task
04-28 02:36:56.252  2021  3328 W ActivityManager: Unable to start service Intent { xflg=0x4 cmp=com.puzzle.prankster.brain/Il1LlLiIlI1L.i1l1I1ili1li mCallingUid=10591 } U=0: not found
04-28 02:36:56.257  1206 23518 I oprec_audrec: oplus_oprec_wrapper_process: 0xb400007dd0c00000 0xb400007e0428de80 640 0xb400007e04335000 3840 no delay
04-28 02:36:56.258  1206 23518 I oprec_audrec: oplus_oprec_wrapper_process: input  960 4 1 24
04-28 02:36:56.258  1206 23518 I oprec_audrec: oplus_oprec_wrapper_process: output 320 2 1 16
04-28 02:36:56.373  1212 23609 D CwbService: normal mode or switch to doze from power off/doze suspend mode, mPowerMode = 2
04-28 02:36:56.375  1265  1265 D SensorFeature: name=ssc_screenshot_info ,index = 22
04-28 02:36:56.375  1265  1265 D SensorFeature: write 37 bytes:78432977233913,78432993900580,40219,0
04-28 02:36:56.409  1221  1477 I OriginChannel: now system_time:78433029	pwm_rgb: system_time:78432765, lux:13, time_delta:16, pwm_turbo:1, bri:1364, r:871, g:460, b:376, c:1771, algo:2, end:40217, ts:78432506432890	pwm_rgb: system_time:78432765, lux:13, time_delta:16, pwm_turbo:1, bri:1364, r:871, g:460, b:370, c:1774, algo:2, end:40217, ts:78432523098890	pwm_rgb: system_time:78432765, lux:13, time_delta:16, pwm_turbo:1, bri:1364, r:874, g:457, b:373, c:1777, algo:2, end:40217, ts:78432539764890	pwm_rgb: system_time:78432765, lux:13, time_delta:16, pwm_turbo:1, bri:1364, r:862, g:460, b:376, c:1780, algo:2, end:40217, ts:78432556430890	pwm_rgb: system_time:78432765, lux:13, time_delta:16, pwm_turbo:1, bri:1364, r:889, g:471, b:389, c:1780, algo:2, end:105753, ts:78432573096890	
04-28 02:36:56.411  1594  1594 D AALLightSensor: oldLux=0 [SA:-1 LA:-1] newLux=0 (oriLux: 0)
04-28 02:36:56.526  2881  8871 D JsBridgeTimer: com.alarmclock.quick setIntervalCallback id:8
04-28 02:36:56.617  1212 23609 D CwbService: normal mode or switch to doze from power off/doze suspend mode, mPowerMode = 2
04-28 02:36:56.619  1265  1265 D SensorFeature: name=ssc_screenshot_info ,index = 22
04-28 02:36:56.619  1265  1265 D SensorFeature: write 37 bytes:78433221411067,78433238077734,40220,0
04-28 02:36:56.672  2021  2583 D OplusNetKit: in getLpByInterface name from LP: [ccmni3]
04-28 02:36:56.672  2021  2583 D OplusNetKit: in getLpByInterface name from LP: [wlan0]
04-28 02:36:56.673  1221  1477 I OriginChannel: now system_time:78433294	pwm_rgb: system_time:78433029, lux:13, time_delta:16, pwm_turbo:1, bri:1364, r:874, g:457, b:376, c:1771, algo:2, end:40219, ts:78432920525616	pwm_rgb: system_time:78433029, lux:13, time_delta:16, pwm_turbo:1, bri:1364, r:862, g:454, b:367, c:1771, algo:2, end:40219, ts:78432937191616	pwm_rgb: system_time:78433029, lux:13, time_delta:16, pwm_turbo:1, bri:1364, r:868, g:454, b:373, c:1765, algo:2, end:40219, ts:78432953857616	pwm_rgb: system_time:78433029, lux:13, time_delta:16, pwm_turbo:1, bri:1364, r:886, g:473, b:385, c:1783, algo:2, end:40219, ts:78432970523616	pwm_rgb: system_time:78433029, lux:13, time_delta:16, pwm_turbo:1, bri:1364, r:871, g:457, b:373, c:1774, algo:2, end:105755, ts:78432987189616	
04-28 02:36:56.675  2021  2373 D FusionLightNextGen: process end reported = 1, mode: 1, cnt: 154640, lux 0.0, cct -1.0, r/g/b/c: 868.0/457.0/376.0/1765.0, R/G/B: 101.0/101.0/98.0, bri 1364.0, match 0.67, ir 0.000000, conf 0.0, ts 78433251319529
04-28 02:36:56.691  1291  1291 D vendor.oplus.hardware.wifi-aidl-service-nl: Ignore invalid attribute type = 9
04-28 02:36:56.691  1291  1291 D vendor.oplus.hardware.wifi-aidl-service-nl: STATS_TX_TAG_QUEUE:Len = [16], Msdu = [0/4096] PLE HIF = [0x000/0x3e8]
04-28 02:36:56.691  1291  1291 D vendor.oplus.hardware.wifi-aidl-service-nl: STATS_TX_TAG_BSS0:Len = [24], retry = [1503], rtsfail = [15], ackfail = [1272]
04-28 02:36:56.691  1291  1291 D vendor.oplus.hardware.wifi-aidl-service-nl: STATS_TX_TAG_TIME:Len = [40], success = [399461/3429/1718/778/1795], fail = [0/1/1/1/25]
04-28 02:36:56.691  1291  1291 D vendor.oplus.hardware.wifi-aidl-service-nl: STATS_TX_TAG_LAT:Len = [40], driver = [361281/19281/23049/2049/1550], mac = [390129/9754/3062/1713/2551]
04-28 02:36:56.691  1291  1291 D vendor.oplus.hardware.wifi-aidl-service-nl: STATS_RX_TAG_REORDER_DROP:Len = [8] reorder = [5236]
04-28 02:36:56.691  1291  1291 D vendor.oplus.hardware.wifi-aidl-service-nl: STATS_RX_TAG_AVG_RSSI:Len = [8] rssi0 = [-40], rssi1 = [-60]
04-28 02:36:56.691  1291  1291 D vendor.oplus.hardware.wifi-aidl-service-nl: STATS_CGS_TAG_B0_IDLE_SLOT:Len = [8] idleslot = [409364560]
04-28 02:36:56.691  1291  1291 D vendor.oplus.hardware.wifi-aidl-service-nl: STATS_CGS_TAG_AIR_LAT:Len = [36], level = [3/5/10/20], lat = [440578/24767/20753/9044/9764]
04-28 02:36:56.691  1291  1291 D vendor.oplus.hardware.wifi-aidl-service-nl: ConsysTRxStatsCommand 0x7fd694ded8 destroyed
04-28 02:36:56.861  1212 23609 D CwbService: normal mode or switch to doze from power off/doze suspend mode, mPowerMode = 2
04-28 02:36:56.862  1265  1265 D SensorFeature: name=ssc_screenshot_info ,index = 22
04-28 02:36:56.862  1265  1265 D SensorFeature: write 37 bytes:78433465275452,78433481942119,40221,0
04-28 02:36:56.936  1221  1477 I OriginChannel: now system_time:78433557	pwm_rgb: system_time:78433294, lux:13, time_delta:16, pwm_turbo:1, bri:1364, r:874, g:457, b:376, c:1774, algo:2, end:40220, ts:78433184655529	pwm_rgb: system_time:78433294, lux:13, time_delta:16, pwm_turbo:1, bri:1364, r:868, g:457, b:367, c:1765, algo:2, end:40220, ts:78433201321529	pwm_rgb: system_time:78433294, lux:13, time_delta:16, pwm_turbo:1, bri:1364, r:868, g:457, b:376, c:1765, algo:2, end:40220, ts:78433217987529	pwm_rgb: system_time:78433294, lux:13, time_delta:16, pwm_turbo:1, bri:1364, r:889, g:471, b:385, c:1789, algo:2, end:40220, ts:78433234653529	pwm_rgb: system_time:78433294, lux:13, time_delta:16, pwm_turbo:1, bri:1364, r:865, g:462, b:370, c:1768, algo:2, end:105756, ts:78433251319529	
04-28 02:36:56.955  1578  2016 D ULogGuard: Monitoring: 15 threads, 0 requests, 0 time-bombs; 1 guards. ResetFlags = 0x7
04-28 02:36:57.104  1212 23609 D CwbService: normal mode or switch to doze from power off/doze suspend mode, mPowerMode = 2
04-28 02:36:57.105  1265  1265 D SensorFeature: name=ssc_screenshot_info ,index = 22
04-28 02:36:57.105  1265  1265 D SensorFeature: write 37 bytes:78433708687682,78433725354349,40222,0
04-28 02:36:57.200  1221  1477 I OriginChannel: now system_time:78433821	pwm_rgb: system_time:78433557, lux:13, time_delta:16, pwm_turbo:1, bri:1364, r:880, g:471, b:385, c:1783, algo:2, end:40221, ts:78433432088635	pwm_rgb: system_time:78433557, lux:13, time_delta:16, pwm_turbo:1, bri:1364, r:874, g:460, b:367, c:1768, algo:2, end:40221, ts:78433448754635	pwm_rgb: system_time:78433557, lux:13, time_delta:16, pwm_turbo:1, bri:1364, r:868, g:457, b:373, c:1777, algo:2, end:40221, ts:78433465420635	pwm_rgb: system_time:78433557, lux:13, time_delta:16, pwm_turbo:1, bri:1364, r:868, g:457, b:370, c:1765, algo:2, end:40221, ts:78433482086635	pwm_rgb: system_time:78433557, lux:13, time_delta:16, pwm_turbo:1, bri:1364, r:883, g:473, b:389, c:1777, algo:2, end:105757, ts:78433498752635	
04-28 02:36:57.223  2021  2383 V AlarmManager: sending alarm Alarm{239db36 type 1 origWhen 1777324017223 whenElapsed 78433843 android} uid 1000 whenElapsed 78433843 windowLength 0 maxWhenElapsed 78433843 repeatInterval 0 action null component null tag StorgaeBandInfoAlarmTag flags 0x9 procName system_server
04-28 02:36:57.224  2021  7188 E OplusStorageUFSBandwidth: storage_io_metrics_path is /proc/oplus_storage/io_metrics/forever/
04-28 02:36:57.228  2021  7188 E OplusStorageUFSBandwidth: Bandwidth - Read: 0.00 MB/s, Write: 0.00 MB/s
04-28 02:36:57.228  2021  7188 E OplusStorageUFSBandwidth: Task time: 4ms
04-28 02:36:57.230  2021  7188 E OplusStorageUFSBandwidth: Alarm set to trigger in 10 seconds
04-28 02:36:57.348  1212 23609 D CwbService: normal mode or switch to doze from power off/doze suspend mode, mPowerMode = 2
04-28 02:36:57.349  1265  1265 D SensorFeature: name=ssc_screenshot_info ,index = 22
04-28 02:36:57.349  1265  1265 D SensorFeature: write 37 bytes:78433952301528,78433968968195,40223,0
04-28 02:36:57.465  1221  1477 I OriginChannel: now system_time:78434085	pwm_rgb: system_time:78433821, lux:13, time_delta:16, pwm_turbo:1, bri:1364, r:865, g:454, b:370, c:1774, algo:2, end:40222, ts:78433679551865	pwm_rgb: system_time:78433821, lux:13, time_delta:16, pwm_turbo:1, bri:1364, r:886, g:471, b:389, c:1780, algo:2, end:40222, ts:78433696217865	pwm_rgb: system_time:78433821, lux:13, time_delta:16, pwm_turbo:1, bri:1364, r:874, g:454, b:370, c:1771, algo:2, end:40222, ts:78433712883865	pwm_rgb: system_time:78433821, lux:13, time_delta:16, pwm_turbo:1, bri:1364, r:865, g:457, b:370, c:1762, algo:2, end:40222, ts:78433729549865	pwm_rgb: system_time:78433821, lux:13, time_delta:16, pwm_turbo:1, bri:1364, r:874, g:460, b:373, c:1771, algo:2, end:105758, ts:78433746215865	
04-28 02:36:57.527  2881  8871 D JsBridgeTimer: com.alarmclock.quick setIntervalCallback id:8
04-28 02:36:57.592  1212 23609 D CwbService: normal mode or switch to doze from power off/doze suspend mode, mPowerMode = 2
04-28 02:36:57.593  3163  3594 D OplusLinkBoostSceneManager: handleAppSceneChange empty
04-28 02:36:57.594  1265  1265 D SensorFeature: name=ssc_screenshot_info ,index = 22
04-28 02:36:57.595  1265  1265 D SensorFeature: write 37 bytes:78434196682452,78434213349119,40224,0
04-28 02:36:57.729  1221  1477 I OriginChannel: now system_time:78434349	pwm_rgb: system_time:78434085, lux:13, time_delta:16, pwm_turbo:1, bri:1364, r:865, g:457, b:373, c:1771, algo:2, end:40223, ts:78433927015972	pwm_rgb: system_time:78434086, lux:13, time_delta:16, pwm_turbo:1, bri:1364, r:874, g:460, b:370, c:1771, algo:2, end:40223, ts:78433943681972	pwm_rgb: system_time:78434086, lux:13, time_delta:16, pwm_turbo:1, bri:1364, r:886, g:471, b:392, c:1774, algo:2, end:40223, ts:78433960347972	pwm_rgb: system_time:78434086, lux:13, time_delta:16, pwm_turbo:1, bri:1364, r:862, g:457, b:370, c:1771, algo:2, end:40223, ts:78433977013972	pwm_rgb: system_time:78434086, lux:13, time_delta:16, pwm_turbo:1, bri:1364, r:871, g:457, b:373, c:1768, algo:2, end:105759, ts:78433993679972	
04-28 02:36:57.834  2021  2345 I OplusCpuLimitManager: OplusCpuHighLoad: request instant cpu load
04-28 02:36:57.835  2021  2345 E OsenseCommonUtils: write /dev/memcg/memory.force_shrink_file failed
04-28 02:36:57.835  2021  2345 E OsenseCommonUtils: java.io.IOException: write failed: EBUSY (Device or resource busy)
04-28 02:36:57.835  2021  2345 E OsenseCommonUtils: 	at libcore.io.IoBridge.write(IoBridge.java:651)
04-28 02:36:57.835  2021  2345 E OsenseCommonUtils: 	at java.io.FileOutputStream.write(FileOutputStream.java:436)
04-28 02:36:57.835  2021  2345 E OsenseCommonUtils: 	at sun.nio.cs.StreamEncoder.writeBytes(StreamEncoder.java:233)
04-28 02:36:57.835  2021  2345 E OsenseCommonUtils: 	at sun.nio.cs.StreamEncoder.implFlushBuffer(StreamEncoder.java:309)
04-28 02:36:57.835  2021  2345 E OsenseCommonUtils: 	at sun.nio.cs.StreamEncoder.implFlush(StreamEncoder.java:313)
04-28 02:36:57.835  2021  2345 E OsenseCommonUtils: 	at sun.nio.cs.StreamEncoder.flush(StreamEncoder.java:153)
04-28 02:36:57.835  2021  2345 E OsenseCommonUtils: 	at java.io.OutputStreamWriter.flush(OutputStreamWriter.java:248)
04-28 02:36:57.835  2021  2345 E OsenseCommonUtils: 	at com.android.server.oplus.osense.utils.OsenseCommonUtils.writeFile(OsenseCommonUtils.java:154)
04-28 02:36:57.835  2021  2345 E OsenseCommonUtils: 	at com.android.server.am.OplusOsenseCompressAction.doGlobalShrink(OplusOsenseCompressAction.java:1887)
04-28 02:36:57.835  2021  2345 E OsenseCommonUtils: 	at com.android.server.am.OplusOsenseCompressAction.-$$Nest$mdoGlobalShrink(Unknown Source:0)
04-28 02:36:57.835  2021  2345 E OsenseCommonUtils: 	at com.android.server.am.OplusOsenseCompressAction$CompressHandler.handleMessage(OplusOsenseCompressAction.java:1335)
04-28 02:36:57.835  2021  2345 E OsenseCommonUtils: 	at android.os.Handler.dispatchMessage(Handler.java:115)
04-28 02:36:57.835  2021  2345 E OsenseCommonUtils: 	at android.os.Looper.loopOnce(Looper.java:302)
04-28 02:36:57.835  2021  2345 E OsenseCommonUtils: 	at android.os.Looper.loop(Looper.java:412)
04-28 02:36:57.835  2021  2345 E OsenseCommonUtils: 	at android.os.HandlerThread.run(HandlerThread.java:85)
04-28 02:36:57.835  2021  2345 E OsenseCommonUtils: Caused by: android.system.ErrnoException: write failed: EBUSY (Device or resource busy)
04-28 02:36:57.835  2021  2345 E OsenseCommonUtils: 	at libcore.io.Linux.writeBytes(Native Method)
04-28 02:36:57.835  2021  2345 E OsenseCommonUtils: 	at libcore.io.Linux.write(Linux.java:338)
04-28 02:36:57.835  2021  2345 E OsenseCommonUtils: 	at libcore.io.ForwardingOs.write(ForwardingOs.java:954)
04-28 02:36:57.835  2021  2345 E OsenseCommonUtils: 	at libcore.io.BlockGuardOs.write(BlockGuardOs.java:448)
04-28 02:36:57.835  2021  2345 E OsenseCommonUtils: 	at libcore.io.IoBridge.write(IoBridge.java:646)
04-28 02:36:57.835  2021  2345 E OsenseCommonUtils: 	... 14 more
04-28 02:36:57.835  2021  2345 I OplusCpuLimitManager: OplusCpuHighLoad: release instant cpu load
04-28 02:36:57.837  1212 23609 D CwbService: normal mode or switch to doze from power off/doze suspend mode, mPowerMode = 2
04-28 02:36:57.838  1265  1265 D SensorFeature: name=ssc_screenshot_info ,index = 22
04-28 02:36:57.838  1265  1265 D SensorFeature: write 37 bytes:78434441151990,78434457818657,40225,0
04-28 02:36:57.994  1221  1477 I OriginChannel: now system_time:78434614	pwm_rgb: system_time:78434349, lux:13, time_delta:16, pwm_turbo:1, bri:1364, r:871, g:460, b:370, c:1765, algo:2, end:40224, ts:78434174418356	pwm_rgb: system_time:78434349, lux:13, time_delta:16, pwm_turbo:1, bri:1364, r:865, g:457, b:370, c:1768, algo:2, end:40224, ts:78434191084356	pwm_rgb: system_time:78434349, lux:13, time_delta:16, pwm_turbo:1, bri:1364, r:871, g:457, b:373, c:1774, algo:2, end:40224, ts:78434207750356	pwm_rgb: system_time:78434349, lux:13, time_delta:16, pwm_turbo:1, bri:1364, r:880, g:471, b:389, c:1780, algo:2, end:40224, ts:78434224416356	pwm_rgb: system_time:78434349, lux:13, time_delta:16, pwm_turbo:1, bri:1364, r:871, g:460, b:373, c:1771, algo:2, end:105760, ts:78434241082356	
04-28 02:36:57.995  2021  2373 D FusionLightNextGen: process end reported = 1, mode: 1, cnt: 154645, lux 0.0, cct -1.0, r/g/b/c: 868.0/460.0/373.0/1765.0, R/G/B: 101.0/101.0/98.0, bri 1364.0, match 0.70, ir 0.000000, conf 0.0, ts 78434488201832
04-28 02:36:58.080  1212 23609 D CwbService: normal mode or switch to doze from power off/doze suspend mode, mPowerMode = 2
04-28 02:36:58.081  1265  1265 D SensorFeature: name=ssc_screenshot_info ,index = 22
04-28 02:36:58.082  1265  1265 D SensorFeature: write 37 bytes:78434684651452,78434701318119,40226,0
04-28 02:36:58.240  3248  3741 D MtkRadioService: getRRCStatus
04-28 02:36:58.240  3248  3741 D RadioProxyJ[0]: [9491]> getRRCStatus
04-28 02:36:58.250  1492  1548 D MipcProxy: handleMessage msg is 4001, instance 0
04-28 02:36:58.251  1492  1548 D RadioProxy: getRRCStatus : response cb for instance 0
04-28 02:36:58.251  3248 25599 D RadioProxyJ[0]: [9491]< getRRCStatusResponse 0
04-28 02:36:58.252  3248  3741 D CoexRfService: report RRC state:false
04-28 02:36:58.257  1221  1477 I OriginChannel: now system_time:78434877	pwm_rgb: system_time:78434614, lux:13, time_delta:16, pwm_turbo:1, bri:1364, r:883, g:462, b:385, c:1783, algo:2, end:40225, ts:78434421537832	pwm_rgb: system_time:78434614, lux:13, time_delta:16, pwm_turbo:1, bri:1364, r:868, g:460, b:373, c:1765, algo:2, end:40225, ts:78434438203832	pwm_rgb: system_time:78434614, lux:13, time_delta:16, pwm_turbo:1, bri:1364, r:874, g:451, b:370, c:1768, algo:2, end:40225, ts:78434454869832	pwm_rgb: system_time:78434614, lux:13, time_delta:16, pwm_turbo:1, bri:1364, r:865, g:460, b:376, c:1768, algo:2, end:40225, ts:78434471535832	pwm_rgb: system_time:78434614, lux:13, time_delta:16, pwm_turbo:1, bri:1364, r:886, g:473, b:385, c:1780, algo:2, end:105761, ts:78434488201832	
04-28 02:36:58.325  1212 23609 D CwbService: normal mode or switch to doze from power off/doze suspend mode, mPowerMode = 2
04-28 02:36:58.327  1265  1265 D SensorFeature: name=ssc_screenshot_info ,index = 22
04-28 02:36:58.327  1265  1265 D SensorFeature: write 37 bytes:78434929310221,78434945976888,40227,0
04-28 02:36:58.500  2021  2377 D ActivityManager: freezing 7396 com.google.android.apps.messaging
04-28 02:36:58.521  1221  1477 I OriginChannel: now system_time:78435142	pwm_rgb: system_time:78434877, lux:13, time_delta:16, pwm_turbo:1, bri:1364, r:868, g:451, b:370, c:1768, algo:2, end:40226, ts:78434652618842	pwm_rgb: system_time:78434878, lux:13, time_delta:16, pwm_turbo:1, bri:1364, r:871, g:454, b:373, c:1774, algo:2, end:40226, ts:78434669284842	pwm_rgb: system_time:78434878, lux:13, time_delta:16, pwm_turbo:1, bri:1364, r:883, g:471, b:389, c:1777, algo:2, end:40226, ts:78434685950842	pwm_rgb: system_time:78434878, lux:13, time_delta:16, pwm_turbo:1, bri:1364, r:868, g:460, b:370, c:1774, algo:2, end:40226, ts:78434702616842	pwm_rgb: system_time:78434878, lux:13, time_delta:16, pwm_turbo:1, bri:1364, r:865, g:457, b:373, c:1768, algo:2, end:105762, ts:78434719282842	
04-28 02:36:58.528  2881  8871 W OPLUS_LOG_LOAD: ==LOGS PROG INFO, prog(com.android.launcher) ==
04-28 02:36:58.528  2881  8871 D JsBridgeTimer: com.alarmclock.quick setIntervalCallback id:8
04-28 02:36:58.569  1212 23609 D CwbService: normal mode or switch to doze from power off/doze suspend mode, mPowerMode = 2
04-28 02:36:58.571  1265  1265 D SensorFeature: name=ssc_screenshot_info ,index = 22
04-28 02:36:58.572  1265  1265 D SensorFeature: write 37 bytes:78435173956298,78435190622965,40228,0
04-28 02:36:58.717  2570  2570 D WifiHAL : WifiRequest::create vendor command to iface 40, vendor_id=0x1a11, subcmd=0x1200, res=0
04-28 02:36:58.721  2570  2570 I WifiHAL : LLS RSP: data=0xb400007d6b69f020, len=4716
04-28 02:36:58.721  2570  2570 I WifiHAL : LLS check_data_sanity: 1829: current_radio_stat->num_channels=27
04-28 02:36:58.721  2570  2570 I WifiHAL : LLS check_data_sanity: 1829: current_radio_stat->num_channels=24
04-28 02:36:58.721  2570  2570 I WifiHAL : LLS check_data_sanity: confirmed_size=4716, len=4716
04-28 02:36:58.737  3248  3248 D VendorWifiService: onEvent event:9,action:1
04-28 02:36:58.750  2021  2559 D ScorerUtils: isLowTraffic: txTputKBps=0, rxTputKBps=0
04-28 02:36:58.751  2021  2559 D OplusWifiPower_TriggerCenter: mComponentCallback: wifistat
04-28 02:36:58.764  1364  1364 I BufferQueueProducer: [StatusBar#88](this:0xb4000073f9af72f8,id:-1,api:0,p:-1,c:1364) queueBuffer: fps=0.17 dur=6035.14 max=6035.14 min=6035.14
04-28 02:36:58.769  1212 23609 I hwcomposer: [HWCDisplay] (0 updateFps():4512), (type:1, mode:2) fps:0.331334,dur:6036.21,max:5838.07,min:198.13  
04-28 02:36:58.785  1221  1477 I OriginChannel: now system_time:78435406	pwm_rgb: system_time:78435142, lux:13, time_delta:16, pwm_turbo:1, bri:1364, r:877, g:462, b:370, c:1774, algo:2, end:40227, ts:78434900082380	pwm_rgb: system_time:78435142, lux:13, time_delta:16, pwm_turbo:1, bri:1364, r:865, g:451, b:373, c:1771, algo:2, end:40227, ts:78434916748380	pwm_rgb: system_time:78435142, lux:13, time_delta:16, pwm_turbo:1, bri:1364, r:868, g:460, b:373, c:1768, algo:2, end:40227, ts:78434933414380	pwm_rgb: system_time:78435142, lux:13, time_delta:16, pwm_turbo:1, bri:1364, r:886, g:473, b:385, c:1786, algo:2, end:40227, ts:78434950080380	pwm_rgb: system_time:78435142, lux:13, time_delta:16, pwm_turbo:1, bri:1364, r:871, g:462, b:370, c:1774, algo:2, end:105763, ts:78434966746380	
04-28 02:36:58.814  1212 23609 D CwbService: normal mode or switch to doze from power off/doze suspend mode, mPowerMode = 2
04-28 02:36:58.815  1212 23609 I CwbService: Configure changed, reconfig histogram mode: 0.
04-28 02:36:58.816  1212 23609 D libcomposer_ext: DeviceImplAidl::DeviceClientContextAidl::ParseRequestPartialUpdateEnable()
04-28 02:36:58.869  1212 23609 I CwbService: WaitForLayerChange timeout,run mRefreshCb
04-28 02:36:58.892  5033  5383 I APS_ALOG: flushRoutine g_immediateFlush=0 g_pendingCount=0 g_oobCount=0
04-28 02:36:58.921  1212 23609 D libcomposer_ext: DeviceImplAidl::DeviceClientContextAidl::ParseRequestPartialUpdateEnable()
04-28 02:36:58.923  1212 23609 D CwbService: RGB value: 101, 101, 98, hist:40, 59, 214,  rgb_state: 0
04-28 02:36:58.924  1265  1265 D SensorFeature: name=ssc_screenshot_info ,index = 22
04-28 02:36:58.925  1265  1265 D SensorFeature: write 37 bytes:78435527620682,78435544287349,40229,0
04-28 02:36:58.931  2021  2383 V AlarmManager: sending alarm Alarm{a1102d3 type 3 origWhen 78435551 whenElapsed 78435551 android} uid 1000 whenElapsed 78435551 windowLength 0 maxWhenElapsed 78435551 repeatInterval 0 action null component null tag *job.delay* flags 0x0 procName system_server
04-28 02:36:58.934  2021  2383 V AlarmManager: sending alarm Alarm{a4cae10 type 3 origWhen 78435388 whenElapsed 78435388 com.oplus.metis} uid 10150 whenElapsed 78435388 windowLength 45000 maxWhenElapsed 78480388 repeatInterval 0 action com.oplus.action.PID_TIMER_CHECK component null flags 0x8 procName com.oplus.metis
04-28 02:36:58.956  2021  3328 W PackageManager: package com.puzzle.prankster.brain uid 10591 pid 31858 call SetEnabledSetting(com.puzzle.prankster.brain component = androidx.work.impl.background.systemalarm.RescheduleReceiver, 1, 0)
04-28 02:36:58.961  2021  2021 W JobScheduler: Job didn't exist in JobStore: #com.puzzle.prankster.brain/278974
04-28 02:36:58.965  5128  7061 D gaia-GaiaConnectChecker: start connect check++
04-28 02:36:59.051  1221  1477 I OriginChannel: now system_time:78435671	pwm_rgb: system_time:78435406, lux:13, time_delta:16, pwm_turbo:1, bri:1364, r:871, g:457, b:373, c:1768, algo:2, end:40228, ts:78435147515448	pwm_rgb: system_time:78435406, lux:13, time_delta:16, pwm_turbo:1, bri:1364, r:871, g:454, b:370, c:1771, algo:2, end:40228, ts:78435164181448	pwm_rgb: system_time:78435406, lux:13, time_delta:16, pwm_turbo:1, bri:1364, r:871, g:460, b:379, c:1771, algo:2, end:40228, ts:78435180847448	pwm_rgb: system_time:78435406, lux:13, time_delta:16, pwm_turbo:1, bri:1364, r:871, g:460, b:373, c:1783, algo:2, end:40228, ts:78435197513448	pwm_rgb: system_time:78435406, lux:13, time_delta:16, pwm_turbo:1, bri:1364, r:883, g:473, b:389, c:1777, algo:2, end:105764, ts:78435214179448	
04-28 02:36:59.128  1486  2220 E md_thermal: interval=40 temp: 34900 35100 34900 34800
04-28 02:36:59.167  1212 23609 D CwbService: normal mode or switch to doze from power off/doze suspend mode, mPowerMode = 2
04-28 02:36:59.168  1265  1265 D SensorFeature: name=ssc_screenshot_info ,index = 22
04-28 02:36:59.169  1265  1265 D SensorFeature: write 37 bytes:78435771881221,78435788547888,40230,0
04-28 02:36:59.172  3106  3535 D OplusCellularNetworkConfig: getDnsQueryPriority value=http://www.google.com/generate_204
04-28 02:36:59.173  3248  5329 D NetworkService[0]: getActiveNetworks networkList size:1
04-28 02:36:59.173  3248  5329 D SubsysThreadPool: execute task
04-28 02:36:59.181  3163  3594 D DnsDomainBlock: onDnsEvent: latencyMs=0, returnCode=11, uid=1000
04-28 02:36:59.229  2021  2383 V AlarmManager: sending alarm Alarm{f7edf27 type 1 origWhen 1777324019228 whenElapsed 78435849 android} uid 1000 whenElapsed 78435849 windowLength 0 maxWhenElapsed 78435849 repeatInterval 0 action null component null tag StorgaeBandInfoAlarmTag flags 0x9 procName system_server
04-28 02:36:59.231  2021  7188 E OplusStorageUFSBandwidth: storage_io_metrics_path is /proc/oplus_storage/io_metrics/forever/
04-28 02:36:59.236  2021  7188 E OplusStorageUFSBandwidth: Bandwidth - Read: 0.00 MB/s, Write: 1.00 MB/s
04-28 02:36:59.236  2021  7188 E OplusStorageUFSBandwidth: Task time: 5ms
04-28 02:36:59.237  2021  7188 E OplusStorageUFSBandwidth: Alarm set to trigger in 10 seconds
04-28 02:36:59.313  1221  1477 I OriginChannel: now system_time:78435934	pwm_rgb: system_time:78435671, lux:13, time_delta:16, pwm_turbo:1, bri:1364, r:868, g:460, b:370, c:1768, algo:2, end:40229, ts:78435494965770	pwm_rgb: system_time:78435671, lux:13, time_delta:16, pwm_turbo:1, bri:1364, r:874, g:460, b:370, c:1771, algo:2, end:40229, ts:78435511631770	pwm_rgb: system_time:78435671, lux:13, time_delta:16, pwm_turbo:1, bri:1364, r:871, g:451, b:376, c:1771, algo:2, end:40229, ts:78435528297770	pwm_rgb: system_time:78435671, lux:13, time_delta:16, pwm_turbo:1, bri:1364, r:886, g:479, b:385, c:1777, algo:2, end:40229, ts:78435544963770	pwm_rgb: system_time:78435671, lux:13, time_delta:16, pwm_turbo:1, bri:1364, r:865, g:454, b:376, c:1771, algo:2, end:105765, ts:78435561629770	
04-28 02:36:59.315  2021  2373 D FusionLightNextGen: process end reported = 1, mode: 1, cnt: 154650, lux 0.0, cct -1.0, r/g/b/c: 868.0/457.0/370.0/1771.0, R/G/B: 101.0/101.0/98.0, bri 1364.0, match 0.89, ir 0.000000, conf 0.0, ts 78435809041876
04-28 02:36:59.406  5128  5721 D gaia-GaiaConnectChecker: start connect check++
04-28 02:36:59.410  1212 23609 D CwbService: normal mode or switch to doze from power off/doze suspend mode, mPowerMode = 2
04-28 02:36:59.411  1265  1265 D SensorFeature: name=ssc_screenshot_info ,index = 22
04-28 02:36:59.412  1265  1265 D SensorFeature: write 37 bytes:78436014891067,78436031557734,40231,0
04-28 02:36:59.509  2021  2377 D ActivityManager: Freezer deadlock watchdog
04-28 02:36:59.511  2021  2377 D ActivityManager: Blocking file lock found: [27674, 31858]
04-28 02:36:59.511  2021  2377 D ActivityManager: Blocking file lock found: [27661, 31858]
04-28 02:36:59.511  2021  2377 D ActivityManager: Blocking file lock found: [27650, 31858]
04-28 02:36:59.512  2021  2377 D ActivityManager: Blocking file lock found: [31858, 27739, 27758, 27766, 27778, 27782]
04-28 02:36:59.512  2021  2377 D ActivityManager: Blocking file lock found: [27694, 31858]
04-28 02:36:59.513  2021  2377 D ActivityManager: Blocking file lock found: [27712, 31858]
04-28 02:36:59.529  2881  8871 D JsBridgeTimer: com.alarmclock.quick setIntervalCallback id:8
04-28 02:36:59.578  1221  1477 I OriginChannel: now system_time:78436198	pwm_rgb: system_time:78435934, lux:13, time_delta:16, pwm_turbo:1, bri:1364, r:880, g:473, b:389, c:1774, algo:2, end:40230, ts:78435742377876	pwm_rgb: system_time:78435934, lux:13, time_delta:16, pwm_turbo:1, bri:1364, r:865, g:457, b:373, c:1771, algo:2, end:40230, ts:78435759043876	pwm_rgb: system_time:78435934, lux:13, time_delta:16, pwm_turbo:1, bri:1364, r:868, g:457, b:370, c:1771, algo:2, end:40230, ts:78435775709876	pwm_rgb: system_time:78435934, lux:13, time_delta:16, pwm_turbo:1, bri:1364, r:877, g:460, b:379, c:1777, algo:2, end:40230, ts:78435792375876	pwm_rgb: system_time:78435934, lux:13, time_delta:16, pwm_turbo:1, bri:1364, r:889, g:471, b:385, c:1789, algo:2, end:105766, ts:78435809041876	
04-28 02:36:59.624  4096  4183 E horae   : 0: back:32437,back_1:32084,back_2:33210,frame:32775,frame_1:32694,frame_2:31986,front:33180,front_1:32737, 3, +(-60), 1 ,35363,34500,35075,35007,33200,32800,35248,34400,34909,34937,33200,32800,35222,34300,34945,34878,33150,32800,35122,34300,34860,34821,33150,32700, target_temp:33210, algo:0
04-28 02:36:59.627  6704 14253 D ShellSubscriberWorkerThread: the first 8 bytes empty, and RestData length > 8 
04-28 02:36:59.653  1212 23609 D CwbService: normal mode or switch to doze from power off/doze suspend mode, mPowerMode = 2
04-28 02:36:59.654  1265  1265 D SensorFeature: name=ssc_screenshot_info ,index = 22
04-28 02:36:59.655  1265  1265 D SensorFeature: write 37 bytes:78436257321836,78436273988503,40232,0
04-28 02:36:59.755  1241  1272 I libPerfCtl: xgfGetFPS pid:2690 fps:-1
04-28 02:36:59.760  1269  1327 I touch-main: [readTemper] read temperature 33210
04-28 02:36:59.842  1221  1477 I OriginChannel: now system_time:78436463	pwm_rgb: system_time:78436198, lux:13, time_delta:16, pwm_turbo:1, bri:1364, r:871, g:457, b:367, c:1774, algo:2, end:40231, ts:78435989810943	pwm_rgb: system_time:78436198, lux:13, time_delta:16, pwm_turbo:1, bri:1364, r:883, g:471, b:392, c:1783, algo:2, end:40231, ts:78436006476943	pwm_rgb: system_time:78436198, lux:13, time_delta:16, pwm_turbo:1, bri:1364, r:871, g:454, b:373, c:1768, algo:2, end:40231, ts:78436023142943	pwm_rgb: system_time:78436198, lux:13, time_delta:16, pwm_turbo:1, bri:1364, r:868, g:457, b:370, c:1768, algo:2, end:40231, ts:78436039808943	pwm_rgb: system_time:78436198, lux:13, time_delta:16, pwm_turbo:1, bri:1364, r:871, g:460, b:379, c:1771, algo:2, end:105767, ts:78436056474943	
04-28 02:36:59.869  1273  1354 D vendor.oplus.hardware.charger-V10-service: ret_value:127, read content:,327,331,4085,4085,-397,68,68,1,1,0,412,4968,68,1,4490,600,500,0,8,-22,8,0,1,0,2,0,0,0,1,60058,100,3563,3952,6005,0,0,0,0,0,28
04-28 02:36:59.870  1273  1354 D vendor.oplus.hardware.charger-V10-service: gmtime: 2026-04-28-02-36-59
04-28 02:36:59.870  1273  1354 D vendor.oplus.hardware.charger-V10-service: usb_online:1, ac_online:-2147483648, wireless_online:-2147483648
04-28 02:36:59.897  1212 23609 D CwbService: normal mode or switch to doze from power off/doze suspend mode, mPowerMode = 2
04-28 02:36:59.899  1265  1265 D SensorFeature: name=ssc_screenshot_info ,index = 22
04-28 02:36:59.899  1265  1265 D SensorFeature: write 37 bytes:78436501767990,78436518434657,40233,0
04-28 02:36:59.957  1578  2016 D ULogGuard: Monitoring: 15 threads, 0 requests, 0 time-bombs; 1 guards. ResetFlags = 0x7
04-28 02:37:00.001  2021  2383 V AlarmManager: sending alarm Alarm{5d1137d type 3 origWhen 78436621 whenElapsed 78436621 android} uid 1000 whenElapsed 78436621 windowLength 0 maxWhenElapsed 78436621 repeatInterval 0 action null component null tag TIME_TICK flags 0x9 procName system_server
04-28 02:37:00.003  2690  2690 I SystemUi--SystemUi--: Clock-->smallTime: 02:37
04-28 02:37:00.004  2690  2690 I SystemUi--SystemUi--: Clock-->smallTime: 02:37
04-28 02:37:00.005  2690  2690 I SystemUi--SystemUi--: Clock-->smallTime: 02:37
04-28 02:37:00.005  2690  2690 I SystemUi--SystemUi--: Clock-->smallTime: 02:37
04-28 02:37:00.009  3248  3248 D SubsysBroadcastManager: onReceive action:android.intent.action.TIME_TICK
04-28 02:37:00.010  2021  2176 D OplusDisplayBrightnessBroadcastReceiver: onReceive action = android.intent.action.TIME_TICK , listeners = [com.android.server.display.feature.ambience.events.event.TimeEvent$TimeChangeReceiver@8852a45, com.android.server.display.color.eyeprotect.manager.AiCurveManager$ComfortableRhythmBroadcastReceiver@8e1506f]
04-28 02:37:00.010  2021  2021 D LightsServiceExtImpl: currentTime is not belong to 700 - 2330
04-28 02:37:00.012  3163  3644 D AMC     : [TriggerSystem] handleLoopTick trigger:vowifihandover phoneId:0 voWifiHandoverCount:0
04-28 02:37:00.013  3163  3644 D AMC     : [TriggerSystem] handleLoopTick trigger:vowifihandover phoneId:1 voWifiHandoverCount:0
04-28 02:37:00.027  2690  2690 I SystemUi--Notification: SimpleQsClock-->textWidth:105.0, mPaddingEnd 18, dynamicWidth 144, systemFontScale 1.0
04-28 02:37:00.035  3684 24190 D PhoneUsageTime: lastChargeFullTime=1777323960027 LastChargeFullDurationTime=680314840
04-28 02:37:00.043  1364  1364 I BufferQueueProducer: [StatusBar#88](this:0xb4000073f9af72f8,id:-1,api:0,p:-1,c:1364) queueBuffer: fps=0.78 dur=1278.46 max=1278.46 min=1278.46
04-28 02:37:00.045  2021  2346 D osense.compress: com.instagram.android do shrink, target ratio = 69, final ratio = 90, cur ratio = 49
04-28 02:37:00.046  1212 23609 I hwcomposer: [HWCDisplay] (0 updateFps():4512), (type:1, mode:2) fps:1.566329,dur:1276.87,max:1155.52,min:121.35  
04-28 02:37:00.106  1221  1477 I OriginChannel: now system_time:78436726	pwm_rgb: system_time:78436463, lux:13, time_delta:16, pwm_turbo:1, bri:1364, r:871, g:457, b:373, c:1768, algo:2, end:40232, ts:78436237274236	pwm_rgb: system_time:78436463, lux:13, time_delta:16, pwm_turbo:1, bri:1364, r:868, g:457, b:373, c:1768, algo:2, end:40232, ts:78436253940236	pwm_rgb: system_time:78436463, lux:13, time_delta:16, pwm_turbo:1, bri:1364, r:886, g:468, b:385, c:1777, algo:2, end:40232, ts:78436270606236	pwm_rgb: system_time:78436463, lux:13, time_delta:16, pwm_turbo:1, bri:1364, r:868, g:457, b:373, c:1771, algo:2, end:40232, ts:78436287272236	pwm_rgb: system_time:78436463, lux:13, time_delta:16, pwm_turbo:1, bri:1364, r:877, g:460, b:373, c:1771, algo:2, end:105768, ts:78436303938236	
04-28 02:37:00.141  1212 23609 D CwbService: normal mode or switch to doze from power off/doze suspend mode, mPowerMode = 2
04-28 02:37:00.142  1212 23609 I CwbService: Configure changed, reconfig histogram mode: 0.
04-28 02:37:00.142  1212 23609 D libcomposer_ext: DeviceImplAidl::DeviceClientContextAidl::ParseRequestPartialUpdateEnable()
04-28 02:37:00.194  1212 23609 I CwbService: WaitForLayerChange timeout,run mRefreshCb
04-28 02:37:00.247  1212 23609 D libcomposer_ext: DeviceImplAidl::DeviceClientContextAidl::ParseRequestPartialUpdateEnable()
04-28 02:37:00.248  1212 23609 D CwbService: RGB value: 101, 101, 98, hist:40, 59, 214,  rgb_state: 0
04-28 02:37:00.249  1265  1265 D SensorFeature: name=ssc_screenshot_info ,index = 22
04-28 02:37:00.250  1265  1265 D SensorFeature: write 37 bytes:78436852552683,78436869219350,40234,0
04-28 02:37:00.371  1221  1477 I OriginChannel: now system_time:78436991	pwm_rgb: system_time:78436726, lux:13, time_delta:16, pwm_turbo:1, bri:1364, r:871, g:460, b:373, c:1768, algo:2, end:40233, ts:78436484738323	pwm_rgb: system_time:78436726, lux:13, time_delta:16, pwm_turbo:1, bri:1364, r:871, g:462, b:370, c:1774, algo:2, end:40233, ts:78436501404323	pwm_rgb: system_time:78436726, lux:13, time_delta:16, pwm_turbo:1, bri:1364, r:877, g:457, b:373, c:1777, algo:2, end:40233, ts:78436518070323	pwm_rgb: system_time:78436726, lux:13, time_delta:16, pwm_turbo:1, bri:1364, r:886, g:473, b:385, c:1786, algo:2, end:40233, ts:78436534736323	pwm_rgb: system_time:78436726, lux:13, time_delta:16, pwm_turbo:1, bri:1364, r:868, g:457, b:370, c:1771, algo:2, end:105769, ts:78436551402323	
04-28 02:37:00.493  1212 23609 D CwbService: normal mode or switch to doze from power off/doze suspend mode, mPowerMode = 2
04-28 02:37:00.494  1265  1265 D SensorFeature: name=ssc_screenshot_info ,index = 22
04-28 02:37:00.495  1265  1265 D SensorFeature: write 37 bytes:78437097230452,78437113897119,40235,0
04-28 02:37:00.531  2881  8871 D JsBridgeTimer: com.alarmclock.quick setIntervalCallback id:8
04-28 02:37:00.536  2881  2881 D bb3     : bb3, id: 10 findBestForComponent for view: yb3
04-28 02:37:00.536  2881  2881 W UxColorist: isGlobalForceInspiration key: 230282350 , forceTheme : false
04-28 02:37:00.536  2881  2881 D Component: isGlobalAllowed:false
04-28 02:37:00.536  2881  2881 D UxColorist: forceInspiration: false, mode: 0, coloristAttribute: att(c=rgba(255,255,255,1),bgC=,tC=,tBgC=,fT=true ,bgIM=) , cardview : 230282350
04-28 02:37:00.536  2881  2881 D UxColorist: generateNormalResult result: result(color=#FFFFFFFF,bgColor=#00000000})
04-28 02:37:00.537  2881  2881 D bb3     : bb3, id: 10 getColor color: -1 str:#FFFFFF
04-28 02:37:00.538  2881  2881 W ViewUtils: childView no Component
04-28 02:37:00.538  2881  2881 D LayoutHelper: CardView@0xdb9d46e scheduleMeasureLayout   8
04-28 02:37:00.539  2881  2881 D bb3     : bb3, id: 16 findBestForComponent for view: yb3
04-28 02:37:00.539  2881  2881 W UxColorist: isGlobalForceInspiration key: 230282350 , forceTheme : false
04-28 02:37:00.539  2881  2881 D Component: isGlobalAllowed:false
04-28 02:37:00.539  2881  2881 D UxColorist: forceInspiration: false, mode: 0, coloristAttribute: att(c=rgba(255,255,255,1),bgC=,tC=,tBgC=,fT=true ,bgIM=) , cardview : 230282350
04-28 02:37:00.539  2881  2881 D UxColorist: generateNormalResult result: result(color=#FFFFFFFF,bgColor=#00000000})
04-28 02:37:00.539  2881  2881 D bb3     : bb3, id: 16 getColor color: -1 str:#FFFFFF
04-28 02:37:00.540  2881  2881 D CardView: 0xdb9d46e apply render action end. complete refresh, true, false
04-28 02:37:00.547  2881  2881 W ViewUtils: childView no Component
04-28 02:37:00.547  2881  2881 W LayoutHelper: CardView@0xdb9d46e do measure layout inner
04-28 02:37:00.548  2881  2881 D CardView: 0xdb9d46e onMeasure: w(438, EXACTLY), h(438, EXACTLY)
04-28 02:37:00.580  3106  3106 D OplusTelephonyController: onSignalStrengthChanged: SignalStrength=SignalStrength:{mCdma=CellSignalStrengthCdma: cdmaDbm=2147483647 cdmaEcio=2147483647 evdoDbm=2147483647 evdoEcio=2147483647 evdoSnr=2147483647 level=0,mGsm=CellSignalStrengthGsm: rssi=2147483647 ber=2147483647 mTa=2147483647 mLevel=0,mWcdma=CellSignalStrengthWcdma: ss=2147483647 ber=2147483647 rscp=2147483647 ecno=2147483647 level=0,mTdscdma=CellSignalStrengthTdscdma: rssi=2147483647 ber=2147483647 rscp=2147483647 level=0,mLte=CellSignalStrengthLte: rssi=-73 rsrp=-79 rsrq=-7 rssnr=6 cqiTableIndex=2147483647 cqi=0 ta=0 level=4 parametersUseForLevel=0,mNr=CellSignalStrengthNr:{ csiRsrp = 2147483647 csiRsrq = 2147483647 csiCqiTableIndex = 2147483647 csiCqiReport = [] ssRsrp = 2147483647 ssRsrq = 2147483647 ssSinr = 2147483647 level = 0 parametersUseForLevel = 0 timingAdvance = 2147483647 },primary=CellSignalStrengthLte}
04-28 02:37:00.581  2690  2690 D Tile.OplusCellularTile: refreshState: tile not listening, ignore
04-28 02:37:00.585  2690  2864 I SystemUi--Statusbar: MobileConnectionRepositoryImpl-->subId:1 isSoftSimCard:false slotId:0
04-28 02:37:00.585  2021  3328 W IPCThreadState: Sending oneway calls to frozen process.
04-28 02:37:00.590  3248  3248 D SubsysEventListenerManager-SubsysTelephonyCallback[0]: onSignalStrengthsChanged
04-28 02:37:00.634  1221  1477 I OriginChannel: now system_time:78437254	pwm_rgb: system_time:78436991, lux:13, time_delta:16, pwm_turbo:1, bri:1364, r:871, g:460, b:370, c:1771, algo:2, end:40234, ts:78436832167093	pwm_rgb: system_time:78436992, lux:13, time_delta:16, pwm_turbo:1, bri:1364, r:871, g:451, b:373, c:1768, algo:2, end:40234, ts:78436848833093	pwm_rgb: system_time:78436992, lux:13, time_delta:16, pwm_turbo:1, bri:1364, r:880, g:473, b:385, c:1789, algo:2, end:40234, ts:78436865499093	pwm_rgb: system_time:78436992, lux:13, time_delta:16, pwm_turbo:1, bri:1364, r:880, g:460, b:376, c:1765, algo:2, end:40234, ts:78436882165093	pwm_rgb: system_time:78436992, lux:13, time_delta:16, pwm_turbo:1, bri:1364, r:868, g:454, b:364, c:1771, algo:2, end:105770, ts:78436898831093	
04-28 02:37:00.635  2021  2373 D FusionLightNextGen: process end reported = 1, mode: 1, cnt: 154655, lux 0.0, cct -1.0, r/g/b/c: 871.0/457.0/379.0/1771.0, R/G/B: 101.0/101.0/98.0, bri 1364.0, match 0.82, ir 0.000000, conf 0.0, ts 78437146264160
04-28 02:37:00.636  1594  1594 D AALLightSensor: oldLux=0 [SA:-1 LA:-1] newLux=0 (oriLux: 0)
04-28 02:37:00.736  1212 23609 D CwbService: normal mode or switch to doze from power off/doze suspend mode, mPowerMode = 2
04-28 02:37:00.737  1265  1265 D SensorFeature: name=ssc_screenshot_info ,index = 22
04-28 02:37:00.738  1265  1265 D SensorFeature: write 37 bytes:78437340661913,78437357328580,40236,0
04-28 02:37:00.756  1241  1272 I libPerfCtl: xgfGetFPS pid:2690 fps:-1
04-28 02:37:00.898  1221  1477 I OriginChannel: now system_time:78437518	pwm_rgb: system_time:78437254, lux:13, time_delta:16, pwm_turbo:1, bri:1364, r:868, g:457, b:376, c:1771, algo:2, end:40235, ts:78437079600160	pwm_rgb: system_time:78437255, lux:13, time_delta:16, pwm_turbo:1, bri:1364, r:871, g:457, b:379, c:1771, algo:2, end:40235, ts:78437096266160	pwm_rgb: system_time:78437255, lux:13, time_delta:16, pwm_turbo:1, bri:1364, r:874, g:462, b:367, c:1774, algo:2, end:40235, ts:78437112932160	pwm_rgb: system_time:78437255, lux:13, time_delta:16, pwm_turbo:1, bri:1364, r:880, g:471, b:389, c:1780, algo:2, end:40235, ts:78437129598160	pwm_rgb: system_time:78437255, lux:13, time_delta:16, pwm_turbo:1, bri:1364, r:874, g:460, b:373, c:1777, algo:2, end:105771, ts:78437146264160	
04-28 02:37:00.979  1212 23609 D CwbService: normal mode or switch to doze from power off/doze suspend mode, mPowerMode = 2
04-28 02:37:00.980  1265  1265 D SensorFeature: name=ssc_screenshot_info ,index = 22
04-28 02:37:00.981  1265  1265 D SensorFeature: write 37 bytes:78437583915683,78437600582350,40237,0
04-28 02:37:01.163  1221  1477 I OriginChannel: now system_time:78437783	pwm_rgb: system_time:78437518, lux:13, time_delta:16, pwm_turbo:1, bri:1364, r:865, g:462, b:376, c:1777, algo:2, end:40236, ts:78437310367516	pwm_rgb: system_time:78437519, lux:13, time_delta:16, pwm_turbo:1, bri:1364, r:886, g:465, b:389, c:1783, algo:2, end:40236, ts:78437327033516	pwm_rgb: system_time:78437519, lux:13, time_delta:16, pwm_turbo:1, bri:1364, r:877, g:457, b:370, c:1771, algo:2, end:40236, ts:78437343699516	pwm_rgb: system_time:78437519, lux:13, time_delta:16, pwm_turbo:1, bri:1364, r:868, g:457, b:373, c:1771, algo:2, end:40236, ts:78437360365516	pwm_rgb: system_time:78437519, lux:13, time_delta:16, pwm_turbo:1, bri:1364, r:877, g:457, b:373, c:1771, algo:2, end:105772, ts:78437377031516	
04-28 02:37:01.222  1212 23609 D CwbService: normal mode or switch to doze from power off/doze suspend mode, mPowerMode = 2
04-28 02:37:01.224  1265  1265 D SensorFeature: name=ssc_screenshot_info ,index = 22
04-28 02:37:01.224  1265  1265 D SensorFeature: write 37 bytes:78437826660606,78437843327273,40238,0
04-28 02:37:01.237  2021  2383 V AlarmManager: sending alarm Alarm{62efdca type 1 origWhen 1777324021236 whenElapsed 78437856 android} uid 1000 whenElapsed 78437856 windowLength 0 maxWhenElapsed 78437856 repeatInterval 0 action null component null tag StorgaeBandInfoAlarmTag flags 0x9 procName system_server
04-28 02:37:01.238  2021  7188 E OplusStorageUFSBandwidth: storage_io_metrics_path is /proc/oplus_storage/io_metrics/forever/
04-28 02:37:01.242  2021  7188 E OplusStorageUFSBandwidth: Bandwidth - Read: 0.00 MB/s, Write: 0.00 MB/s
04-28 02:37:01.243  2021  7188 E OplusStorageUFSBandwidth: Task time: 5ms
04-28 02:37:01.243  3248  3741 D MtkRadioService: getRRCStatus
04-28 02:37:01.243  3248  3741 D RadioProxyJ[0]: [9492]> getRRCStatus
04-28 02:37:01.244  2021  7188 E OplusStorageUFSBandwidth: Alarm set to trigger in 10 seconds
04-28 02:37:01.252  1492  1548 D MipcProxy: handleMessage msg is 4001, instance 0
04-28 02:37:01.253  1492  1548 D RadioProxy: getRRCStatus : response cb for instance 0
04-28 02:37:01.254  3248 25599 D RadioProxyJ[0]: [9492]< getRRCStatusResponse 0
